✔ render artifact inspection measures a supplied schema-1 artifact but returns no authority (2.550084ms)
✔ render artifact inspection retains captured expectation after nested caller mutation (0.962125ms)
✔ render artifact inspection denies a self-consistent but unapproved BMAD source tree (0.28625ms)
✔ render artifact inspection keeps the measured result independent of later byte mutation (0.232333ms)
✔ render artifact inspection rejects raw optional-layer drift even with equal resolved values (0.303167ms)
✔ render artifact inspection rejects a missing required layer or undeclared layer key (0.215792ms)
✔ render artifact inspection rejects source, renderer and output byte changes (0.412125ms)
✔ render artifact inspection rejects false schema, path and generation claims (3.182ms)
✔ render artifact inspection bounds layer bytes as well as manifest and output bytes (0.195459ms)
✔ render artifact inspection bounds metadata key counts before copying byte maps (4.939958ms)
✔ render artifact inspection matches Python Unicode and control-character generation hashing (0.375792ms)
✔ render artifact inspection rejects an undeclared source-authored snapshot target (0.235458ms)
✔ render artifact inspection refuses unsupported numeric resolved values (0.177ms)
✔ render artifact inspection rejects conflicting expected bytes for the one customize path (0.09175ms)
✔ render artifact inspection rejects accessors before reading manifest or any byte map (0.323292ms)
✔ render artifact inspection rejects a proxy byte map before triggering its traps (0.096417ms)
✔ render artifact inspection rejects unpaired surrogates in captured path identities (0.094958ms)
✔ render artifact inspection rejects a top-level resolved-values array with coherent generation identity (0.158209ms)
✔ render artifact inspection rejects object and list values for a source-authored config token (0.2815ms)
✔ render artifact inspection rejects a resolved key absent from installed source tokens (0.126958ms)
✔ render artifact inspection accepts official string-list and normalized review-layer value categories (0.797458ms)
✔ render artifact inspection rejects non-normalized review-layer table fields (0.138041ms)
✔ render artifact inspection binds a short config token to one resolved terminal key (0.130458ms)
✔ render artifact inspection denies ambiguous resolved keys for one short config token (0.120667ms)
✔ render artifact inspection remains separate from the two-tier BMAD adapter (155.717292ms)
✔ render definition validator applies the inspector limits to a host-independent definition (1.180333ms)
✔ render executor refuses a non-BMAD definition without reserving or spawning anything (238.710166ms)
✔ render executor runs the official uv argv once and returns the exact workflow render receipt (228.874292ms)
✔ render executor leaves an existing byte-identical generation untouched on a second render (243.150917ms)
✔ render executor never runs one operation twice (261.595208ms)
✔ render executor halts without a receipt on nonzero, unavailable, timed-out or unknown children (1487.38175ms)
✔ render executor halts when stdout does not name exactly the rendered workflow entry (2276.0295ms)
✔ render executor halts when the printed generation does not match its measured bytes (1691.233ms)
✔ render executor refuses drifted workspace inputs before reserving or spawning (1466.78ms)
✔ render executor binds the project root to the canonical workspace directory (218.546708ms)
✔ render executor requires the recorded uv bytes before spawning (224.525292ms)
✔ render executor refuses an inconsistent or unacceptable definition before spawning (244.177333ms)
✔ render executor validates attempt and operation identifiers before any effect (294.94875ms)
✔ render executor refuses unpinned files beside the renderer, skill and config before spawning (2081.175458ms)
✔ render executor refuses unpinned files that appear beside the renderer during the render (777.328334ms)
✔ render executor tells owned-operation lock contention apart from operation reuse (247.161291ms)
✔ render executor returns the log digest and a sanitized first line when a run halts (331.967292ms)
✔ render executor accepts a symlinked uv by hashing and running the resolved executable (218.963708ms)
✔ render executor requires a canonical owned-operation root before reserving a stage (302.146875ms)
✔ render executor removes bracketed and home paths and credential values from the halt line (321.101417ms)
✔ render executor detects a file added and removed beside the renderer during the render (1508.58325ms)
Task5 owned root {"root":"/private/var/folders/wr/3y_dzgm55m3fy0gtp5sznlnh0000gn/T/crew-task5-bridge-zftIg4","device":"16777231","inode":"220710615","uid":501}
Task5 owned cleanup {"root":"/private/var/folders/wr/3y_dzgm55m3fy0gtp5sznlnh0000gn/T/crew-task5-bridge-zftIg4","device":"16777231","inode":"220710615","uid":501,"deleted":true}
✔ sync persists partial report and retries same command only missing slot after reconnect/lost ACK (3135.858292ms)
Task5 owned root {"root":"/private/var/folders/wr/3y_dzgm55m3fy0gtp5sznlnh0000gn/T/crew-task5-bridge-5EMK2U","device":"16777231","inode":"220711874","uid":501}
Task5 owned cleanup {"root":"/private/var/folders/wr/3y_dzgm55m3fy0gtp5sznlnh0000gn/T/crew-task5-bridge-5EMK2U","device":"16777231","inode":"220711874","uid":501,"deleted":true}
✔ sync superseded command completes immutable failure and new command installs new revision (2882.882333ms)
Task5 owned root {"root":"/private/var/folders/wr/3y_dzgm55m3fy0gtp5sznlnh0000gn/T/crew-task5-bridge-Uc5WYD","device":"16777231","inode":"220712924","uid":501}
Task5 owned cleanup {"root":"/private/var/folders/wr/3y_dzgm55m3fy0gtp5sznlnh0000gn/T/crew-task5-bridge-Uc5WYD","device":"16777231","inode":"220712924","uid":501,"deleted":true}
✔ sync lost report/reopen preserves report key and retries only unavailable declared projection (2878.127375ms)
Task5 owned root {"root":"/private/var/folders/wr/3y_dzgm55m3fy0gtp5sznlnh0000gn/T/crew-task5-bridge-1MnAhJ","device":"16777231","inode":"220713979","uid":501}
Task5 owned cleanup {"root":"/private/var/folders/wr/3y_dzgm55m3fy0gtp5sznlnh0000gn/T/crew-task5-bridge-1MnAhJ","device":"16777231","inode":"220713979","uid":501,"deleted":true}
✔ sync verifies cached source bytes even when every desired projection is null (2573.093875ms)
Task5 owned root {"root":"/private/var/folders/wr/3y_dzgm55m3fy0gtp5sznlnh0000gn/T/crew-task5-bridge-i8A69P","device":"16777231","inode":"220714929","uid":501}
Task5 owned cleanup {"root":"/private/var/folders/wr/3y_dzgm55m3fy0gtp5sznlnh0000gn/T/crew-task5-bridge-i8A69P","device":"16777231","inode":"220714929","uid":501,"deleted":true}
✔ sync defers command ahead of desired snapshot, then applies after reopen without false supersession (2793.843833ms)
Task5 owned root {"root":"/private/var/folders/wr/3y_dzgm55m3fy0gtp5sznlnh0000gn/T/crew-task5-bridge-l2gOeR","device":"16777231","inode":"220715956","uid":501}
Task5 owned root {"root":"/private/var/folders/wr/3y_dzgm55m3fy0gtp5sznlnh0000gn/T/crew-task5-bridge-4kCQRy","device":"16777231","inode":"220716577","uid":501}
Task5 owned cleanup {"root":"/private/var/folders/wr/3y_dzgm55m3fy0gtp5sznlnh0000gn/T/crew-task5-bridge-4kCQRy","device":"16777231","inode":"220716577","uid":501,"deleted":true}
Task5 owned root {"root":"/private/var/folders/wr/3y_dzgm55m3fy0gtp5sznlnh0000gn/T/crew-task5-bridge-IKDaei","device":"16777231","inode":"220716661","uid":501}
Task5 owned cleanup {"root":"/private/var/folders/wr/3y_dzgm55m3fy0gtp5sznlnh0000gn/T/crew-task5-bridge-IKDaei","device":"16777231","inode":"220716661","uid":501,"deleted":true}
Task5 owned cleanup {"root":"/private/var/folders/wr/3y_dzgm55m3fy0gtp5sznlnh0000gn/T/crew-task5-bridge-l2gOeR","device":"16777231","inode":"220715956","uid":501,"deleted":true}
✔ sync carries the workflow definition on current projections only, and omits it when unavailable (2555.627ms)
✔ gateway definition adapter output matches the committed golden vector the server verifies (3086.127292ms)
Task5 owned root {"root":"/private/var/folders/wr/3y_dzgm55m3fy0gtp5sznlnh0000gn/T/crew-task5-bridge-VrC3ue","device":"16777231","inode":"220717606","uid":501}
Task5 owned cleanup {"root":"/private/var/folders/wr/3y_dzgm55m3fy0gtp5sznlnh0000gn/T/crew-task5-bridge-VrC3ue","device":"16777231","inode":"220717606","uid":501,"deleted":true}
✔ sync reports an integrity failure of the definition loader as an error slot, never silently current (2036.605833ms)
✔ workflow manifest binds Superpowers skills to official source and selected projection bytes (2970.980209ms)
✔ workflow manifest rejects a projected skill hash that differs from its pinned source (3088.197833ms)
✔ workflow manifest re-reads exact skill bytes instead of trusting manifest hash claims (3042.414708ms)
✔ workflow manifest rejects a projection bound to another source tree (3041.627ms)
✔ workflow manifest keeps one validated snapshot across a deferred registry resolve (2701.346542ms)
✔ workflow manifest rejects a FIFO skill drift within a bounded reader deadline (2300.257833ms)
ℹ fifo scratch root=/private/var/folders/wr/3y_dzgm55m3fy0gtp5sznlnh0000gn/T/crew-workflow-manifest-sHDiiM
ℹ mkfifo pid=71380 status=0 signal=none
ℹ fifo child pid=71381 pgid=71381 reaped=close code=0 signal=none timedOut=false
ℹ fifo child boundary=RESOLVED
✔ customization context binds the Superpowers digest to the projection tree, not key order (2757.410875ms)
✔ workflow definition resolves BMAD to a two-tier render expectation with seven measured layers (855.971542ms)
✔ workflow definition re-reads BMAD layer bytes instead of trusting manifest claims (338.320583ms)
✔ workflow definition digest changes when an optional BMAD layer appears with equal skill tokens (624.077542ms)
✔ workflow definition selects exactly the bmad-build markdown skills except SKILL.md (613.580916ms)
✔ workflow definition rejects a BMAD projection bound to another source tree (197.400333ms)
✔ workflow definition never spawns uv, the renderer or any child process (190.532792ms)
✔ workflow definition rejects a BMAD renderer script that is not a regular file with the stable code (188.887667ms)
✔ workflow definition refuses a BMAD selection the render artifact inspector would reject (1510.289ms)
ℹ tests 69
ℹ suites 0
ℹ pass 69
ℹ fail 0
ℹ cancelled 0
ℹ skipped 0
ℹ todo 0
ℹ duration_ms 24536.455791
# tests exit=0
# typecheck exit=0
