✔ execute-tree proves a forked child that exits before the leader and records the leader (1740.321416ms)
✔ execute-tree kills a child left alive when the leader exits and reports LIFETIME_UNKNOWN (30.516375ms)
✔ execute-tree reports LIFETIME_UNKNOWN for an observed member that leaves the session (4033.016542ms)
✔ execute-tree timeout kills the whole session and returns a proven-empty receipt (1036.411208ms)
✔ execute keeps installer semantics: fork stays UNKNOWN and no leader record is written (31.823541ms)
✔ a held operations guard yields EXECUTOR_BUSY before any process or stage write (19.370042ms)
✔ the leader record outside the stage is unaffected by a child that writes .leader in the stage (21.250958ms)
✔ execute-tree exits 36 without running anything when the leader record cannot be written (5.554417ms)
✔ a fork chain that outruns per-pid listing is still a survivor: UNKNOWN and nothing left running (2074.137375ms)
✔ a timeout with an escaped member is UNKNOWN, not a reclaimable timeout receipt (3089.600417ms)
✔ a grandchild that leaves the session soon after its fork is observed through member NOTE_FORK (5060.564375ms)
✔ a session above 256 members fails closed and kills members in other groups and escaped ones (2669.162083ms)
✔ an invalid operations guard is EXECUTOR_GUARD_INVALID, distinct from a busy guard (7.905375ms)
✔ a fork chain inside the leader group is caught by the kernel group check every time (109.865041ms)
✖ a learned process group that emptied is pruned and does not block PASS (2028.065542ms)
ℹ tests 15
ℹ suites 0
ℹ pass 14
ℹ fail 1
ℹ cancelled 0
ℹ skipped 0
ℹ todo 0
ℹ duration_ms 22203.6805

✖ failing tests:

test at test/workflow-operations-tree.test.ts:342:1
✖ a learned process group that emptied is pruned and does not block PASS (2028.065542ms)
  AssertionError [ERR_ASSERTION]: Expected values to be strictly equal:
  
  undefined !== 1
  
      at TestContext.<anonymous> (file:///Volumes/CORSAIR/Projects/my-crew-v2/v2/gateway/test/workflow-operations-tree.test.ts:354:10)
      at async Test.run (node:internal/test_runner/test:1409:7)
      at async Test.processPendingSubtests (node:internal/test_runner/test:974:7) {
    generatedMessage: true,
    code: 'ERR_ASSERTION',
    actual: undefined,
    expected: 1,
    operator: 'strictEqual',
    diff: 'simple'
  }
