✔ render artifact inspection measures a supplied schema-1 artifact but returns no authority (2.193833ms)
✔ render artifact inspection retains captured expectation after nested caller mutation (0.318833ms)
✔ render artifact inspection denies a self-consistent but unapproved BMAD source tree (0.664583ms)
✔ render artifact inspection keeps the measured result independent of later byte mutation (0.25475ms)
✔ render artifact inspection rejects raw optional-layer drift even with equal resolved values (0.301708ms)
✔ render artifact inspection rejects a missing required layer or undeclared layer key (0.20075ms)
✔ render artifact inspection rejects source, renderer and output byte changes (0.399375ms)
✔ render artifact inspection rejects false schema, path and generation claims (1.434792ms)
✔ render artifact inspection bounds layer bytes as well as manifest and output bytes (0.255916ms)
✔ render artifact inspection bounds metadata key counts before copying byte maps (4.081375ms)
✔ render artifact inspection matches Python Unicode and control-character generation hashing (0.221292ms)
✔ render artifact inspection rejects an undeclared source-authored snapshot target (0.153ms)
✔ render artifact inspection refuses unsupported numeric resolved values (0.138125ms)
✔ render artifact inspection rejects conflicting expected bytes for the one customize path (0.0855ms)
✔ render artifact inspection rejects accessors before reading manifest or any byte map (0.293709ms)
✔ render artifact inspection rejects a proxy byte map before triggering its traps (0.088375ms)
✔ render artifact inspection rejects unpaired surrogates in captured path identities (0.08675ms)
✔ render artifact inspection rejects a top-level resolved-values array with coherent generation identity (0.106916ms)
✔ render artifact inspection rejects object and list values for a source-authored config token (0.221667ms)
✔ render artifact inspection rejects a resolved key absent from installed source tokens (0.109583ms)
✔ render artifact inspection accepts official string-list and normalized review-layer value categories (0.2415ms)
✔ render artifact inspection rejects non-normalized review-layer table fields (0.978625ms)
✔ render artifact inspection binds a short config token to one resolved terminal key (0.497417ms)
✔ render artifact inspection denies ambiguous resolved keys for one short config token (0.230125ms)
✔ render artifact inspection remains separate from the two-tier BMAD adapter (120.619542ms)
Task5 owned root {"root":"/private/var/folders/wr/3y_dzgm55m3fy0gtp5sznlnh0000gn/T/crew-task5-bridge-JCqMvO","device":"16777231","inode":"220445020","uid":501}
Task5 owned cleanup {"root":"/private/var/folders/wr/3y_dzgm55m3fy0gtp5sznlnh0000gn/T/crew-task5-bridge-JCqMvO","device":"16777231","inode":"220445020","uid":501,"deleted":true}
✔ sync persists partial report and retries same command only missing slot after reconnect/lost ACK (2430.148667ms)
Task5 owned root {"root":"/private/var/folders/wr/3y_dzgm55m3fy0gtp5sznlnh0000gn/T/crew-task5-bridge-PhuBH3","device":"16777231","inode":"220445766","uid":501}
Task5 owned cleanup {"root":"/private/var/folders/wr/3y_dzgm55m3fy0gtp5sznlnh0000gn/T/crew-task5-bridge-PhuBH3","device":"16777231","inode":"220445766","uid":501,"deleted":true}
✔ sync superseded command completes immutable failure and new command installs new revision (2447.049167ms)
Task5 owned root {"root":"/private/var/folders/wr/3y_dzgm55m3fy0gtp5sznlnh0000gn/T/crew-task5-bridge-FEXmJg","device":"16777231","inode":"220446446","uid":501}
Task5 owned cleanup {"root":"/private/var/folders/wr/3y_dzgm55m3fy0gtp5sznlnh0000gn/T/crew-task5-bridge-FEXmJg","device":"16777231","inode":"220446446","uid":501,"deleted":true}
✔ sync lost report/reopen preserves report key and retries only unavailable declared projection (2431.178958ms)
Task5 owned root {"root":"/private/var/folders/wr/3y_dzgm55m3fy0gtp5sznlnh0000gn/T/crew-task5-bridge-jUFpFz","device":"16777231","inode":"220447150","uid":501}
Task5 owned cleanup {"root":"/private/var/folders/wr/3y_dzgm55m3fy0gtp5sznlnh0000gn/T/crew-task5-bridge-jUFpFz","device":"16777231","inode":"220447150","uid":501,"deleted":true}
✔ sync verifies cached source bytes even when every desired projection is null (2384.061875ms)
Task5 owned root {"root":"/private/var/folders/wr/3y_dzgm55m3fy0gtp5sznlnh0000gn/T/crew-task5-bridge-kkbAs6","device":"16777231","inode":"220447890","uid":501}
Task5 owned cleanup {"root":"/private/var/folders/wr/3y_dzgm55m3fy0gtp5sznlnh0000gn/T/crew-task5-bridge-kkbAs6","device":"16777231","inode":"220447890","uid":501,"deleted":true}
✔ sync defers command ahead of desired snapshot, then applies after reopen without false supersession (2147.205375ms)
Task5 owned root {"root":"/private/var/folders/wr/3y_dzgm55m3fy0gtp5sznlnh0000gn/T/crew-task5-bridge-OtVoOX","device":"16777231","inode":"220448516","uid":501}
Task5 owned root {"root":"/private/var/folders/wr/3y_dzgm55m3fy0gtp5sznlnh0000gn/T/crew-task5-bridge-691pN6","device":"16777231","inode":"220449076","uid":501}
Task5 owned cleanup {"root":"/private/var/folders/wr/3y_dzgm55m3fy0gtp5sznlnh0000gn/T/crew-task5-bridge-691pN6","device":"16777231","inode":"220449076","uid":501,"deleted":true}
Task5 owned root {"root":"/private/var/folders/wr/3y_dzgm55m3fy0gtp5sznlnh0000gn/T/crew-task5-bridge-5Ve9Ig","device":"16777231","inode":"220449158","uid":501}
Task5 owned cleanup {"root":"/private/var/folders/wr/3y_dzgm55m3fy0gtp5sznlnh0000gn/T/crew-task5-bridge-5Ve9Ig","device":"16777231","inode":"220449158","uid":501,"deleted":true}
Task5 owned cleanup {"root":"/private/var/folders/wr/3y_dzgm55m3fy0gtp5sznlnh0000gn/T/crew-task5-bridge-OtVoOX","device":"16777231","inode":"220448516","uid":501,"deleted":true}
✔ sync carries the workflow definition on current projections only, and omits it when unavailable (2572.407416ms)
✔ gateway definition adapter output matches the committed golden vector the server verifies (2607.059208ms)
Task5 owned root {"root":"/private/var/folders/wr/3y_dzgm55m3fy0gtp5sznlnh0000gn/T/crew-task5-bridge-kCDHt2","device":"16777231","inode":"220450017","uid":501}
Task5 owned cleanup {"root":"/private/var/folders/wr/3y_dzgm55m3fy0gtp5sznlnh0000gn/T/crew-task5-bridge-kCDHt2","device":"16777231","inode":"220450017","uid":501,"deleted":true}
✔ sync reports an integrity failure of the definition loader as an error slot, never silently current (1475.249292ms)
✔ workflow manifest binds Superpowers skills to official source and selected projection bytes (1923.324667ms)
✔ workflow manifest rejects a projected skill hash that differs from its pinned source (1732.305375ms)
✔ workflow manifest re-reads exact skill bytes instead of trusting manifest hash claims (1958.636333ms)
✔ workflow manifest rejects a projection bound to another source tree (1888.304709ms)
✔ workflow manifest keeps one validated snapshot across a deferred registry resolve (1800.803208ms)
✔ workflow manifest rejects a FIFO skill drift within a bounded reader deadline (1748.00675ms)
ℹ fifo scratch root=/private/var/folders/wr/3y_dzgm55m3fy0gtp5sznlnh0000gn/T/crew-workflow-manifest-sMVHDZ
ℹ mkfifo pid=14529 status=0 signal=none
ℹ fifo child pid=14530 pgid=14530 reaped=close code=0 signal=none timedOut=false
ℹ fifo child boundary=RESOLVED
✔ customization context binds the Superpowers digest to the projection tree, not key order (1707.049083ms)
✔ workflow definition resolves BMAD to a two-tier render expectation with seven measured layers (1151.670375ms)
✔ workflow definition re-reads BMAD layer bytes instead of trusting manifest claims (253.04725ms)
✔ workflow definition digest changes when an optional BMAD layer appears with equal skill tokens (681.498708ms)
✔ workflow definition selects exactly the bmad-build markdown skills except SKILL.md (1151.744208ms)
✔ workflow definition rejects a BMAD projection bound to another source tree (361.184917ms)
✔ workflow definition never spawns uv, the renderer or any child process (402.792417ms)
ℹ tests 46
ℹ suites 0
ℹ pass 46
ℹ fail 0
ℹ cancelled 0
ℹ skipped 0
ℹ todo 0
ℹ duration_ms 18597.819375
EXIT=0
