# RED 2026-10-04T09:57:53+0700 cwd=v2/gateway NODE_OPTIONS=--max-old-space-size=384
# telemetry {"at": "2026-10-04T02:57:53.114599+00:00", "pageSize": 16384, "pages": {"Pages free": 5582, "Pages inactive": 298034, "Pages speculative": 1907}, "availableBytes": 5005688832, "availableGiB": 4.662, "pressure": 1, "cpuIdlePercent": 84.39, "cpu": "4.77% user, 10.82% sys, 84.39% idle", "diskFreeBytes": 809494171648, "diskFreeGiB": 753.9, "heavyEligible": true}
# cmd: node --test test/workflow-manifest.test.ts test/render-artifacts.test.ts
✔ render artifact inspection measures a supplied schema-1 artifact but returns no authority (2.555125ms)
✔ render artifact inspection retains captured expectation after nested caller mutation (0.624875ms)
✔ render artifact inspection denies a self-consistent but unapproved BMAD source tree (0.698208ms)
✔ render artifact inspection keeps the measured result independent of later byte mutation (0.265834ms)
✔ render artifact inspection rejects raw optional-layer drift even with equal resolved values (0.4315ms)
✔ render artifact inspection rejects a missing required layer or undeclared layer key (0.5985ms)
✔ render artifact inspection rejects source, renderer and output byte changes (0.752708ms)
✔ render artifact inspection rejects false schema, path and generation claims (1.150417ms)
✔ render artifact inspection bounds layer bytes as well as manifest and output bytes (0.954292ms)
✔ render artifact inspection bounds metadata key counts before copying byte maps (4.499125ms)
✔ render artifact inspection matches Python Unicode and control-character generation hashing (0.28125ms)
✔ render artifact inspection rejects an undeclared source-authored snapshot target (0.170375ms)
✔ render artifact inspection refuses unsupported numeric resolved values (0.139291ms)
✔ render artifact inspection rejects conflicting expected bytes for the one customize path (0.085042ms)
✔ render artifact inspection rejects accessors before reading manifest or any byte map (0.286541ms)
✔ render artifact inspection rejects a proxy byte map before triggering its traps (0.13525ms)
✔ render artifact inspection rejects unpaired surrogates in captured path identities (0.12925ms)
✔ render artifact inspection rejects a top-level resolved-values array with coherent generation identity (0.169542ms)
✔ render artifact inspection rejects object and list values for a source-authored config token (0.27925ms)
✔ render artifact inspection rejects a resolved key absent from installed source tokens (0.172125ms)
✔ render artifact inspection accepts official string-list and normalized review-layer value categories (1.335041ms)
✔ render artifact inspection rejects non-normalized review-layer table fields (0.283209ms)
✔ render artifact inspection binds a short config token to one resolved terminal key (0.163125ms)
✔ render artifact inspection denies ambiguous resolved keys for one short config token (0.134291ms)
✖ render artifact inspection remains separate from the two-tier BMAD adapter (118.797916ms)
✖ workflow manifest binds Superpowers skills to official source and selected projection bytes (1468.647875ms)
✔ workflow manifest rejects a projected skill hash that differs from its pinned source (1405.033292ms)
✔ workflow manifest re-reads exact skill bytes instead of trusting manifest hash claims (1407.939542ms)
✔ workflow manifest rejects a projection bound to another source tree (1366.53125ms)
✔ workflow manifest keeps one validated snapshot across a deferred registry resolve (1366.896708ms)
✔ workflow manifest rejects a FIFO skill drift within a bounded reader deadline (1502.756375ms)
ℹ fifo scratch root=/private/var/folders/wr/3y_dzgm55m3fy0gtp5sznlnh0000gn/T/crew-workflow-manifest-K1R8BE
ℹ mkfifo pid=53667 status=0 signal=none
ℹ fifo child pid=53668 pgid=53668 reaped=close code=0 signal=none timedOut=false
ℹ fifo child boundary=RESOLVED
✖ customization context binds the Superpowers digest to the projection tree, not key order (1401.470041ms)
✖ workflow definition resolves BMAD to a two-tier render expectation with seven measured layers (189.037458ms)
✖ workflow definition re-reads BMAD layer bytes instead of trusting manifest claims (176.250583ms)
✖ workflow definition digest changes when an optional BMAD layer appears with equal skill tokens (180.797375ms)
✖ workflow definition selects exactly the bmad-build markdown skills except SKILL.md (189.389833ms)
✔ workflow definition rejects a BMAD projection bound to another source tree (182.987875ms)
✖ workflow definition never spawns uv, the renderer or any child process (183.319208ms)
ℹ tests 38
ℹ suites 0
ℹ pass 30
ℹ fail 8
ℹ cancelled 0
ℹ skipped 0
ℹ todo 0
ℹ duration_ms 11116.101334

✖ failing tests:

test at test/render-artifacts.test.ts:570:1
✖ render artifact inspection remains separate from the two-tier BMAD adapter (118.797916ms)
  Error: RENDER_ARTIFACT_REQUIRED
      at Object.loadDefinition (file:///Volumes/CORSAIR/Projects/my-crew-v2/v2/gateway/src/assistant/workflow-manifest.ts:71:47)
      at TestContext.<anonymous> (file:///Volumes/CORSAIR/Projects/my-crew-v2/v2/gateway/test/render-artifacts.test.ts:611:38)
      at async Test.run (node:internal/test_runner/test:1409:7)
      at async Test.processPendingSubtests (node:internal/test_runner/test:974:7)

test at test/workflow-manifest.test.ts:185:1
✖ workflow manifest binds Superpowers skills to official source and selected projection bytes (1468.647875ms)
  AssertionError [ERR_ASSERTION]: Expected values to be strictly deep-equal:
  + actual - expected
  
    [
  -   'customizationSha256',
      'sha256',
      'skills'
    ]
  
      at file:///Volumes/CORSAIR/Projects/my-crew-v2/v2/gateway/test/workflow-manifest.test.ts:195:12
      at async withOfficialSuperpowers (file:///Volumes/CORSAIR/Projects/my-crew-v2/v2/gateway/test/workflow-manifest.test.ts:71:5)
      at async TestContext.<anonymous> (file:///Volumes/CORSAIR/Projects/my-crew-v2/v2/gateway/test/workflow-manifest.test.ts:186:3)
      at async Test.run (node:internal/test_runner/test:1409:7)
      at async startSubtestAfterBootstrap (node:internal/test_runner/harness:387:3) {
    generatedMessage: true,
    code: 'ERR_ASSERTION',
    actual: [ 'sha256', 'skills' ],
    expected: [ 'customizationSha256', 'sha256', 'skills' ],
    operator: 'deepStrictEqual',
    diff: 'simple'
  }

test at test/workflow-manifest.test.ts:363:1
✖ customization context binds the Superpowers digest to the projection tree, not key order (1401.470041ms)
  Error: CUSTOMIZATION_CONTEXT_UNAVAILABLE
      at customizationContext (file:///Volumes/CORSAIR/Projects/my-crew-v2/v2/gateway/src/assistant/workflow-manifest.ts:38:9)
      at file:///Volumes/CORSAIR/Projects/my-crew-v2/v2/gateway/test/workflow-manifest.test.ts:365:22
      at withOfficialSuperpowers (file:///Volumes/CORSAIR/Projects/my-crew-v2/v2/gateway/test/workflow-manifest.test.ts:71:11)
      at async TestContext.<anonymous> (file:///Volumes/CORSAIR/Projects/my-crew-v2/v2/gateway/test/workflow-manifest.test.ts:364:3)
      at async Test.run (node:internal/test_runner/test:1409:7)
      at async Test.processPendingSubtests (node:internal/test_runner/test:974:7)

test at test/workflow-manifest.test.ts:389:1
✖ workflow definition resolves BMAD to a two-tier render expectation with seven measured layers (189.037458ms)
  Error: RENDER_ARTIFACT_REQUIRED
      at Object.loadDefinition (file:///Volumes/CORSAIR/Projects/my-crew-v2/v2/gateway/src/assistant/workflow-manifest.ts:71:47)
      at file:///Volumes/CORSAIR/Projects/my-crew-v2/v2/gateway/test/workflow-manifest.test.ts:393:65
      at withBmadProjection (file:///Volumes/CORSAIR/Projects/my-crew-v2/v2/gateway/test/workflow-manifest.test.ts:161:11)
      at async TestContext.<anonymous> (file:///Volumes/CORSAIR/Projects/my-crew-v2/v2/gateway/test/workflow-manifest.test.ts:390:3)
      at async Test.run (node:internal/test_runner/test:1409:7)
      at async Test.processPendingSubtests (node:internal/test_runner/test:974:7)

test at test/workflow-manifest.test.ts:471:1
✖ workflow definition re-reads BMAD layer bytes instead of trusting manifest claims (176.250583ms)
  AssertionError [ERR_ASSERTION]: The input did not match the regular expression /WORKFLOW_SKILL_MISMATCH/. Input:
  
  'Error: RENDER_ARTIFACT_REQUIRED'
  
      at async file:///Volumes/CORSAIR/Projects/my-crew-v2/v2/gateway/test/workflow-manifest.test.ts:476:7
      at async withBmadProjection (file:///Volumes/CORSAIR/Projects/my-crew-v2/v2/gateway/test/workflow-manifest.test.ts:161:5)
      at async TestContext.<anonymous> (file:///Volumes/CORSAIR/Projects/my-crew-v2/v2/gateway/test/workflow-manifest.test.ts:472:3)
      at async Test.run (node:internal/test_runner/test:1409:7)
      at async Test.processPendingSubtests (node:internal/test_runner/test:974:7) {
    generatedMessage: true,
    code: 'ERR_ASSERTION',
    actual: Error: RENDER_ARTIFACT_REQUIRED
        at Object.loadDefinition (file:///Volumes/CORSAIR/Projects/my-crew-v2/v2/gateway/src/assistant/workflow-manifest.ts:71:47)
        at file:///Volumes/CORSAIR/Projects/my-crew-v2/v2/gateway/test/workflow-manifest.test.ts:477:42
        at async withBmadProjection (file:///Volumes/CORSAIR/Projects/my-crew-v2/v2/gateway/test/workflow-manifest.test.ts:161:5)
        at async TestContext.<anonymous> (file:///Volumes/CORSAIR/Projects/my-crew-v2/v2/gateway/test/workflow-manifest.test.ts:472:3)
        at async Test.run (node:internal/test_runner/test:1409:7)
        at async Test.processPendingSubtests (node:internal/test_runner/test:974:7),
    expected: /WORKFLOW_SKILL_MISMATCH/,
    operator: 'rejects',
    diff: 'simple'
  }

test at test/workflow-manifest.test.ts:484:1
✖ workflow definition digest changes when an optional BMAD layer appears with equal skill tokens (180.797375ms)
  Error: RENDER_ARTIFACT_REQUIRED
      at Object.loadDefinition (file:///Volumes/CORSAIR/Projects/my-crew-v2/v2/gateway/src/assistant/workflow-manifest.ts:71:47)
      at file:///Volumes/CORSAIR/Projects/my-crew-v2/v2/gateway/test/workflow-manifest.test.ts:489:57
      at withBmadProjection (file:///Volumes/CORSAIR/Projects/my-crew-v2/v2/gateway/test/workflow-manifest.test.ts:161:11)
      at async TestContext.<anonymous> (file:///Volumes/CORSAIR/Projects/my-crew-v2/v2/gateway/test/workflow-manifest.test.ts:486:3)
      at async Test.run (node:internal/test_runner/test:1409:7)
      at async Test.processPendingSubtests (node:internal/test_runner/test:974:7)

test at test/workflow-manifest.test.ts:514:1
✖ workflow definition selects exactly the bmad-build markdown skills except SKILL.md (189.389833ms)
  Error: RENDER_ARTIFACT_REQUIRED
      at Object.loadDefinition (file:///Volumes/CORSAIR/Projects/my-crew-v2/v2/gateway/src/assistant/workflow-manifest.ts:71:47)
      at file:///Volumes/CORSAIR/Projects/my-crew-v2/v2/gateway/test/workflow-manifest.test.ts:518:65
      at withBmadProjection (file:///Volumes/CORSAIR/Projects/my-crew-v2/v2/gateway/test/workflow-manifest.test.ts:161:11)
      at async TestContext.<anonymous> (file:///Volumes/CORSAIR/Projects/my-crew-v2/v2/gateway/test/workflow-manifest.test.ts:515:3)
      at async Test.run (node:internal/test_runner/test:1409:7)
      at async Test.processPendingSubtests (node:internal/test_runner/test:974:7)

test at test/workflow-manifest.test.ts:560:1
✖ workflow definition never spawns uv, the renderer or any child process (183.319208ms)
  Error: RENDER_ARTIFACT_REQUIRED
      at Object.loadDefinition (file:///Volumes/CORSAIR/Projects/my-crew-v2/v2/gateway/src/assistant/workflow-manifest.ts:71:47)
      at file:///Volumes/CORSAIR/Projects/my-crew-v2/v2/gateway/test/workflow-manifest.test.ts:574:67
      at withBmadProjection (file:///Volumes/CORSAIR/Projects/my-crew-v2/v2/gateway/test/workflow-manifest.test.ts:161:11)
      at async TestContext.<anonymous> (file:///Volumes/CORSAIR/Projects/my-crew-v2/v2/gateway/test/workflow-manifest.test.ts:563:3)
      at async Test.run (node:internal/test_runner/test:1409:7)
      at async Test.processPendingSubtests (node:internal/test_runner/test:974:7)
# exit=1 child=53405 watchdog=53406 reaped
