✖ workflow definition rejects a BMAD renderer script that is not a regular file with the stable code (205.16425ms)
✖ workflow definition refuses a BMAD selection the render artifact inspector would reject (1401.645875ms)
ℹ tests 2
ℹ suites 0
ℹ pass 0
ℹ fail 2
ℹ cancelled 0
ℹ skipped 0
ℹ todo 0
ℹ duration_ms 1696.907334

✖ failing tests:

test at test/workflow-manifest.test.ts:592:1
✖ workflow definition rejects a BMAD renderer script that is not a regular file with the stable code (205.16425ms)
  AssertionError [ERR_ASSERTION]: The input did not match the regular expression /WORKFLOW_SKILL_MISMATCH/. Input:
  
  "Error: ELOOP: too many symbolic links encountered, open '/private/var/folders/wr/3y_dzgm55m3fy0gtp5sznlnh0000gn/T/crew-workflow-definition-xM3Gy1/projection/_bmad/scripts/config_utils.py'"
  
      at async file:///Volumes/CORSAIR/Projects/my-crew-v2/v2/gateway/test/workflow-manifest.test.ts:605:7
      at async withBmadProjection (file:///Volumes/CORSAIR/Projects/my-crew-v2/v2/gateway/test/workflow-manifest.test.ts:161:5)
      at async TestContext.<anonymous> (file:///Volumes/CORSAIR/Projects/my-crew-v2/v2/gateway/test/workflow-manifest.test.ts:593:3)
      at async Test.run (node:internal/test_runner/test:1409:7)
      at async startSubtestAfterBootstrap (node:internal/test_runner/harness:387:3) {
    generatedMessage: true,
    code: 'ERR_ASSERTION',
    actual: Error: ELOOP: too many symbolic links encountered, open '/private/var/folders/wr/3y_dzgm55m3fy0gtp5sznlnh0000gn/T/crew-workflow-definition-xM3Gy1/projection/_bmad/scripts/config_utils.py'
        at async open (node:internal/fs/promises:1345:25)
        at async readPinnedFile (file:///Volumes/CORSAIR/Projects/my-crew-v2/v2/gateway/src/assistant/workflow-manifest.ts:116:16)
        at async loadBmadDefinition (file:///Volumes/CORSAIR/Projects/my-crew-v2/v2/gateway/src/assistant/workflow-manifest.ts:201:55)
        at async waitForActual (node:assert:646:5)
        at async strict.rejects (node:assert:769:25)
        at async file:///Volumes/CORSAIR/Projects/my-crew-v2/v2/gateway/test/workflow-manifest.test.ts:605:7
        at async withBmadProjection (file:///Volumes/CORSAIR/Projects/my-crew-v2/v2/gateway/test/workflow-manifest.test.ts:161:5)
        at async TestContext.<anonymous> (file:///Volumes/CORSAIR/Projects/my-crew-v2/v2/gateway/test/workflow-manifest.test.ts:593:3)
        at async Test.run (node:internal/test_runner/test:1409:7)
        at async startSubtestAfterBootstrap (node:internal/test_runner/harness:387:3),
    expected: /WORKFLOW_SKILL_MISMATCH/,
    operator: 'rejects',
    diff: 'simple'
  }

test at test/workflow-manifest.test.ts:613:1
✖ workflow definition refuses a BMAD selection the render artifact inspector would reject (1401.645875ms)
  AssertionError [ERR_ASSERTION]: Missing expected rejection.
      at async file:///Volumes/CORSAIR/Projects/my-crew-v2/v2/gateway/test/workflow-manifest.test.ts:630:5
      at async withBmadProjection (file:///Volumes/CORSAIR/Projects/my-crew-v2/v2/gateway/test/workflow-manifest.test.ts:161:5)
      at async TestContext.<anonymous> (file:///Volumes/CORSAIR/Projects/my-crew-v2/v2/gateway/test/workflow-manifest.test.ts:629:3)
      at async Test.run (node:internal/test_runner/test:1409:7)
      at async Test.processPendingSubtests (node:internal/test_runner/test:974:7) {
    generatedMessage: false,
    code: 'ERR_ASSERTION',
    actual: undefined,
    expected: /RENDER_ARTIFACT_TOO_LARGE/,
    operator: 'rejects',
    diff: 'simple'
  }
