✔ B1 trust fixture creates A→B child with actual A audit and unchanged raw journal hash (248.451833ms)
✔ B1 generic A→B create remains 404 despite JSON-shaped forged capability (173.247167ms)
✔ B1 missing captured authority denies 503 even for machine bound to target project (172.693167ms)
✔ B1 owner cannot enter machine-only scoped creator (189.358584ms)
✔ B1 test-only allowlist rejects exact actor mismatch (178.390792ms)
✔ B1 test-only allowlist rejects exact operation mismatch (173.504834ms)
✔ B1 test-only allowlist rejects exact fence mismatch (166.073583ms)
✔ B1 test-only allowlist rejects exact hash mismatch (164.995875ms)
✔ B1 test-only allowlist rejects exact action mismatch (174.4745ms)
✔ B1 test-only allowlist rejects exact root mismatch (178.240625ms)
✔ B1 test-only allowlist rejects exact project mismatch (167.782666ms)
✔ B1 test-only allowlist rejects exact tx mismatch (183.080875ms)
✔ B1 authority called anew per Tx; prior successful proof is not a reusable capability (189.970125ms)
✔ B1 captures authority method at factory construction and does not follow later replacement (177.7005ms)
✔ B1 snapshots input before deferred verify and uses original identity throughout (172.790625ms)
✔ B1 snapshots actor before deferred verify and uses original identity throughout (173.33925ms)
✔ B1 snapshots proof before deferred verify and uses original identity throughout (186.097125ms)
✔ B1 root, parent and project prefix locks are held before authority verify (189.797584ms)
✔ B1 snapshots input, actor and proof synchronously before the first authority-prefix await (180.65675ms)
✔ B1 request target hashes exact submitted payload before defaults; omitted differs from null (181.095459ms)
✔ B1 scoped create inherits parent pin and preserves submitted hash (181.065958ms)
✔ B1 shared create invariant rejects parent-project (172.9425ms)
✔ B1 shared create invariant rejects parent-level (173.274291ms)
✔ B1 shared create invariant rejects missing-parent (180.817292ms)
✔ B1 shared create invariant rejects closed-root (184.276708ms)
✔ B1 shared create invariant rejects closed-parent (182.29825ms)
✔ B1 shared create invariant rejects pin (173.415958ms)
✔ B1 shared validation rejects missing-pin without writes (203.928542ms)
✔ B1 shared validation rejects bad-pin without writes (206.542208ms)
✔ B1 shared validation rejects empty-title without writes (198.302083ms)
✔ B1 shared validation rejects bad-level without writes (201.242167ms)
✔ B1 shared validation rejects bad-kind without writes (236.719667ms)
✔ B1 shared validation rejects bad-json without writes (226.635542ms)
✔ B1 shared validation rejects cycle without writes (245.843084ms)
✔ B1 shared validation rejects accessor without writes (223.997083ms)
✔ B1 shared validation rejects prototype without writes (215.541625ms)
✔ B1 shared validation rejects undefined without writes (218.697459ms)
✔ B1 deploy request and unapproved child never gain owner intent from scoped authority (220.088208ms)
✔ B1 deploy child requires exact persisted approval and rejects changed target (218.57ms)
✔ hierarchy rejects a task directly under a request and cross-project parent (121.821375ms)
✔ concurrent opposite edges cannot create a dependency cycle (115.57825ms)
✔ dependencies_ready refuses a step whose predecessor is unfinished (113.491875ms)
✔ closed request and completed step reject new descendants (106.568083ms)
✔ concurrent request completion and child creation cannot leave done root with pending child (117.928541ms)
✔ dependency graph rejects adding edge once target is ready or running (130.534208ms)
✔ machine cannot create deploy request or unapproved deploy descendant (117.3405ms)
✔ owner-created deploy request authorizes only itself; machine child needs exact action approval (133.095375ms)
✔ machine deploy child under ordinary root needs exact persisted owner approval (115.792541ms)
✔ deploy completion accepts owner-created request but requires approval for a child elsewhere (129.406459ms)
✔ hierarchy schema stores a request root and rejects self dependency (122.431292ms)
✔ machine cannot record an owner answer to unlock a repair limit (146.255375ms)
✔ docs links fail closed until a verified snapshot reader is supplied (92.721959ms)
✔ ticket criteria rejects inherited-key payloads before persistence (94.292208ms)
✔ comment during running is durable timeline data without changing execution status (102.499083ms)
✔ ticket route rejects unknown JSON fields before mutation (146.93525ms)
ℹ tests 55
ℹ suites 0
ℹ pass 55
ℹ fail 0
ℹ cancelled 0
ℹ skipped 0
ℹ todo 0
ℹ duration_ms 9797.940292
