✔ render artifact inspection measures a supplied schema-1 artifact but returns no authority (4.329333ms)
✔ render artifact inspection retains captured expectation after nested caller mutation (0.432125ms)
✔ render artifact inspection denies a self-consistent but unapproved BMAD source tree (0.29525ms)
✔ render artifact inspection keeps the measured result independent of later byte mutation (0.239666ms)
✔ render artifact inspection rejects raw optional-layer drift even with equal resolved values (0.31325ms)
✔ render artifact inspection rejects a missing required layer or undeclared layer key (0.2085ms)
✔ render artifact inspection rejects source, renderer and output byte changes (0.434333ms)
✔ render artifact inspection rejects false schema, path and generation claims (1.567875ms)
✔ render artifact inspection bounds layer bytes as well as manifest and output bytes (0.137333ms)
✔ render artifact inspection bounds metadata key counts before copying byte maps (5.475917ms)
✔ render artifact inspection matches Python Unicode and control-character generation hashing (0.264291ms)
✔ render artifact inspection rejects an undeclared source-authored snapshot target (0.160333ms)
✔ render artifact inspection refuses unsupported numeric resolved values (0.142125ms)
✔ render artifact inspection rejects conflicting expected bytes for the one customize path (0.087625ms)
✔ render artifact inspection rejects accessors before reading manifest or any byte map (0.291083ms)
✔ render artifact inspection rejects a proxy byte map before triggering its traps (0.094417ms)
✔ render artifact inspection rejects unpaired surrogates in captured path identities (0.084458ms)
✔ render artifact inspection rejects a top-level resolved-values array with coherent generation identity (0.116583ms)
✔ render artifact inspection rejects object and list values for a source-authored config token (0.238125ms)
✔ render artifact inspection rejects a resolved key absent from installed source tokens (0.109125ms)
✔ render artifact inspection accepts official string-list and normalized review-layer value categories (0.250459ms)
✔ render artifact inspection rejects non-normalized review-layer table fields (0.124875ms)
✔ render artifact inspection binds a short config token to one resolved terminal key (0.130833ms)
✔ render artifact inspection denies ambiguous resolved keys for one short config token (0.130292ms)
✔ render artifact inspection remains separate from the two-tier BMAD adapter (138.440666ms)
✔ render definition validator applies the inspector limits to a host-independent definition (1.214166ms)
✔ render executor refuses a non-BMAD definition without reserving or spawning anything (219.7245ms)
✔ render executor runs the official uv argv once and returns the exact workflow render receipt (205.930959ms)
✔ render executor leaves an existing byte-identical generation untouched on a second render (228.876166ms)
✔ render executor never runs one operation twice (266.612ms)
✔ render executor halts without a receipt on nonzero, unavailable, timed-out or unknown children (1282.229875ms)
✔ render executor halts when stdout does not name exactly the rendered workflow entry (2330.644042ms)
✔ render executor halts when the printed generation does not match its measured bytes (1642.477083ms)
✔ render executor refuses drifted workspace inputs before reserving or spawning (1264.822334ms)
✔ render executor binds the project root to the canonical workspace directory (277.925417ms)
✔ render executor requires the recorded uv bytes before spawning (246.413834ms)
✔ render executor refuses an inconsistent or unacceptable definition before spawning (247.944583ms)
✔ render executor validates attempt and operation identifiers before any effect (285.046458ms)
Task5 owned root {"root":"/private/var/folders/wr/3y_dzgm55m3fy0gtp5sznlnh0000gn/T/crew-task5-bridge-GpyQDY","device":"16777231","inode":"220688415","uid":501}
Task5 owned cleanup {"root":"/private/var/folders/wr/3y_dzgm55m3fy0gtp5sznlnh0000gn/T/crew-task5-bridge-GpyQDY","device":"16777231","inode":"220688415","uid":501,"deleted":true}
✔ sync persists partial report and retries same command only missing slot after reconnect/lost ACK (3425.61625ms)
Task5 owned root {"root":"/private/var/folders/wr/3y_dzgm55m3fy0gtp5sznlnh0000gn/T/crew-task5-bridge-rEsha1","device":"16777231","inode":"220689798","uid":501}
Task5 owned cleanup {"root":"/private/var/folders/wr/3y_dzgm55m3fy0gtp5sznlnh0000gn/T/crew-task5-bridge-rEsha1","device":"16777231","inode":"220689798","uid":501,"deleted":true}
✔ sync superseded command completes immutable failure and new command installs new revision (2867.363709ms)
Task5 owned root {"root":"/private/var/folders/wr/3y_dzgm55m3fy0gtp5sznlnh0000gn/T/crew-task5-bridge-Sa0tjT","device":"16777231","inode":"220690928","uid":501}
Task5 owned cleanup {"root":"/private/var/folders/wr/3y_dzgm55m3fy0gtp5sznlnh0000gn/T/crew-task5-bridge-Sa0tjT","device":"16777231","inode":"220690928","uid":501,"deleted":true}
✔ sync lost report/reopen preserves report key and retries only unavailable declared projection (2844.307375ms)
Task5 owned root {"root":"/private/var/folders/wr/3y_dzgm55m3fy0gtp5sznlnh0000gn/T/crew-task5-bridge-FwLWtg","device":"16777231","inode":"220691870","uid":501}
Task5 owned cleanup {"root":"/private/var/folders/wr/3y_dzgm55m3fy0gtp5sznlnh0000gn/T/crew-task5-bridge-FwLWtg","device":"16777231","inode":"220691870","uid":501,"deleted":true}
✔ sync verifies cached source bytes even when every desired projection is null (2154.694417ms)
Task5 owned root {"root":"/private/var/folders/wr/3y_dzgm55m3fy0gtp5sznlnh0000gn/T/crew-task5-bridge-S2TL1R","device":"16777231","inode":"220692465","uid":501}
Task5 owned cleanup {"root":"/private/var/folders/wr/3y_dzgm55m3fy0gtp5sznlnh0000gn/T/crew-task5-bridge-S2TL1R","device":"16777231","inode":"220692465","uid":501,"deleted":true}
✔ sync defers command ahead of desired snapshot, then applies after reopen without false supersession (2291.705458ms)
Task5 owned root {"root":"/private/var/folders/wr/3y_dzgm55m3fy0gtp5sznlnh0000gn/T/crew-task5-bridge-cWLk6f","device":"16777231","inode":"220693099","uid":501}
Task5 owned root {"root":"/private/var/folders/wr/3y_dzgm55m3fy0gtp5sznlnh0000gn/T/crew-task5-bridge-FzPNpH","device":"16777231","inode":"220693610","uid":501}
Task5 owned cleanup {"root":"/private/var/folders/wr/3y_dzgm55m3fy0gtp5sznlnh0000gn/T/crew-task5-bridge-FzPNpH","device":"16777231","inode":"220693610","uid":501,"deleted":true}
Task5 owned root {"root":"/private/var/folders/wr/3y_dzgm55m3fy0gtp5sznlnh0000gn/T/crew-task5-bridge-KdLoA1","device":"16777231","inode":"220693684","uid":501}
Task5 owned cleanup {"root":"/private/var/folders/wr/3y_dzgm55m3fy0gtp5sznlnh0000gn/T/crew-task5-bridge-KdLoA1","device":"16777231","inode":"220693684","uid":501,"deleted":true}
Task5 owned cleanup {"root":"/private/var/folders/wr/3y_dzgm55m3fy0gtp5sznlnh0000gn/T/crew-task5-bridge-cWLk6f","device":"16777231","inode":"220693099","uid":501,"deleted":true}
✔ sync carries the workflow definition on current projections only, and omits it when unavailable (2438.005292ms)
✔ gateway definition adapter output matches the committed golden vector the server verifies (2948.38475ms)
Task5 owned root {"root":"/private/var/folders/wr/3y_dzgm55m3fy0gtp5sznlnh0000gn/T/crew-task5-bridge-b83mMu","device":"16777231","inode":"220694601","uid":501}
Task5 owned cleanup {"root":"/private/var/folders/wr/3y_dzgm55m3fy0gtp5sznlnh0000gn/T/crew-task5-bridge-b83mMu","device":"16777231","inode":"220694601","uid":501,"deleted":true}
✔ sync reports an integrity failure of the definition loader as an error slot, never silently current (2058.346791ms)
✔ workflow manifest binds Superpowers skills to official source and selected projection bytes (2802.974208ms)
✔ workflow manifest rejects a projected skill hash that differs from its pinned source (3071.407166ms)
✔ workflow manifest re-reads exact skill bytes instead of trusting manifest hash claims (2858.510541ms)
✔ workflow manifest rejects a projection bound to another source tree (2041.518834ms)
✔ workflow manifest keeps one validated snapshot across a deferred registry resolve (1758.18875ms)
✔ workflow manifest rejects a FIFO skill drift within a bounded reader deadline (2100.463375ms)
ℹ fifo scratch root=/private/var/folders/wr/3y_dzgm55m3fy0gtp5sznlnh0000gn/T/crew-workflow-manifest-QMUJjL
ℹ mkfifo pid=43768 status=0 signal=none
ℹ fifo child pid=43769 pgid=43769 reaped=close code=0 signal=none timedOut=false
ℹ fifo child boundary=RESOLVED
✔ customization context binds the Superpowers digest to the projection tree, not key order (2535.596917ms)
✔ workflow definition resolves BMAD to a two-tier render expectation with seven measured layers (1541.546625ms)
✔ workflow definition re-reads BMAD layer bytes instead of trusting manifest claims (285.825625ms)
✔ workflow definition digest changes when an optional BMAD layer appears with equal skill tokens (442.362208ms)
✔ workflow definition selects exactly the bmad-build markdown skills except SKILL.md (718.8735ms)
✔ workflow definition rejects a BMAD projection bound to another source tree (291.301083ms)
✔ workflow definition never spawns uv, the renderer or any child process (327.860083ms)
✔ workflow definition rejects a BMAD renderer script that is not a regular file with the stable code (247.85475ms)
✔ workflow definition refuses a BMAD selection the render artifact inspector would reject (1594.654083ms)
ℹ tests 61
ℹ suites 0
ℹ pass 61
ℹ fail 0
ℹ cancelled 0
ℹ skipped 0
ℹ todo 0
ℹ duration_ms 22734.633792
# tests exit=0
# typecheck exit=0
# build exit=0
