✔ B2a decision scoped A→B verifies exact authority and preserves actual audit/journal (261.899583ms)
✔ B2a decision rejects missing authority and atomically preserves state (183.605833ms)
✔ B2a decision rejects owner authority and atomically preserves state (184.873375ms)
✔ B2a decision rejects actor authority and atomically preserves state (221.156125ms)
✔ B2a decision rejects operation authority and atomically preserves state (210.528875ms)
✔ B2a decision rejects action authority and atomically preserves state (208.152958ms)
✔ B2a decision rejects hash authority and atomically preserves state (213.232542ms)
✔ B2a decision rejects root authority and atomically preserves state (237.074375ms)
✔ B2a decision rejects project authority and atomically preserves state (191.786333ms)
✔ B2a decision rejects tx authority and atomically preserves state (190.99825ms)
✔ B2a decision prefix locks root, canonical sorted tickets and project before verify (222.066708ms)
✔ B2a decision snapshots input actor proof before first await and during deferred verify (182.793916ms)
✔ B2a decision captures factory authority and denies cross-Tx token reuse (172.691917ms)
✔ B2a decision uppercase identities retain exact submitted hash and reject lowercase replay (182.145375ms)
✔ B2a dependency scoped A→B verifies exact authority and preserves actual audit/journal (195.999292ms)
✔ B2a dependency rejects missing authority and atomically preserves state (184.746791ms)
✔ B2a dependency rejects owner authority and atomically preserves state (203.087125ms)
✔ B2a dependency rejects actor authority and atomically preserves state (201.986292ms)
✔ B2a dependency rejects operation authority and atomically preserves state (202.904666ms)
✔ B2a dependency rejects action authority and atomically preserves state (179.383292ms)
✔ B2a dependency rejects hash authority and atomically preserves state (174.240083ms)
✔ B2a dependency rejects root authority and atomically preserves state (187.416834ms)
✔ B2a dependency rejects project authority and atomically preserves state (194.576125ms)
✔ B2a dependency rejects tx authority and atomically preserves state (206.459166ms)
✔ B2a dependency prefix locks root, canonical sorted tickets and project before verify (218.948875ms)
✔ B2a dependency snapshots input actor proof before first await and during deferred verify (196.070334ms)
✔ B2a dependency captures factory authority and denies cross-Tx token reuse (191.431708ms)
✔ B2a dependency uppercase identities retain exact submitted hash and reject lowercase replay (185.58675ms)
✔ B2a real machine-authenticated generic decision/dependency routes keep A→B ACL (319.003ms)
✔ B2a dependency preserves revision invariant (170.231125ms)
✔ B2a dependency preserves self invariant (169.40525ms)
✔ B2a dependency preserves cross-root invariant (171.612667ms)
✔ B2a dependency preserves duplicate invariant (172.355167ms)
✔ B2a dependency preserves cycle invariant (196.663625ms)
✔ B2a dependency preserves closed invariant (188.794959ms)
✔ B2a dependency preserves ready invariant (164.477709ms)
✔ B2a dependency preserves running invariant (188.225791ms)
✔ B2a dependency preserves missing invariant (178.595125ms)
✔ B2a concurrent opposite dependency requests cannot commit a cycle (189.307375ms)
✔ B2a decision preserves owner-answer invariant (192.599416ms)
✔ B2a decision preserves owner-approval invariant (172.253958ms)
✔ B2a decision preserves empty-content invariant (170.953459ms)
✔ B2a decision preserves long-content invariant (163.507916ms)
✔ B2a decision preserves empty-rationale invariant (167.392541ms)
✔ B2a decision preserves long-rationale invariant (183.793458ms)
✔ B2a decision preserves too-many-sources invariant (177.078042ms)
✔ B2a decision preserves unsafe-scope invariant (168.416375ms)
✔ B2a decision preserves cross-root-source invariant (184.973708ms)
✔ B2a decision preserves bad-locator invariant (177.163958ms)
✔ B2a decision preserves missing-docs-reader invariant (184.778416ms)
✔ B2a decision supports actual same-root ticket owner decision and reported artifact sources (182.368375ms)
✔ B2a docs source validation completes before verify and is not repeated after verification (203.674917ms)
✔ B2a decision rejects array getter before user code or authority (170.033625ms)
✔ B2a decision rejects array iterator before user code or authority (178.125792ms)
✔ B2a decision rejects array prototype before user code or authority (165.538625ms)
✔ B2b-i real machine-authenticated generic signal route keeps A→B ACL (267.10075ms)
✔ B2b-i signal without orchestration authority is unavailable and preserves revision (169.656916ms)
✔ B2b-i signal rejects owner authority and atomically preserves state (170.771083ms)
✔ B2b-i signal rejects actor authority and atomically preserves state (167.21325ms)
✔ B2b-i signal rejects operation authority and atomically preserves state (168.879875ms)
✔ B2b-i signal rejects action authority and atomically preserves state (209.808916ms)
✔ B2b-i signal rejects hash authority and atomically preserves state (177.279875ms)
✔ B2b-i signal rejects root authority and atomically preserves state (181.069709ms)
✔ B2b-i signal rejects project authority and atomically preserves state (173.993083ms)
✔ B2b-i signal rejects tx authority and atomically preserves state (208.404083ms)
✔ B2b-i dependencies_ready requires done predecessors, then readies with exact audit and event (218.574125ms)
✔ B2b-i wait_owner on pending moves to needs_input for owner input (201.29125ms)
✔ B2b-i wait_owner on ready moves to needs_input for owner input (165.687541ms)
✔ B2b-i wait_owner on running ticket fails closed without synthetic owner command (170.405166ms)
✔ B2b-i signal stale revision conflicts and preserves state (181.798042ms)
✔ B2b-i scoped signal rejects resume as invalid input (175.968708ms)
✔ B2b-i scoped signal rejects start as invalid input (172.454667ms)
✔ B2b-i scoped signal rejects passed as invalid input (182.353583ms)
✔ B2b-i scoped wait_owner on repair-limit ticket never consumes owner continuation (173.542042ms)
✔ B2b-i scoped signal and dependency edge serialize on the root before verify (415.188375ms)
✔ B1 trust fixture creates A→B child with actual A audit and unchanged raw journal hash (194.172375ms)
✔ B1 generic A→B create remains 404 despite JSON-shaped forged capability (168.846166ms)
✔ B1 missing captured authority denies 503 even for machine bound to target project (172.78275ms)
✔ B1 owner cannot enter machine-only scoped creator (168.95475ms)
✔ B1 test-only allowlist rejects exact actor mismatch (165.174167ms)
✔ B1 test-only allowlist rejects exact operation mismatch (167.997042ms)
✔ B1 test-only allowlist rejects exact fence mismatch (219.632292ms)
✔ B1 test-only allowlist rejects exact hash mismatch (172.467125ms)
✔ B1 test-only allowlist rejects exact action mismatch (161.406416ms)
✔ B1 test-only allowlist rejects exact root mismatch (174.945083ms)
✔ B1 test-only allowlist rejects exact project mismatch (178.689875ms)
✔ B1 test-only allowlist rejects exact tx mismatch (173.345125ms)
✔ B1 authority called anew per Tx; prior successful proof is not a reusable capability (176.078333ms)
✔ B1 captures authority method at factory construction and does not follow later replacement (171.712792ms)
✔ B1 snapshots input before deferred verify and uses original identity throughout (186.294542ms)
✔ B1 snapshots actor before deferred verify and uses original identity throughout (166.335792ms)
✔ B1 snapshots proof before deferred verify and uses original identity throughout (170.437375ms)
✔ B1 root, parent and project prefix locks are held before authority verify (186.958875ms)
✔ B1 snapshots input, actor and proof synchronously before the first authority-prefix await (181.907792ms)
✔ B1 request target hashes exact submitted payload before defaults; omitted differs from null (187.459ms)
✔ B1 scoped create inherits parent pin and preserves submitted hash (173.826458ms)
✔ B1 shared create invariant rejects parent-project (170.089833ms)
✔ B1 shared create invariant rejects parent-level (175.013958ms)
✔ B1 shared create invariant rejects missing-parent (175.305583ms)
✔ B1 shared create invariant rejects closed-root (174.357667ms)
✔ B1 shared create invariant rejects closed-parent (157.313083ms)
✔ B1 shared create invariant rejects pin (168.196708ms)
✔ B1 shared validation rejects missing-pin without writes (185.373417ms)
✔ B1 shared validation rejects bad-pin without writes (166.487792ms)
✔ B1 shared validation rejects empty-title without writes (172.3155ms)
✔ B1 shared validation rejects bad-level without writes (161.325958ms)
✔ B1 shared validation rejects bad-kind without writes (181.66125ms)
✔ B1 shared validation rejects bad-json without writes (178.0175ms)
✔ B1 shared validation rejects cycle without writes (188.085417ms)
✔ B1 shared validation rejects accessor without writes (157.829333ms)
✔ B1 shared validation rejects prototype without writes (163.932958ms)
✔ B1 shared validation rejects undefined without writes (175.032292ms)
✔ B1 deploy request and unapproved child never gain owner intent from scoped authority (166.758458ms)
✔ B1 deploy child requires exact persisted approval and rejects changed target (177.453833ms)
✔ B1 FIX1 uppercase project identity creates step under exact submitted hash (168.9405ms)
✔ B1 FIX1 lowercase hash allowance cannot authorize uppercase step payload (174.09325ms)
✔ B1 FIX1 uppercase project identity creates task under exact submitted hash (177.05825ms)
✔ B1 FIX1 lowercase hash allowance cannot authorize uppercase task payload (173.49825ms)
✔ B1 FIX1 array index-getter is rejected without executing user code or changing identity (166.286667ms)
✔ B1 FIX1 array custom-iterator is rejected without executing user code or changing identity (175.801042ms)
✔ B1 FIX1 array custom-prototype is rejected without executing user code or changing identity (174.422542ms)
✔ B1 FIX1 ordinary nested JSON arrays remain supported with their exact submitted hash (177.024375ms)
✔ hierarchy rejects a task directly under a request and cross-project parent (104.868458ms)
✔ concurrent opposite edges cannot create a dependency cycle (89.1375ms)
✔ dependencies_ready refuses a step whose predecessor is unfinished (85.521833ms)
✔ closed request and completed step reject new descendants (85.088375ms)
✔ concurrent request completion and child creation cannot leave done root with pending child (89.937375ms)
✔ dependency graph rejects adding edge once target is ready or running (86.965958ms)
✔ machine cannot create deploy request or unapproved deploy descendant (98.594ms)
✔ owner-created deploy request authorizes only itself; machine child needs exact action approval (104.415542ms)
✔ machine deploy child under ordinary root needs exact persisted owner approval (89.797166ms)
✔ deploy completion accepts owner-created request but requires approval for a child elsewhere (98.818917ms)
✔ hierarchy schema stores a request root and rejects self dependency (81.624416ms)
✔ machine cannot record an owner answer to unlock a repair limit (99.887042ms)
✔ docs links fail closed until a verified snapshot reader is supplied (88.7115ms)
✔ ticket criteria rejects inherited-key payloads before persistence (78.774833ms)
✔ comment during running is durable timeline data without changing execution status (83.118833ms)
✔ ticket route rejects unknown JSON fields before mutation (127.262375ms)
ℹ tests 138
ℹ suites 0
ℹ pass 138
ℹ fail 0
ℹ cancelled 0
ℹ skipped 0
ℹ todo 0
ℹ duration_ms 24760.953583
exit=0
