✔ B1 trust fixture creates A→B child with actual A audit and unchanged raw journal hash (307.080375ms)
✔ B1 generic A→B create remains 404 despite JSON-shaped forged capability (195.190458ms)
✔ B1 missing captured authority denies 503 even for machine bound to target project (191.315958ms)
✔ B1 owner cannot enter machine-only scoped creator (202.150917ms)
✔ B1 test-only allowlist rejects exact actor mismatch (185.839583ms)
✔ B1 test-only allowlist rejects exact operation mismatch (178.956541ms)
✔ B1 test-only allowlist rejects exact fence mismatch (170.420542ms)
✔ B1 test-only allowlist rejects exact hash mismatch (168.271459ms)
✔ B1 test-only allowlist rejects exact action mismatch (183.865625ms)
✔ B1 test-only allowlist rejects exact root mismatch (184.418459ms)
✔ B1 test-only allowlist rejects exact project mismatch (175.241875ms)
✔ B1 test-only allowlist rejects exact tx mismatch (173.284083ms)
✔ B1 authority called anew per Tx; prior successful proof is not a reusable capability (198.127542ms)
✔ B1 captures authority method at factory construction and does not follow later replacement (194.161334ms)
✔ B1 snapshots input before deferred verify and uses original identity throughout (177.068291ms)
✔ B1 snapshots actor before deferred verify and uses original identity throughout (178.230875ms)
✔ B1 snapshots proof before deferred verify and uses original identity throughout (174.816292ms)
✔ B1 root, parent and project prefix locks are held before authority verify (188.368792ms)
✔ B1 snapshots input, actor and proof synchronously before the first authority-prefix await (172.206125ms)
✔ B1 request target hashes exact submitted payload before defaults; omitted differs from null (177.658417ms)
✔ B1 scoped create inherits parent pin and preserves submitted hash (171.395833ms)
✔ B1 shared create invariant rejects parent-project (174.260083ms)
✔ B1 shared create invariant rejects parent-level (166.829084ms)
✔ B1 shared create invariant rejects missing-parent (180.155ms)
✔ B1 shared create invariant rejects closed-root (178.532916ms)
✔ B1 shared create invariant rejects closed-parent (180.359583ms)
✔ B1 shared create invariant rejects pin (171.042375ms)
✔ B1 shared validation rejects missing-pin without writes (176.313583ms)
✔ B1 shared validation rejects bad-pin without writes (177.483667ms)
✔ B1 shared validation rejects empty-title without writes (173.412917ms)
✔ B1 shared validation rejects bad-level without writes (183.14575ms)
✔ B1 shared validation rejects bad-kind without writes (183.900084ms)
✔ B1 shared validation rejects bad-json without writes (172.641166ms)
✔ B1 shared validation rejects cycle without writes (160.748917ms)
✔ B1 shared validation rejects accessor without writes (166.459917ms)
✔ B1 shared validation rejects prototype without writes (173.59525ms)
✔ B1 shared validation rejects undefined without writes (183.117917ms)
✔ B1 deploy request and unapproved child never gain owner intent from scoped authority (174.250041ms)
✔ B1 deploy child requires exact persisted approval and rejects changed target (185.529625ms)
✔ B1 FIX1 uppercase project identity creates step under exact submitted hash (166.882458ms)
✔ B1 FIX1 lowercase hash allowance cannot authorize uppercase step payload (177.716875ms)
✔ B1 FIX1 uppercase project identity creates task under exact submitted hash (179.264291ms)
✔ B1 FIX1 lowercase hash allowance cannot authorize uppercase task payload (176.196042ms)
✔ B1 FIX1 array index-getter is rejected without executing user code or changing identity (181.198083ms)
✔ B1 FIX1 array custom-iterator is rejected without executing user code or changing identity (179.768167ms)
✔ B1 FIX1 array custom-prototype is rejected without executing user code or changing identity (177.82125ms)
✔ B1 FIX1 ordinary nested JSON arrays remain supported with their exact submitted hash (213.653458ms)
✔ hierarchy rejects a task directly under a request and cross-project parent (115.607125ms)
✔ concurrent opposite edges cannot create a dependency cycle (99.333541ms)
✔ dependencies_ready refuses a step whose predecessor is unfinished (91.286625ms)
✔ closed request and completed step reject new descendants (89.188542ms)
✔ concurrent request completion and child creation cannot leave done root with pending child (104.20725ms)
✔ dependency graph rejects adding edge once target is ready or running (91.69225ms)
✔ machine cannot create deploy request or unapproved deploy descendant (107.213958ms)
✔ owner-created deploy request authorizes only itself; machine child needs exact action approval (114.033708ms)
✔ machine deploy child under ordinary root needs exact persisted owner approval (94.169875ms)
✔ deploy completion accepts owner-created request but requires approval for a child elsewhere (120.215333ms)
✔ hierarchy schema stores a request root and rejects self dependency (88.0335ms)
✔ machine cannot record an owner answer to unlock a repair limit (95.946666ms)
✔ docs links fail closed until a verified snapshot reader is supplied (84.451541ms)
✔ ticket criteria rejects inherited-key payloads before persistence (83.035958ms)
✔ comment during running is durable timeline data without changing execution status (91.277833ms)
✔ ticket route rejects unknown JSON fields before mutation (143.593375ms)
ℹ tests 63
ℹ suites 0
ℹ pass 63
ℹ fail 0
ℹ cancelled 0
ℹ skipped 0
ℹ todo 0
ℹ duration_ms 10572.280667
