✔ assistant authority owner chỉ định một máy, CAS và replay không tạo designation trùng (416.462083ms)
✔ assistant authority từ chối máy tự chỉ định, target sai và body ngoài slice (288.085041ms)
✔ assistant authority kiểm session hiện hành trước cached reply (275.6575ms)
attachment DB container 8d790307dfe30f7effb88bb8d7562183c83f77e1c549ec849f60eed61761cbc1 root /private/var/folders/6r/7l8l6ytd2fgf91ccj55m73wm0000gn/T/crew-v2-attachments-dJaHW9
attachment DB scratch created /private/var/folders/6r/7l8l6ytd2fgf91ccj55m73wm0000gn/T/crew-v2-attachments-dJaHW9 nonceSha256=44d6f592651294c50727f83a4356dcbd67d091547f28964b1e58f1b480966737
attachment DB scratch identity dev=16777229 ino=64506167 uid=501 pid=30552
attachment DB scratch removed /private/var/folders/6r/7l8l6ytd2fgf91ccj55m73wm0000gn/T/crew-v2-attachments-dJaHW9
✔ assistant authority resolver không cấp Actor từ receipt UNVERIFIED hoặc scope hết hạn (236.85675ms)
✔ assistant authority concurrent CAS, idle reassignment và live turn giữ nguyên authority (309.843584ms)
attachment DB container 8d790307dfe30f7effb88bb8d7562183c83f77e1c549ec849f60eed61761cbc1 root /private/var/folders/6r/7l8l6ytd2fgf91ccj55m73wm0000gn/T/crew-v2-attachments-xh9Swp
attachment DB scratch created /private/var/folders/6r/7l8l6ytd2fgf91ccj55m73wm0000gn/T/crew-v2-attachments-xh9Swp nonceSha256=91ca6adf41bd51f41053b2cd2b5f8b13c24ced0d467c04d410b0b2d3273ad425
attachment DB scratch identity dev=16777229 ino=64506174 uid=501 pid=30552
attachment DB scratch removed /private/var/folders/6r/7l8l6ytd2fgf91ccj55m73wm0000gn/T/crew-v2-attachments-xh9Swp
✔ assistant authority live turn chặn reassignment và không thả guard bằng config (351.407ms)
ℹ tests 6
ℹ suites 0
ℹ pass 6
ℹ fail 0
ℹ cancelled 0
ℹ skipped 0
ℹ todo 0
ℹ duration_ms 2031.87075
