tsc=0
✔ render artifact inspection measures a supplied schema-1 artifact but returns no authority (3.306292ms)
✔ render artifact inspection retains captured expectation after nested caller mutation (0.844166ms)
✔ render artifact inspection denies a self-consistent but unapproved BMAD source tree (0.635792ms)
✔ render artifact inspection keeps the measured result independent of later byte mutation (0.542333ms)
✔ render artifact inspection rejects raw optional-layer drift even with equal resolved values (0.7455ms)
✔ render artifact inspection rejects a missing required layer or undeclared layer key (0.530958ms)
✔ render artifact inspection rejects source, renderer and output byte changes (0.602ms)
✔ render artifact inspection rejects false schema, path and generation claims (1.482209ms)
✔ render artifact inspection bounds layer bytes as well as manifest and output bytes (0.15725ms)
✔ render artifact inspection bounds metadata key counts before copying byte maps (4.920959ms)
✔ render artifact inspection matches Python Unicode and control-character generation hashing (0.299ms)
✔ render artifact inspection rejects an undeclared source-authored snapshot target (0.1675ms)
✔ render artifact inspection refuses unsupported numeric resolved values (0.153084ms)
✔ render artifact inspection rejects conflicting expected bytes for the one customize path (0.086209ms)
✔ render artifact inspection rejects accessors before reading manifest or any byte map (0.306625ms)
✔ render artifact inspection rejects a proxy byte map before triggering its traps (0.10075ms)
✔ render artifact inspection rejects unpaired surrogates in captured path identities (0.083709ms)
✔ render artifact inspection rejects a top-level resolved-values array with coherent generation identity (0.12225ms)
✔ render artifact inspection rejects object and list values for a source-authored config token (0.236375ms)
✔ render artifact inspection rejects a resolved key absent from installed source tokens (0.170292ms)
✔ render artifact inspection accepts official string-list and normalized review-layer value categories (0.398459ms)
✔ render artifact inspection rejects non-normalized review-layer table fields (0.141792ms)
✔ render artifact inspection binds a short config token to one resolved terminal key (0.15ms)
✔ render artifact inspection denies ambiguous resolved keys for one short config token (0.134834ms)
✔ render artifact inspection remains separate from the two-tier BMAD adapter (146.856375ms)
✔ render definition validator applies the inspector limits to a host-independent definition (1.213375ms)
✔ render executor refuses a non-BMAD definition without reserving or spawning anything (213.62225ms)
✔ render executor runs the official uv argv once and returns the exact workflow render receipt (204.092916ms)
✔ render executor leaves an existing byte-identical generation untouched on a second render (260.841791ms)
✔ render executor never runs one operation twice (245.766333ms)
✔ render executor halts without a receipt on nonzero, unavailable, timed-out or unknown children (1458.887167ms)
✔ render executor halts when stdout does not name exactly the rendered workflow entry (2233.425166ms)
✔ render executor halts when the printed generation does not match its measured bytes (1765.178208ms)
✔ render executor refuses drifted workspace inputs before reserving or spawning (1402.461084ms)
✔ render executor binds the project root to the canonical workspace directory (249.598708ms)
✔ render executor requires the recorded uv bytes before spawning (295.832125ms)
✔ render executor refuses an inconsistent or unacceptable definition before spawning (238.338208ms)
✔ render executor validates attempt and operation identifiers before any effect (216.085416ms)
✔ render executor refuses unpinned files beside the renderer, skill and config before spawning (2019.947416ms)
✔ render executor refuses unpinned files that appear beside the renderer during the render (782.506667ms)
✔ render executor tells owned-operation lock contention apart from operation reuse (166.375625ms)
✔ render executor returns the log digest and a sanitized first line when a run halts (480.322875ms)
✔ render executor accepts a symlinked uv by hashing and running the resolved executable (192.192708ms)
✔ render executor requires a canonical owned-operation root before reserving a stage (197.268ms)
✔ render executor removes bracketed and home paths and credential values from the halt line (269.415166ms)
✔ render executor detects a file added and removed beside the renderer during the render (1454.662625ms)
✔ render executor pins the recorded Python through UV_PYTHON and refuses other interpreter bytes (183.6275ms)
✔ render executor records every stage transition durably and frees the session leader record (207.499ms)
✔ render executor keeps the stage, leader record and an unknown record when closure is unproven (402.6255ms)
✔ render executor reclaims the stage and keeps nothing when the executor never started the child (877.047958ms)
✔ render executor refuses a run whose session leader record already exists (293.205167ms)
✔ render executor refuses new renders while an earlier render stage awaits reconciliation (286.995333ms)
✔ render executor halts without spawning when the durable stage record cannot be written (190.009792ms)
✔ render executor returns the last non-empty log line, skipping blank lines at either end (553.474375ms)
✔ render executor redacts credentials that follow a known path in a halt line (160.190042ms)
✔ render executor detects a closure file rewritten and restored during the render (2029.859458ms)
Task5 owned root {"root":"/private/var/folders/wr/3y_dzgm55m3fy0gtp5sznlnh0000gn/T/crew-task5-bridge-ppbzmv","device":"16777231","inode":"220841911","uid":501}
Task5 owned cleanup {"root":"/private/var/folders/wr/3y_dzgm55m3fy0gtp5sznlnh0000gn/T/crew-task5-bridge-ppbzmv","device":"16777231","inode":"220841911","uid":501,"deleted":true}
✔ sync persists partial report and retries same command only missing slot after reconnect/lost ACK (3318.3325ms)
Task5 owned root {"root":"/private/var/folders/wr/3y_dzgm55m3fy0gtp5sznlnh0000gn/T/crew-task5-bridge-M7PDRw","device":"16777231","inode":"220843307","uid":501}
Task5 owned cleanup {"root":"/private/var/folders/wr/3y_dzgm55m3fy0gtp5sznlnh0000gn/T/crew-task5-bridge-M7PDRw","device":"16777231","inode":"220843307","uid":501,"deleted":true}
✔ sync superseded command completes immutable failure and new command installs new revision (2763.249458ms)
Task5 owned root {"root":"/private/var/folders/wr/3y_dzgm55m3fy0gtp5sznlnh0000gn/T/crew-task5-bridge-eoDh5K","device":"16777231","inode":"220844450","uid":501}
Task5 owned cleanup {"root":"/private/var/folders/wr/3y_dzgm55m3fy0gtp5sznlnh0000gn/T/crew-task5-bridge-eoDh5K","device":"16777231","inode":"220844450","uid":501,"deleted":true}
✔ sync lost report/reopen preserves report key and retries only unavailable declared projection (2910.118416ms)
Task5 owned root {"root":"/private/var/folders/wr/3y_dzgm55m3fy0gtp5sznlnh0000gn/T/crew-task5-bridge-yfvXfT","device":"16777231","inode":"220845522","uid":501}
Task5 owned cleanup {"root":"/private/var/folders/wr/3y_dzgm55m3fy0gtp5sznlnh0000gn/T/crew-task5-bridge-yfvXfT","device":"16777231","inode":"220845522","uid":501,"deleted":true}
✔ sync verifies cached source bytes even when every desired projection is null (2570.839833ms)
Task5 owned root {"root":"/private/var/folders/wr/3y_dzgm55m3fy0gtp5sznlnh0000gn/T/crew-task5-bridge-UQ2otp","device":"16777231","inode":"220846508","uid":501}
Task5 owned cleanup {"root":"/private/var/folders/wr/3y_dzgm55m3fy0gtp5sznlnh0000gn/T/crew-task5-bridge-UQ2otp","device":"16777231","inode":"220846508","uid":501,"deleted":true}
✔ sync defers command ahead of desired snapshot, then applies after reopen without false supersession (2745.890291ms)
Task5 owned root {"root":"/private/var/folders/wr/3y_dzgm55m3fy0gtp5sznlnh0000gn/T/crew-task5-bridge-zAA6Gj","device":"16777231","inode":"220847634","uid":501}
Task5 owned root {"root":"/private/var/folders/wr/3y_dzgm55m3fy0gtp5sznlnh0000gn/T/crew-task5-bridge-ios1wE","device":"16777231","inode":"220848566","uid":501}
Task5 owned cleanup {"root":"/private/var/folders/wr/3y_dzgm55m3fy0gtp5sznlnh0000gn/T/crew-task5-bridge-ios1wE","device":"16777231","inode":"220848566","uid":501,"deleted":true}
Task5 owned root {"root":"/private/var/folders/wr/3y_dzgm55m3fy0gtp5sznlnh0000gn/T/crew-task5-bridge-HDdysN","device":"16777231","inode":"220848699","uid":501}
Task5 owned cleanup {"root":"/private/var/folders/wr/3y_dzgm55m3fy0gtp5sznlnh0000gn/T/crew-task5-bridge-HDdysN","device":"16777231","inode":"220848699","uid":501,"deleted":true}
Task5 owned cleanup {"root":"/private/var/folders/wr/3y_dzgm55m3fy0gtp5sznlnh0000gn/T/crew-task5-bridge-zAA6Gj","device":"16777231","inode":"220847634","uid":501,"deleted":true}
✔ sync carries the workflow definition on current projections only, and omits it when unavailable (3079.851708ms)
✔ gateway definition adapter output matches the committed golden vector the server verifies (3668.758708ms)
Task5 owned root {"root":"/private/var/folders/wr/3y_dzgm55m3fy0gtp5sznlnh0000gn/T/crew-task5-bridge-0mpdwr","device":"16777231","inode":"220850201","uid":501}
Task5 owned cleanup {"root":"/private/var/folders/wr/3y_dzgm55m3fy0gtp5sznlnh0000gn/T/crew-task5-bridge-0mpdwr","device":"16777231","inode":"220850201","uid":501,"deleted":true}
✔ sync reports an integrity failure of the definition loader as an error slot, never silently current (2114.431125ms)
✔ workflow manifest binds Superpowers skills to official source and selected projection bytes (2882.83825ms)
✔ workflow manifest rejects a projected skill hash that differs from its pinned source (2903.548625ms)
✔ workflow manifest re-reads exact skill bytes instead of trusting manifest hash claims (3055.065209ms)
✔ workflow manifest rejects a projection bound to another source tree (2850.952625ms)
✔ workflow manifest keeps one validated snapshot across a deferred registry resolve (2920.314625ms)
✔ workflow manifest rejects a FIFO skill drift within a bounded reader deadline (3097.942709ms)
ℹ fifo scratch root=/private/var/folders/wr/3y_dzgm55m3fy0gtp5sznlnh0000gn/T/crew-workflow-manifest-S4CZCo
ℹ mkfifo pid=94779 status=0 signal=none
ℹ fifo child pid=94780 pgid=94780 reaped=close code=0 signal=none timedOut=false
ℹ fifo child boundary=RESOLVED
✔ customization context binds the Superpowers digest to the projection tree, not key order (3290.892709ms)
✔ workflow definition resolves BMAD to a two-tier render expectation with seven measured layers (840.869541ms)
✔ workflow definition re-reads BMAD layer bytes instead of trusting manifest claims (327.750959ms)
✔ workflow definition digest changes when an optional BMAD layer appears with equal skill tokens (634.702916ms)
✔ workflow definition selects exactly the bmad-build markdown skills except SKILL.md (633.798167ms)
✔ workflow definition rejects a BMAD projection bound to another source tree (184.004166ms)
✔ workflow definition never spawns uv, the renderer or any child process (184.4515ms)
✔ workflow definition rejects a BMAD renderer script that is not a regular file with the stable code (190.242833ms)
✔ workflow definition refuses a BMAD selection the render artifact inspector would reject (1809.983542ms)
ℹ tests 79
ℹ suites 0
ℹ pass 79
ℹ fail 0
ℹ cancelled 0
ℹ skipped 0
ℹ todo 0
ℹ duration_ms 25923.025041
tests=0
