worker live root intent /private/var/folders/6r/7l8l6ytd2fgf91ccj55m73wm0000gn/T/crew-v2-attachments-live-281c2c12-af14-4e44-835b-1902354816a4 nonce=281c2c12-af14-4e44-835b-1902354816a4 parentPid=9103
worker live container intent crew-v2-extract-2c5945c8-fdc7-4067-ad1b-8b1bcc30855d-1 scenario=boundary root=/private/var/folders/6r/7l8l6ytd2fgf91ccj55m73wm0000gn/T/crew-v2-attachments-live-281c2c12-af14-4e44-835b-1902354816a4/jobs/2c5945c8-fdc7-4067-ad1b-8b1bcc30855d/1
worker live stopped 96810b19500a859a56fa8919451ddd70ccc8dc2bed468a66baf69a9ad8cfd61c scenario=boundary status=exited pid=0 oom=false
worker live container removed 96810b19500a859a56fa8919451ddd70ccc8dc2bed468a66baf69a9ad8cfd61c
worker live diagnostic evidence {"kind":"diagnostic-report","imageDigest":"sha256:8df553bd040016ddf36a547d32d0e7d4986bfc54f60e0355a21e9c28462316a0","sourceTreeSha256":"bc04c6013acce13533f7e6c179aa9eeae53b643f23358c437777a691f31b5b38","checks":[{"name":"selected-original-readable","status":"pass","evidenceSha256":"a64fdc28ac54fae693b56934af03ae7bb4883a76138d773d78c115eed94432b3"},{"name":"private-output-writable","status":"pass","evidenceSha256":"d185cb11cee9ff12a37aa7c832119b71a8e07c8cb05adc97181192b087f28d4b"},{"name":"network-denied","status":"pass","evidenceSha256":"4f53cda18c2baa0c0354bb5f9a3ecbe5ed12ab4d8e11ba873c2f11161202b945"},{"name":"foreign-host-unavailable","status":"pass","evidenceSha256":"6fb714b92b0856b38e43fa4e7b95d64b6d24a115e83cae3b223bbe25cda21d6a"},{"name":"readonly-source","status":"pass","evidenceSha256":"42400cf8e3c0938fe1bd88d654e45c850a5750351a075ab7acf09150b0ef31fd"},{"name":"readonly-original","status":"pass","evidenceSha256":"7f0944b94c36621060b53778cc6ec4fefcd5cf654c3cea55602bd0d5bd4d917b"},{"name":"no-credential-db-workflow-env","status":"pass","evidenceSha256":"02317cb9bfdf185126a21e69cf462227ba185e22d63b6d17d655bade21c7cdec"},{"name":"no-docker-socket","status":"pass","evidenceSha256":"66a17a66ea82a78cf9733fd16023fa3cd7039225d6104717928cec9cc197a279"},{"name":"no-host-source","status":"pass","evidenceSha256":"1ffeb57fde1d6f89ae6f2ecf1e00a5cb113ebc723ed30acbae30cead1432c7fb"},{"name":"nonroot","status":"pass","evidenceSha256":"214932a97fa2242c0009e3baae0d174048bdddcf2be8838d6272da41dba8bb2e"},{"name":"native-png-probe","status":"pass","evidenceSha256":"ba76d556121f486207fde9eed3eaf6843816a28bebbd63ffd7cb5a823a5bd9d0"}]}
worker live container intent crew-v2-extract-e9db202f-a161-4808-85c3-a08099ddc5c3-1 scenario=pids root=/private/var/folders/6r/7l8l6ytd2fgf91ccj55m73wm0000gn/T/crew-v2-attachments-live-281c2c12-af14-4e44-835b-1902354816a4/jobs/e9db202f-a161-4808-85c3-a08099ddc5c3/1
worker live stopped 80bf37af1292d847846a3dd9b4721a2fd9b5e3d67ba91a390b2e65c9d717b3f1 scenario=pids status=exited pid=0 oom=false
worker live container removed 80bf37af1292d847846a3dd9b4721a2fd9b5e3d67ba91a390b2e65c9d717b3f1
worker live diagnostic evidence {"kind":"diagnostic-report","imageDigest":"sha256:8df553bd040016ddf36a547d32d0e7d4986bfc54f60e0355a21e9c28462316a0","sourceTreeSha256":"bc04c6013acce13533f7e6c179aa9eeae53b643f23358c437777a691f31b5b38","checks":[{"name":"pids-limit","status":"pass","evidenceSha256":"273d074b248d0b25f03645dccaa836edba51aaf109c723f1c12f71e416f8a0ca"}]}
worker live container intent crew-v2-extract-da5b8949-b646-48dd-a987-3e888002dbbb-1 scenario=memory root=/private/var/folders/6r/7l8l6ytd2fgf91ccj55m73wm0000gn/T/crew-v2-attachments-live-281c2c12-af14-4e44-835b-1902354816a4/jobs/da5b8949-b646-48dd-a987-3e888002dbbb/1
worker live stopped 06f846ab3e232e263c3e947adc14555f5f12da06dbfed1d35f3345f20106167f scenario=memory status=exited pid=0 oom=true
worker live container removed 06f846ab3e232e263c3e947adc14555f5f12da06dbfed1d35f3345f20106167f
worker live container intent crew-v2-extract-6ad9a091-3281-469e-899c-73e32bfc9802-1 scenario=stdout-bomb root=/private/var/folders/6r/7l8l6ytd2fgf91ccj55m73wm0000gn/T/crew-v2-attachments-live-281c2c12-af14-4e44-835b-1902354816a4/jobs/6ad9a091-3281-469e-899c-73e32bfc9802/1
worker live stopped 19d57314df2b9f403b5003d64f1421a0fc2f9e72c70e5e48b63c41221e529617 scenario=stdout-bomb status=exited pid=0 oom=false
worker live container removed 19d57314df2b9f403b5003d64f1421a0fc2f9e72c70e5e48b63c41221e529617
worker live container intent crew-v2-extract-1f9233a8-841e-4361-9636-805094bb89ff-1 scenario=timeout root=/private/var/folders/6r/7l8l6ytd2fgf91ccj55m73wm0000gn/T/crew-v2-attachments-live-281c2c12-af14-4e44-835b-1902354816a4/jobs/1f9233a8-841e-4361-9636-805094bb89ff/1
worker live stopped ca2ba736c6f5e5b90895ce010ad082ef490adfef24c85e07fc2ebfc8ba0e5907 scenario=timeout status=exited pid=0 oom=false
worker live container removed ca2ba736c6f5e5b90895ce010ad082ef490adfef24c85e07fc2ebfc8ba0e5907
worker live observations [{"scenario":"boundary","containerId":"96810b19500a859a56fa8919451ddd70ccc8dc2bed468a66baf69a9ad8cfd61c","state":"stopped","exitCode":0,"oomKilled":false,"pid":0,"result":"report"},{"scenario":"pids","containerId":"80bf37af1292d847846a3dd9b4721a2fd9b5e3d67ba91a390b2e65c9d717b3f1","state":"stopped","exitCode":0,"oomKilled":false,"pid":0,"result":"report"},{"scenario":"memory","containerId":"06f846ab3e232e263c3e947adc14555f5f12da06dbfed1d35f3345f20106167f","state":"stopped","exitCode":137,"oomKilled":true,"pid":0,"result":"WORKER_DIAGNOSTIC_INVALID"},{"scenario":"stdout-bomb","containerId":"19d57314df2b9f403b5003d64f1421a0fc2f9e72c70e5e48b63c41221e529617","state":"stopped","exitCode":137,"oomKilled":false,"pid":0,"result":"WORKER_OUTPUT_LIMIT"},{"scenario":"timeout","containerId":"ca2ba736c6f5e5b90895ce010ad082ef490adfef24c85e07fc2ebfc8ba0e5907","state":"stopped","exitCode":137,"oomKilled":false,"pid":0,"result":"WORKER_TIMEOUT"}]
worker live root removed /private/var/folders/6r/7l8l6ytd2fgf91ccj55m73wm0000gn/T/crew-v2-attachments-live-281c2c12-af14-4e44-835b-1902354816a4
✔ attachment diagnostic image has no Task5 import dependency (29853.77ms)
ℹ tests 1
ℹ suites 0
ℹ pass 1
ℹ fail 0
ℹ cancelled 0
ℹ skipped 0
ℹ todo 0
ℹ duration_ms 29927.971959
