TAP version 13
# Subtest: attachment signatures outrank names and declared MIME
ok 1 - attachment signatures outrank names and declared MIME
  ---
  duration_ms: 11.719084
  type: 'test'
  ...
# Subtest: attachment OLE magic alone cannot prove encryption
ok 2 - attachment OLE magic alone cannot prove encryption
  ---
  duration_ms: 0.369166
  type: 'test'
  ...
# Subtest: attachment binary masquerading as text is unsupported
ok 3 - attachment binary masquerading as text is unsupported
  ---
  duration_ms: 2.033834
  type: 'test'
  ...
# Subtest: attachment Vietnamese DOCX preserves actual part paragraph locator
ok 4 - attachment Vietnamese DOCX preserves actual part paragraph locator
  ---
  duration_ms: 80.395166
  type: 'test'
  ...
# Subtest: attachment XLSX includes veryHidden sheet and literal cached formula
ok 5 - attachment XLSX includes veryHidden sheet and literal cached formula
  ---
  duration_ms: 17.144375
  type: 'test'
  ...
# Subtest: attachment XLSX absent formula cache is missing coverage
ok 6 - attachment XLSX absent formula cache is missing coverage
  ---
  duration_ms: 8.476542
  type: 'test'
  ...
# Subtest: attachment XML rejects DTD and namespace alias is recognized
ok 7 - attachment XML rejects DTD and namespace alias is recognized
  ---
  duration_ms: 1.4695
  type: 'test'
  ...
# Subtest: attachment ZIP rejects paths ["a","A"]
ok 8 - attachment ZIP rejects paths ["a","A"]
  ---
  duration_ms: 0.88525
  type: 'test'
  ...
# Subtest: attachment ZIP rejects paths ["é","é"]
ok 9 - attachment ZIP rejects paths ["é","é"]
  ---
  duration_ms: 1.392292
  type: 'test'
  ...
# Subtest: attachment ZIP rejects paths ["a/b","a\\\\b"]
ok 10 - attachment ZIP rejects paths ["a/b","a\\\\b"]
  ---
  duration_ms: 1.107333
  type: 'test'
  ...
# Subtest: attachment ZIP rejects paths ["../a"]
ok 11 - attachment ZIP rejects paths ["../a"]
  ---
  duration_ms: 0.688708
  type: 'test'
  ...
# Subtest: attachment ZIP rejects paths ["/a"]
ok 12 - attachment ZIP rejects paths ["/a"]
  ---
  duration_ms: 0.803917
  type: 'test'
  ...
# Subtest: attachment ZIP rejects encryption
ok 13 - attachment ZIP rejects encryption
  ---
  duration_ms: 1.313292
  type: 'test'
  ...
# Subtest: attachment ZIP rejects symlink
ok 14 - attachment ZIP rejects symlink
  ---
  duration_ms: 0.3795
  type: 'test'
  ...
# Subtest: attachment ZIP rejects size mismatch
ok 15 - attachment ZIP rejects size mismatch
  ---
  duration_ms: 3.384917
  type: 'test'
  ...
# Subtest: attachment ZIP rejects unknown compression
ok 16 - attachment ZIP rejects unknown compression
  ---
  duration_ms: 0.7075
  type: 'test'
  ...
# Subtest: attachment ZIP rejects CRC and invalid offsets
ok 17 - attachment ZIP rejects CRC and invalid offsets
  ---
  duration_ms: 1.305958
  type: 'test'
  ...
# Subtest: attachment ZIP 2001 entries refused
ok 18 - attachment ZIP 2001 entries refused
  ---
  duration_ms: 95.427
  type: 'test'
  ...
# Subtest: attachment office active content word/vbaProject.bin is blocked
ok 19 - attachment office active content word/vbaProject.bin is blocked
  ---
  duration_ms: 13.280334
  type: 'test'
  ...
# Subtest: attachment office active content word/embeddings/oleObject1.bin is blocked
ok 20 - attachment office active content word/embeddings/oleObject1.bin is blocked
  ---
  duration_ms: 4.930458
  type: 'test'
  ...
# Subtest: attachment DOCX image has real paragraph component and no fabricated cell
ok 21 - attachment DOCX image has real paragraph component and no fabricated cell
  ---
  duration_ms: 94.419666
  type: 'test'
  ...
# Subtest: attachment ZIP expansion bounds count actual streamed bytes
ok 22 - attachment ZIP expansion bounds count actual streamed bytes
  ---
  duration_ms: 274.289292
  type: 'test'
  ...
# Subtest: attachment ZIP overlapping local records and ZIP64 unsafe sizes are rejected
ok 23 - attachment ZIP overlapping local records and ZIP64 unsafe sizes are rejected
  ---
  duration_ms: 0.504583
  type: 'test'
  ...
# Subtest: attachment XML depth cap and undefined entity do not return useful text
ok 24 - attachment XML depth cap and undefined entity do not return useful text
  ---
  duration_ms: 0.867
  type: 'test'
  ...
# Subtest: attachment DOCX altChunk and external image are missing coverage without fetch
ok 25 - attachment DOCX altChunk and external image are missing coverage without fetch
  ---
  duration_ms: 4.056459
  type: 'test'
  ...
# Subtest: attachment renamed DOCM content type is blocked before paragraphs
ok 26 - attachment renamed DOCM content type is blocked before paragraphs
  ---
  duration_ms: 1.36775
  type: 'test'
  ...
# Subtest: attachment image creates only normalized vision coverage
ok 27 - attachment image creates only normalized vision coverage
  ---
  duration_ms: 94.4315
  type: 'test'
  ...
# Subtest: attachment huge image is blocked before native allocation
ok 28 - attachment huge image is blocked before native allocation
  ---
  duration_ms: 1.094583
  type: 'test'
  ...
# Subtest: attachment truncated image is corrupt
ok 29 - attachment truncated image is corrupt
  ---
  duration_ms: 1.491625
  type: 'test'
  ...
# Subtest: attachment scan cannot become complete text coverage
ok 30 - attachment scan cannot become complete text coverage
  ---
  duration_ms: 321.026334
  type: 'test'
  ...
# Subtest: attachment PDF text supplements every page vision
ok 31 - attachment PDF text supplements every page vision
  ---
  duration_ms: 59.659708
  type: 'test'
  ...
# Subtest: attachment encrypted PDF and corrupt PDF never available
ok 32 - attachment encrypted PDF and corrupt PDF never available
  ---
  duration_ms: 9.248459
  type: 'test'
  ...
# Subtest: attachment PDF page limit has explicit missing page
ok 33 - attachment PDF page limit has explicit missing page
  ---
  duration_ms: 20.12
  type: 'test'
  ...
# Subtest: attachment JPEG EXIF orientation records original and normalized geometry
not ok 34 - attachment JPEG EXIF orientation records original and normalized geometry
  ---
  duration_ms: 6.583209
  type: 'test'
  location: '/fixture/v2/server/test/attachments-pdf-image.unit.test.ts:54:1'
  failureType: 'testCodeFailure'
  error: |-
    Expected values to be strictly deep-equal:
    + actual - expected
    ... Skipped lines
    
      {
        box: [
          0,
          0,
          1,
    ...
        kind: 'image',
    -   transform: {
    -     normalizedHeight: 3,
    -     normalizedWidth: 2,
    -     orientation: 6,
    -     originalHeight: 2,
    -     originalWidth: 3,
    -     reflected: false,
    -     rotation: 90
    -   },
        width: 2
      }
    
  code: 'ERR_ASSERTION'
  name: 'AssertionError'
  expected:
    kind: 'image'
    width: 2
    height: 3
    box:
      0: 0
      1: 0
      2: 1
      3: 1
    transform:
      originalWidth: 3
      originalHeight: 2
      orientation: 6
      normalizedWidth: 2
      normalizedHeight: 3
      rotation: 90
      reflected: false
  actual:
    kind: 'image'
    width: 2
    height: 3
    box:
      0: 0
      1: 0
      2: 1
      3: 1
  operator: 'deepStrictEqual'
  stack: |-
    TestContext.<anonymous> (file:///fixture/v2/server/test/attachments-pdf-image.unit.test.ts:54:324)
    async Test.run (node:internal/test_runner/test:1125:7)
    async Test.processPendingSubtests (node:internal/test_runner/test:787:7)
  ...
# Subtest: attachment PDF javascript.pdf is blocked without useful derivatives
ok 35 - attachment PDF javascript.pdf is blocked without useful derivatives
  ---
  duration_ms: 27.519042
  type: 'test'
  ...
# Subtest: attachment PDF embedded-executable.pdf is blocked without useful derivatives
not ok 36 - attachment PDF embedded-executable.pdf is blocked without useful derivatives
  ---
  duration_ms: 21.853125
  type: 'test'
  location: '/fixture/v2/server/test/attachments-pdf-image.unit.test.ts:55:64'
  failureType: 'testCodeFailure'
  error: |-
    Expected values to be strictly equal:
    + actual - expected
    
    + 'partial'
    - 'blocked'
    
  code: 'ERR_ASSERTION'
  name: 'AssertionError'
  expected: 'blocked'
  actual: 'partial'
  operator: 'strictEqual'
  stack: |-
    TestContext.<anonymous> (file:///fixture/v2/server/test/attachments-pdf-image.unit.test.ts:55:333)
    async Test.run (node:internal/test_runner/test:1125:7)
    async Test.processPendingSubtests (node:internal/test_runner/test:787:7)
  ...
# Subtest: attachment text preserves UTF8 source byte spans and literal scripts
ok 37 - attachment text preserves UTF8 source byte spans and literal scripts
  ---
  duration_ms: 11.646042
  type: 'test'
  ...
# Subtest: attachment text UTF16 endian BOM and invalid UTF8
ok 38 - attachment text UTF16 endian BOM and invalid UTF8
  ---
  duration_ms: 2.52075
  type: 'test'
  ...
# Subtest: attachment text cap preserves missing original tail
ok 39 - attachment text cap preserves missing original tail
  ---
  duration_ms: 0.328916
  type: 'test'
  ...
# Subtest: attachment csv retains multiline quoted cells without evaluating formula
ok 40 - attachment csv retains multiline quoted cells without evaluating formula
  ---
  duration_ms: 0.953834
  type: 'test'
  ...
# Subtest: attachment malformed CSV "a\\"b,c"
ok 41 - attachment malformed CSV "a\\"b,c"
  ---
  duration_ms: 1.316042
  type: 'test'
  ...
# Subtest: attachment malformed CSV "\\"a\\"x,c"
ok 42 - attachment malformed CSV "\\"a\\"x,c"
  ---
  duration_ms: 0.7405
  type: 'test'
  ...
# Subtest: attachment malformed CSV "\\"unclosed"
ok 43 - attachment malformed CSV "\\"unclosed"
  ---
  duration_ms: 0.277167
  type: 'test'
  ...
# Subtest: attachment CSV cap reports missing rows
ok 44 - attachment CSV cap reports missing rows
  ---
  duration_ms: 0.724875
  type: 'test'
  ...
# Subtest: attachment verification binds bytes and rejects missing coverage
ok 45 - attachment verification binds bytes and rejects missing coverage
  ---
  duration_ms: 18.616458
  type: 'test'
  ...
# Subtest: attachment UTF16 capped tail uses real byte and line boundaries
ok 46 - attachment UTF16 capped tail uses real byte and line boundaries
  ---
  duration_ms: 2.765959
  type: 'test'
  ...
# Subtest: attachment complete text whitespace has explicit zero content coverage
ok 47 - attachment complete text whitespace has explicit zero content coverage
  ---
  duration_ms: 0.46225
  type: 'test'
  ...
# Subtest: attachment entire golden corpus verifies every available derivative and original identity
ok 48 - attachment entire golden corpus verifies every available derivative and original identity
  ---
  duration_ms: 573.355626
  type: 'test'
  ...
1..48
# tests 48
# suites 0
# pass 46
# fail 2
# cancelled 0
# skipped 0
# todo 0
# duration_ms 5603.419336
