TAP version 13
# Subtest: attachment signatures outrank names and declared MIME
ok 1 - attachment signatures outrank names and declared MIME
  ---
  duration_ms: 10.641458
  type: 'test'
  ...
# Subtest: attachment OLE magic alone cannot prove encryption
ok 2 - attachment OLE magic alone cannot prove encryption
  ---
  duration_ms: 0.385958
  type: 'test'
  ...
# Subtest: attachment binary masquerading as text is unsupported
ok 3 - attachment binary masquerading as text is unsupported
  ---
  duration_ms: 0.803209
  type: 'test'
  ...
# Subtest: attachment OLE confirms named encryption streams only with finite valid FAT directory chain
ok 4 - attachment OLE confirms named encryption streams only with finite valid FAT directory chain
  ---
  duration_ms: 6.062292
  type: 'test'
  ...
# Subtest: attachment Vietnamese DOCX preserves actual part paragraph locator
ok 5 - attachment Vietnamese DOCX preserves actual part paragraph locator
  ---
  duration_ms: 97.201792
  type: 'test'
  ...
# Subtest: attachment XLSX includes veryHidden sheet and literal cached formula
ok 6 - attachment XLSX includes veryHidden sheet and literal cached formula
  ---
  duration_ms: 15.931375
  type: 'test'
  ...
# Subtest: attachment XLSX absent formula cache is missing coverage
ok 7 - attachment XLSX absent formula cache is missing coverage
  ---
  duration_ms: 9.00725
  type: 'test'
  ...
# Subtest: attachment XML rejects DTD and namespace alias is recognized
ok 8 - attachment XML rejects DTD and namespace alias is recognized
  ---
  duration_ms: 36.267292
  type: 'test'
  ...
# Subtest: attachment ZIP rejects paths ["a","A"]
ok 9 - attachment ZIP rejects paths ["a","A"]
  ---
  duration_ms: 1.421958
  type: 'test'
  ...
# Subtest: attachment ZIP rejects paths ["é","é"]
ok 10 - attachment ZIP rejects paths ["é","é"]
  ---
  duration_ms: 1.158959
  type: 'test'
  ...
# Subtest: attachment ZIP rejects paths ["a/b","a\\\\b"]
ok 11 - attachment ZIP rejects paths ["a/b","a\\\\b"]
  ---
  duration_ms: 0.687375
  type: 'test'
  ...
# Subtest: attachment ZIP rejects paths ["../a"]
ok 12 - attachment ZIP rejects paths ["../a"]
  ---
  duration_ms: 0.620708
  type: 'test'
  ...
# Subtest: attachment ZIP rejects paths ["/a"]
ok 13 - attachment ZIP rejects paths ["/a"]
  ---
  duration_ms: 0.91625
  type: 'test'
  ...
# Subtest: attachment ZIP rejects encryption
ok 14 - attachment ZIP rejects encryption
  ---
  duration_ms: 1.251375
  type: 'test'
  ...
# Subtest: attachment ZIP rejects symlink
ok 15 - attachment ZIP rejects symlink
  ---
  duration_ms: 0.609667
  type: 'test'
  ...
# Subtest: attachment ZIP rejects size mismatch
ok 16 - attachment ZIP rejects size mismatch
  ---
  duration_ms: 21.360875
  type: 'test'
  ...
# Subtest: attachment ZIP rejects unknown compression
ok 17 - attachment ZIP rejects unknown compression
  ---
  duration_ms: 1.184875
  type: 'test'
  ...
# Subtest: attachment ZIP rejects CRC and invalid offsets
ok 18 - attachment ZIP rejects CRC and invalid offsets
  ---
  duration_ms: 1.383917
  type: 'test'
  ...
# Subtest: attachment ZIP 2001 entries refused
ok 19 - attachment ZIP 2001 entries refused
  ---
  duration_ms: 13.396667
  type: 'test'
  ...
# Subtest: attachment office active content word/vbaProject.bin is blocked
ok 20 - attachment office active content word/vbaProject.bin is blocked
  ---
  duration_ms: 78.217042
  type: 'test'
  ...
# Subtest: attachment office active content word/embeddings/oleObject1.bin is blocked
ok 21 - attachment office active content word/embeddings/oleObject1.bin is blocked
  ---
  duration_ms: 3.390666
  type: 'test'
  ...
# Subtest: attachment DOCX image has real paragraph component and no fabricated cell
ok 22 - attachment DOCX image has real paragraph component and no fabricated cell
  ---
  duration_ms: 79.000875
  type: 'test'
  ...
# Subtest: attachment ZIP expansion bounds count actual streamed bytes
ok 23 - attachment ZIP expansion bounds count actual streamed bytes
  ---
  duration_ms: 264.462916
  type: 'test'
  ...
# Subtest: attachment ZIP overlapping local records and ZIP64 unsafe sizes are rejected
ok 24 - attachment ZIP overlapping local records and ZIP64 unsafe sizes are rejected
  ---
  duration_ms: 0.575834
  type: 'test'
  ...
# Subtest: attachment XML depth cap and undefined entity do not return useful text
ok 25 - attachment XML depth cap and undefined entity do not return useful text
  ---
  duration_ms: 0.597458
  type: 'test'
  ...
# Subtest: attachment DOCX unanchored body altChunk is unsupported without fabricated paragraph
ok 26 - attachment DOCX unanchored body altChunk is unsupported without fabricated paragraph
  ---
  duration_ms: 4.3855
  type: 'test'
  ...
# Subtest: attachment renamed DOCM content type is blocked before paragraphs
ok 27 - attachment renamed DOCM content type is blocked before paragraphs
  ---
  duration_ms: 2.045917
  type: 'test'
  ...
# Subtest: attachment component locators retain old shape compatibility and reject malformed optional metadata
ok 28 - attachment component locators retain old shape compatibility and reject malformed optional metadata
  ---
  duration_ms: 31.82775
  type: 'test'
  ...
# Subtest: attachment DOCX unsupported drawing is explicit missing visual
ok 29 - attachment DOCX unsupported drawing is explicit missing visual
  ---
  duration_ms: 3.722042
  type: 'test'
  ...
# Subtest: attachment pre-anchor XML limit fails without fabricated geometry
ok 30 - attachment pre-anchor XML limit fails without fabricated geometry
  ---
  duration_ms: 0.89125
  type: 'test'
  ...
# Subtest: attachment workbook-level unsupported pivot has no invented sheet locator
ok 31 - attachment workbook-level unsupported pivot has no invented sheet locator
  ---
  duration_ms: 2.943584
  type: 'test'
  ...
# Subtest: attachment XLSX drawing image uses its C4 anchor instead of invented A1
ok 32 - attachment XLSX drawing image uses its C4 anchor instead of invented A1
  ---
  duration_ms: 5.709917
  type: 'test'
  ...
# Subtest: attachment workbook coordinate limit retains real excluded cell and shared formula source
ok 33 - attachment workbook coordinate limit retains real excluded cell and shared formula source
  ---
  duration_ms: 3.449625
  type: 'test'
  ...
# Subtest: attachment wrong Office structural namespace cannot certify empty complete
ok 34 - attachment wrong Office structural namespace cannot certify empty complete
  ---
  duration_ms: 2.2845
  type: 'test'
  ...
# Subtest: attachment DOCX nested tables restore actual outer cell and ordered header content
ok 35 - attachment DOCX nested tables restore actual outer cell and ordered header content
  ---
  duration_ms: 2.606333
  type: 'test'
  ...
# Subtest: attachment DOCX external image with actual paragraph anchor is partial without fetch
ok 36 - attachment DOCX external image with actual paragraph anchor is partial without fetch
  ---
  duration_ms: 2.427917
  type: 'test'
  ...
# Subtest: attachment XLSX empty numeric formula cache is missing and shared formula retains base source
ok 37 - attachment XLSX empty numeric formula cache is missing and shared formula retains base source
  ---
  duration_ms: 2.829667
  type: 'test'
  ...
# Subtest: attachment unknown DOCX header namespace cannot silently disappear
ok 38 - attachment unknown DOCX header namespace cannot silently disappear
  ---
  duration_ms: 2.54975
  type: 'test'
  ...
# Subtest: attachment workbook external relationship cannot silently disappear
ok 39 - attachment workbook external relationship cannot silently disappear
  ---
  duration_ms: 2.312084
  type: 'test'
  ...
# Subtest: attachment image creates only normalized vision coverage
ok 40 - attachment image creates only normalized vision coverage
  ---
  duration_ms: 120.069583
  type: 'test'
  ...
# Subtest: attachment huge image is blocked before native allocation
ok 41 - attachment huge image is blocked before native allocation
  ---
  duration_ms: 1.407167
  type: 'test'
  ...
# Subtest: attachment truncated image is corrupt
ok 42 - attachment truncated image is corrupt
  ---
  duration_ms: 1.467208
  type: 'test'
  ...
# Subtest: attachment scan cannot become complete text coverage
ok 43 - attachment scan cannot become complete text coverage
  ---
  duration_ms: 460.433792
  type: 'test'
  ...
# Subtest: attachment PDF text supplements every page vision
ok 44 - attachment PDF text supplements every page vision
  ---
  duration_ms: 35.189542
  type: 'test'
  ...
# Subtest: attachment encrypted PDF and corrupt PDF never available
ok 45 - attachment encrypted PDF and corrupt PDF never available
  ---
  duration_ms: 7.474542
  type: 'test'
  ...
# Subtest: attachment PDF page limit has explicit missing page
ok 46 - attachment PDF page limit has explicit missing page
  ---
  duration_ms: 48.206042
  type: 'test'
  ...
# Subtest: attachment JPEG EXIF orientation records original and normalized geometry
ok 47 - attachment JPEG EXIF orientation records original and normalized geometry
  ---
  duration_ms: 5.152333
  type: 'test'
  ...
# Subtest: attachment PDF javascript.pdf is blocked without useful derivatives
ok 48 - attachment PDF javascript.pdf is blocked without useful derivatives
  ---
  duration_ms: 4.721416
  type: 'test'
  ...
# Subtest: attachment PDF embedded-executable.pdf is blocked without useful derivatives
ok 49 - attachment PDF embedded-executable.pdf is blocked without useful derivatives
  ---
  duration_ms: 3.752334
  type: 'test'
  ...
# Subtest: attachment PDF launch-escaped.pdf is blocked without useful derivatives
ok 50 - attachment PDF launch-escaped.pdf is blocked without useful derivatives
  ---
  duration_ms: 2.370584
  type: 'test'
  ...
# Subtest: attachment PDF launch-incremental.pdf is blocked without useful derivatives
ok 51 - attachment PDF launch-incremental.pdf is blocked without useful derivatives
  ---
  duration_ms: 4.364792
  type: 'test'
  ...
# Subtest: attachment PDF Launch action is blocked before rendering
ok 52 - attachment PDF Launch action is blocked before rendering
  ---
  duration_ms: 3.721583
  type: 'test'
  ...
# Subtest: attachment rotated PDF retains page rotation and portfolio cannot be complete
ok 53 - attachment rotated PDF retains page rotation and portfolio cannot be complete
  ---
  duration_ms: 67.064917
  type: 'test'
  ...
# Subtest: attachment image presentation metadata cannot evade origin identity
ok 54 - attachment image presentation metadata cannot evade origin identity
  ---
  duration_ms: 12.801291
  type: 'test'
  ...
# Subtest: attachment PDF compressed object stream Launch remains blocked
ok 55 - attachment PDF compressed object stream Launch remains blocked
  ---
  duration_ms: 14.453125
  type: 'test'
  ...
# Subtest: attachment optional EXIF provenance rejects extras and inconsistent finite geometry
ok 56 - attachment optional EXIF provenance rejects extras and inconsistent finite geometry
  ---
  duration_ms: 10.908167
  type: 'test'
  ...
# Subtest: attachment text preserves UTF8 source byte spans and literal scripts
ok 57 - attachment text preserves UTF8 source byte spans and literal scripts
  ---
  duration_ms: 12.340583
  type: 'test'
  ...
# Subtest: attachment text UTF16 endian BOM and invalid UTF8
ok 58 - attachment text UTF16 endian BOM and invalid UTF8
  ---
  duration_ms: 5.119792
  type: 'test'
  ...
# Subtest: attachment text cap preserves missing original tail
ok 59 - attachment text cap preserves missing original tail
  ---
  duration_ms: 0.818
  type: 'test'
  ...
# Subtest: attachment csv retains multiline quoted cells without evaluating formula
ok 60 - attachment csv retains multiline quoted cells without evaluating formula
  ---
  duration_ms: 1.208916
  type: 'test'
  ...
# Subtest: attachment malformed CSV "a\\"b,c"
ok 61 - attachment malformed CSV "a\\"b,c"
  ---
  duration_ms: 0.891333
  type: 'test'
  ...
# Subtest: attachment malformed CSV "\\"a\\"x,c"
ok 62 - attachment malformed CSV "\\"a\\"x,c"
  ---
  duration_ms: 0.354792
  type: 'test'
  ...
# Subtest: attachment malformed CSV "\\"unclosed"
ok 63 - attachment malformed CSV "\\"unclosed"
  ---
  duration_ms: 0.230416
  type: 'test'
  ...
# Subtest: attachment CSV cap reports missing rows
ok 64 - attachment CSV cap reports missing rows
  ---
  duration_ms: 0.550959
  type: 'test'
  ...
# Subtest: attachment verification binds bytes and rejects missing coverage
ok 65 - attachment verification binds bytes and rejects missing coverage
  ---
  duration_ms: 19.008667
  type: 'test'
  ...
# Subtest: attachment UTF16 capped tail uses real byte and line boundaries
ok 66 - attachment UTF16 capped tail uses real byte and line boundaries
  ---
  duration_ms: 29.985083
  type: 'test'
  ...
# Subtest: attachment complete text whitespace has explicit zero content coverage
ok 67 - attachment complete text whitespace has explicit zero content coverage
  ---
  duration_ms: 1.49475
  type: 'test'
  ...
# Subtest: attachment entire golden corpus verifies every available derivative and original identity
ok 68 - attachment entire golden corpus verifies every available derivative and original identity
  ---
  duration_ms: 805.805626
  type: 'test'
  ...
# Subtest: attachment corpus challenge cannot act as production admission
ok 69 - attachment corpus challenge cannot act as production admission
  ---
  duration_ms: 8.668791
  type: 'test'
  ...
# Subtest: attachment corpus verifier binds immutable challenge before any spawn
ok 70 - attachment corpus verifier binds immutable challenge before any spawn
  ---
  duration_ms: 0.568666
  type: 'test'
  ...
# Subtest: attachment framed extraction emits bounded chunks and matching terminal digest
ok 71 - attachment framed extraction emits bounded chunks and matching terminal digest
  ---
  duration_ms: 21.376834
  type: 'test'
  ...
# Subtest: attachment metadata overflow preserves prefix and declares missing tail
ok 72 - attachment metadata overflow preserves prefix and declares missing tail
  ---
  duration_ms: 56.748
  type: 'test'
  ...
# Subtest: attachment production authority rejects wrong permit before Docker and binds full limits
ok 73 - attachment production authority rejects wrong permit before Docker and binds full limits
  ---
  duration_ms: 9.585875
  type: 'test'
  ...
# Subtest: attachment CSV Unicode field byte cap uses codepoints and large row sets group coverage
ok 74 - attachment CSV Unicode field byte cap uses codepoints and large row sets group coverage
  ---
  duration_ms: 280.474292
  type: 'test'
  ...
# Subtest: attachment missing coverage append is bounded before allocation grows
ok 75 - attachment missing coverage append is bounded before allocation grows
  ---
  duration_ms: 1.103333
  type: 'test'
  ...
# Subtest: attachment metadata budget retains a verifiable available prefix before progressive output
ok 76 - attachment metadata budget retains a verifiable available prefix before progressive output
  ---
  duration_ms: 612.94525
  type: 'test'
  ...
1..76
# tests 76
# suites 0
# pass 76
# fail 0
# cancelled 0
# skipped 0
# todo 0
# duration_ms 7127.257545
