TAP version 13
# Subtest: attachment signatures outrank names and declared MIME
ok 1 - attachment signatures outrank names and declared MIME
  ---
  duration_ms: 34.398584
  type: 'test'
  ...
# Subtest: attachment OLE magic alone cannot prove encryption
ok 2 - attachment OLE magic alone cannot prove encryption
  ---
  duration_ms: 0.555708
  type: 'test'
  ...
# Subtest: attachment binary masquerading as text is unsupported
ok 3 - attachment binary masquerading as text is unsupported
  ---
  duration_ms: 0.895583
  type: 'test'
  ...
# Subtest: attachment OLE confirms named encryption streams only with finite valid FAT directory chain
ok 4 - attachment OLE confirms named encryption streams only with finite valid FAT directory chain
  ---
  duration_ms: 7.715625
  type: 'test'
  ...
# Subtest: attachment Vietnamese DOCX preserves actual part paragraph locator
ok 5 - attachment Vietnamese DOCX preserves actual part paragraph locator
  ---
  duration_ms: 89.82125
  type: 'test'
  ...
# Subtest: attachment XLSX includes veryHidden sheet and literal cached formula
ok 6 - attachment XLSX includes veryHidden sheet and literal cached formula
  ---
  duration_ms: 72.261875
  type: 'test'
  ...
# Subtest: attachment XLSX absent formula cache is missing coverage
ok 7 - attachment XLSX absent formula cache is missing coverage
  ---
  duration_ms: 12.016167
  type: 'test'
  ...
# Subtest: attachment XML rejects DTD and namespace alias is recognized
ok 8 - attachment XML rejects DTD and namespace alias is recognized
  ---
  duration_ms: 1.903625
  type: 'test'
  ...
# Subtest: attachment ZIP rejects paths ["a","A"]
ok 9 - attachment ZIP rejects paths ["a","A"]
  ---
  duration_ms: 0.893792
  type: 'test'
  ...
# Subtest: attachment ZIP rejects paths ["é","é"]
ok 10 - attachment ZIP rejects paths ["é","é"]
  ---
  duration_ms: 2.101834
  type: 'test'
  ...
# Subtest: attachment ZIP rejects paths ["a/b","a\\\\b"]
ok 11 - attachment ZIP rejects paths ["a/b","a\\\\b"]
  ---
  duration_ms: 1.25025
  type: 'test'
  ...
# Subtest: attachment ZIP rejects paths ["../a"]
ok 12 - attachment ZIP rejects paths ["../a"]
  ---
  duration_ms: 0.921167
  type: 'test'
  ...
# Subtest: attachment ZIP rejects paths ["/a"]
ok 13 - attachment ZIP rejects paths ["/a"]
  ---
  duration_ms: 0.959083
  type: 'test'
  ...
# Subtest: attachment ZIP rejects encryption
ok 14 - attachment ZIP rejects encryption
  ---
  duration_ms: 1.195375
  type: 'test'
  ...
# Subtest: attachment ZIP rejects symlink
ok 15 - attachment ZIP rejects symlink
  ---
  duration_ms: 0.445167
  type: 'test'
  ...
# Subtest: attachment ZIP rejects size mismatch
ok 16 - attachment ZIP rejects size mismatch
  ---
  duration_ms: 5.0705
  type: 'test'
  ...
# Subtest: attachment ZIP rejects unknown compression
ok 17 - attachment ZIP rejects unknown compression
  ---
  duration_ms: 1.012458
  type: 'test'
  ...
# Subtest: attachment ZIP rejects CRC and invalid offsets
ok 18 - attachment ZIP rejects CRC and invalid offsets
  ---
  duration_ms: 1.402125
  type: 'test'
  ...
# Subtest: attachment ZIP 2001 entries refused
ok 19 - attachment ZIP 2001 entries refused
  ---
  duration_ms: 76.075417
  type: 'test'
  ...
# Subtest: attachment office active content word/vbaProject.bin is blocked
ok 20 - attachment office active content word/vbaProject.bin is blocked
  ---
  duration_ms: 81.326166
  type: 'test'
  ...
# Subtest: attachment office active content word/embeddings/oleObject1.bin is blocked
ok 21 - attachment office active content word/embeddings/oleObject1.bin is blocked
  ---
  duration_ms: 5.770459
  type: 'test'
  ...
# Subtest: attachment DOCX image has real paragraph component and no fabricated cell
ok 22 - attachment DOCX image has real paragraph component and no fabricated cell
  ---
  duration_ms: 111.402041
  type: 'test'
  ...
# Subtest: attachment ZIP expansion bounds count actual streamed bytes
ok 23 - attachment ZIP expansion bounds count actual streamed bytes
  ---
  duration_ms: 294.8245
  type: 'test'
  ...
# Subtest: attachment ZIP overlapping local records and ZIP64 unsafe sizes are rejected
ok 24 - attachment ZIP overlapping local records and ZIP64 unsafe sizes are rejected
  ---
  duration_ms: 0.81775
  type: 'test'
  ...
# Subtest: attachment XML depth cap and undefined entity do not return useful text
ok 25 - attachment XML depth cap and undefined entity do not return useful text
  ---
  duration_ms: 1.055083
  type: 'test'
  ...
# Subtest: attachment DOCX altChunk and external image are missing coverage without fetch
ok 26 - attachment DOCX altChunk and external image are missing coverage without fetch
  ---
  duration_ms: 3.383333
  type: 'test'
  ...
# Subtest: attachment renamed DOCM content type is blocked before paragraphs
ok 27 - attachment renamed DOCM content type is blocked before paragraphs
  ---
  duration_ms: 1.695708
  type: 'test'
  ...
# Subtest: attachment component locators retain old shape compatibility and reject malformed optional metadata
ok 28 - attachment component locators retain old shape compatibility and reject malformed optional metadata
  ---
  duration_ms: 33.111792
  type: 'test'
  ...
# Subtest: attachment DOCX unsupported drawing is explicit missing visual
ok 29 - attachment DOCX unsupported drawing is explicit missing visual
  ---
  duration_ms: 4.208417
  type: 'test'
  ...
# Subtest: attachment image creates only normalized vision coverage
ok 30 - attachment image creates only normalized vision coverage
  ---
  duration_ms: 103.657083
  type: 'test'
  ...
# Subtest: attachment huge image is blocked before native allocation
ok 31 - attachment huge image is blocked before native allocation
  ---
  duration_ms: 1.37875
  type: 'test'
  ...
# Subtest: attachment truncated image is corrupt
ok 32 - attachment truncated image is corrupt
  ---
  duration_ms: 1.617709
  type: 'test'
  ...
# Subtest: attachment scan cannot become complete text coverage
ok 33 - attachment scan cannot become complete text coverage
  ---
  duration_ms: 544.090542
  type: 'test'
  ...
# Subtest: attachment PDF text supplements every page vision
ok 34 - attachment PDF text supplements every page vision
  ---
  duration_ms: 95.140167
  type: 'test'
  ...
# Subtest: attachment encrypted PDF and corrupt PDF never available
ok 35 - attachment encrypted PDF and corrupt PDF never available
  ---
  duration_ms: 23.84625
  type: 'test'
  ...
# Subtest: attachment PDF page limit has explicit missing page
ok 36 - attachment PDF page limit has explicit missing page
  ---
  duration_ms: 47.784291
  type: 'test'
  ...
# Subtest: attachment JPEG EXIF orientation records original and normalized geometry
ok 37 - attachment JPEG EXIF orientation records original and normalized geometry
  ---
  duration_ms: 10.483
  type: 'test'
  ...
# Subtest: attachment PDF javascript.pdf is blocked without useful derivatives
ok 38 - attachment PDF javascript.pdf is blocked without useful derivatives
  ---
  duration_ms: 12.493667
  type: 'test'
  ...
# Subtest: attachment PDF embedded-executable.pdf is blocked without useful derivatives
ok 39 - attachment PDF embedded-executable.pdf is blocked without useful derivatives
  ---
  duration_ms: 7.479708
  type: 'test'
  ...
# Subtest: attachment text preserves UTF8 source byte spans and literal scripts
ok 40 - attachment text preserves UTF8 source byte spans and literal scripts
  ---
  duration_ms: 45.442166
  type: 'test'
  ...
# Subtest: attachment text UTF16 endian BOM and invalid UTF8
ok 41 - attachment text UTF16 endian BOM and invalid UTF8
  ---
  duration_ms: 3.707084
  type: 'test'
  ...
# Subtest: attachment text cap preserves missing original tail
ok 42 - attachment text cap preserves missing original tail
  ---
  duration_ms: 1.478333
  type: 'test'
  ...
# Subtest: attachment csv retains multiline quoted cells without evaluating formula
ok 43 - attachment csv retains multiline quoted cells without evaluating formula
  ---
  duration_ms: 1.298625
  type: 'test'
  ...
# Subtest: attachment malformed CSV "a\\"b,c"
ok 44 - attachment malformed CSV "a\\"b,c"
  ---
  duration_ms: 1.056375
  type: 'test'
  ...
# Subtest: attachment malformed CSV "\\"a\\"x,c"
ok 45 - attachment malformed CSV "\\"a\\"x,c"
  ---
  duration_ms: 0.38725
  type: 'test'
  ...
# Subtest: attachment malformed CSV "\\"unclosed"
ok 46 - attachment malformed CSV "\\"unclosed"
  ---
  duration_ms: 0.3425
  type: 'test'
  ...
# Subtest: attachment CSV cap reports missing rows
ok 47 - attachment CSV cap reports missing rows
  ---
  duration_ms: 1.215209
  type: 'test'
  ...
# Subtest: attachment verification binds bytes and rejects missing coverage
ok 48 - attachment verification binds bytes and rejects missing coverage
  ---
  duration_ms: 21.514208
  type: 'test'
  ...
# Subtest: attachment UTF16 capped tail uses real byte and line boundaries
ok 49 - attachment UTF16 capped tail uses real byte and line boundaries
  ---
  duration_ms: 2.45475
  type: 'test'
  ...
# Subtest: attachment complete text whitespace has explicit zero content coverage
ok 50 - attachment complete text whitespace has explicit zero content coverage
  ---
  duration_ms: 0.733459
  type: 'test'
  ...
# Subtest: attachment entire golden corpus verifies every available derivative and original identity
ok 51 - attachment entire golden corpus verifies every available derivative and original identity
  ---
  duration_ms: 765.393292
  type: 'test'
  ...
# Subtest: attachment corpus challenge cannot act as production admission
ok 52 - attachment corpus challenge cannot act as production admission
  ---
  duration_ms: 11.403291
  type: 'test'
  ...
# Subtest: attachment corpus verifier binds immutable challenge before any spawn
ok 53 - attachment corpus verifier binds immutable challenge before any spawn
  ---
  duration_ms: 0.635834
  type: 'test'
  ...
# Subtest: attachment framed extraction emits bounded chunks and matching terminal digest
ok 54 - attachment framed extraction emits bounded chunks and matching terminal digest
  ---
  duration_ms: 27.558958
  type: 'test'
  ...
# Subtest: attachment metadata overflow preserves prefix and declares missing tail
ok 55 - attachment metadata overflow preserves prefix and declares missing tail
  ---
  duration_ms: 69.789291
  type: 'test'
  ...
1..55
# tests 55
# suites 0
# pass 55
# fail 0
# cancelled 0
# skipped 0
# todo 0
# duration_ms 7438.055254
