✔ attachment signatures outrank names and declared MIME (12.174958ms)
✔ attachment OLE magic alone cannot prove encryption (0.493375ms)
✔ attachment binary masquerading as text is unsupported (0.946333ms)
✔ attachment Vietnamese DOCX preserves actual part paragraph locator (75.399708ms)
✔ attachment XLSX includes veryHidden sheet and literal cached formula (18.425ms)
✔ attachment XLSX absent formula cache is missing coverage (8.509375ms)
✔ attachment XML rejects DTD and namespace alias is recognized (1.490125ms)
✔ attachment ZIP rejects paths ["a","A"] (0.735542ms)
✔ attachment ZIP rejects paths ["é","é"] (36.768333ms)
✔ attachment ZIP rejects paths ["a/b","a\\b"] (1.356792ms)
✔ attachment ZIP rejects paths ["../a"] (0.558667ms)
✔ attachment ZIP rejects paths ["/a"] (0.849209ms)
✔ attachment ZIP rejects encryption (1.662542ms)
✔ attachment ZIP rejects symlink (0.438458ms)
✔ attachment ZIP rejects size mismatch (3.014125ms)
✔ attachment ZIP rejects unknown compression (0.495458ms)
✔ attachment ZIP rejects CRC and invalid offsets (1.392166ms)
✔ attachment ZIP 2001 entries refused (27.328916ms)
✔ attachment office active content word/vbaProject.bin is blocked (81.383167ms)
✔ attachment office active content word/embeddings/oleObject1.bin is blocked (5.612541ms)
✖ test/attachments-pdf-image.unit.test.ts (976.000376ms)
✔ attachment text preserves UTF8 source byte spans and literal scripts (9.711917ms)
✔ attachment text UTF16 endian BOM and invalid UTF8 (3.340042ms)
✔ attachment text cap preserves missing original tail (0.6985ms)
✔ attachment csv retains multiline quoted cells without evaluating formula (0.784125ms)
✔ attachment malformed CSV "a\"b,c" (0.738667ms)
✔ attachment malformed CSV "\"a\"x,c" (0.500875ms)
✔ attachment malformed CSV "\"unclosed" (0.457041ms)
✔ attachment CSV cap reports missing rows (0.796666ms)
✔ attachment verification binds bytes and rejects missing coverage (4.934375ms)
ℹ tests 30
ℹ suites 0
ℹ pass 29
ℹ fail 1
ℹ cancelled 0
ℹ skipped 0
ℹ todo 0
ℹ duration_ms 4132.442502

✖ failing tests:

test at test/attachments-pdf-image.unit.test.ts:1:1
✖ test/attachments-pdf-image.unit.test.ts (976.000376ms)
  'test failed'
