TAP version 13
# Subtest: attachment signatures outrank names and declared MIME
ok 1 - attachment signatures outrank names and declared MIME
  ---
  duration_ms: 9.2785
  type: 'test'
  ...
# Subtest: attachment OLE magic alone cannot prove encryption
ok 2 - attachment OLE magic alone cannot prove encryption
  ---
  duration_ms: 0.334459
  type: 'test'
  ...
# Subtest: attachment binary masquerading as text is unsupported
ok 3 - attachment binary masquerading as text is unsupported
  ---
  duration_ms: 0.73575
  type: 'test'
  ...
# Subtest: attachment OLE confirms named encryption streams only with finite valid FAT directory chain
ok 4 - attachment OLE confirms named encryption streams only with finite valid FAT directory chain
  ---
  duration_ms: 5.363792
  type: 'test'
  ...
# Subtest: attachment Vietnamese DOCX preserves actual part paragraph locator
ok 5 - attachment Vietnamese DOCX preserves actual part paragraph locator
  ---
  duration_ms: 106.439042
  type: 'test'
  ...
# Subtest: attachment XLSX includes veryHidden sheet and literal cached formula
ok 6 - attachment XLSX includes veryHidden sheet and literal cached formula
  ---
  duration_ms: 17.458833
  type: 'test'
  ...
# Subtest: attachment XLSX absent formula cache is missing coverage
ok 7 - attachment XLSX absent formula cache is missing coverage
  ---
  duration_ms: 9.616791
  type: 'test'
  ...
# Subtest: attachment XML rejects DTD and namespace alias is recognized
ok 8 - attachment XML rejects DTD and namespace alias is recognized
  ---
  duration_ms: 1.424
  type: 'test'
  ...
# Subtest: attachment ZIP rejects paths ["a","A"]
ok 9 - attachment ZIP rejects paths ["a","A"]
  ---
  duration_ms: 1.501125
  type: 'test'
  ...
# Subtest: attachment ZIP rejects paths ["é","é"]
ok 10 - attachment ZIP rejects paths ["é","é"]
  ---
  duration_ms: 1.535167
  type: 'test'
  ...
# Subtest: attachment ZIP rejects paths ["a/b","a\\\\b"]
ok 11 - attachment ZIP rejects paths ["a/b","a\\\\b"]
  ---
  duration_ms: 0.636167
  type: 'test'
  ...
# Subtest: attachment ZIP rejects paths ["../a"]
ok 12 - attachment ZIP rejects paths ["../a"]
  ---
  duration_ms: 0.704959
  type: 'test'
  ...
# Subtest: attachment ZIP rejects paths ["/a"]
ok 13 - attachment ZIP rejects paths ["/a"]
  ---
  duration_ms: 0.878667
  type: 'test'
  ...
# Subtest: attachment ZIP rejects encryption
ok 14 - attachment ZIP rejects encryption
  ---
  duration_ms: 1.369875
  type: 'test'
  ...
# Subtest: attachment ZIP rejects symlink
ok 15 - attachment ZIP rejects symlink
  ---
  duration_ms: 0.415667
  type: 'test'
  ...
# Subtest: attachment ZIP rejects size mismatch
ok 16 - attachment ZIP rejects size mismatch
  ---
  duration_ms: 55.284334
  type: 'test'
  ...
# Subtest: attachment ZIP rejects unknown compression
ok 17 - attachment ZIP rejects unknown compression
  ---
  duration_ms: 1.144792
  type: 'test'
  ...
# Subtest: attachment ZIP rejects CRC and invalid offsets
ok 18 - attachment ZIP rejects CRC and invalid offsets
  ---
  duration_ms: 2.167875
  type: 'test'
  ...
# Subtest: attachment ZIP 2001 entries refused
ok 19 - attachment ZIP 2001 entries refused
  ---
  duration_ms: 18.238333
  type: 'test'
  ...
# Subtest: attachment office active content word/vbaProject.bin is blocked
ok 20 - attachment office active content word/vbaProject.bin is blocked
  ---
  duration_ms: 70.859292
  type: 'test'
  ...
# Subtest: attachment office active content word/embeddings/oleObject1.bin is blocked
ok 21 - attachment office active content word/embeddings/oleObject1.bin is blocked
  ---
  duration_ms: 2.312125
  type: 'test'
  ...
# Subtest: attachment DOCX image has real paragraph component and no fabricated cell
ok 22 - attachment DOCX image has real paragraph component and no fabricated cell
  ---
  duration_ms: 109.416167
  type: 'test'
  ...
# Subtest: attachment ZIP expansion bounds count actual streamed bytes
ok 23 - attachment ZIP expansion bounds count actual streamed bytes
  ---
  duration_ms: 284.312417
  type: 'test'
  ...
# Subtest: attachment ZIP overlapping local records and ZIP64 unsafe sizes are rejected
ok 24 - attachment ZIP overlapping local records and ZIP64 unsafe sizes are rejected
  ---
  duration_ms: 0.610459
  type: 'test'
  ...
# Subtest: attachment XML depth cap and undefined entity do not return useful text
ok 25 - attachment XML depth cap and undefined entity do not return useful text
  ---
  duration_ms: 0.582417
  type: 'test'
  ...
# Subtest: attachment DOCX unanchored body altChunk is unsupported without fabricated paragraph
ok 26 - attachment DOCX unanchored body altChunk is unsupported without fabricated paragraph
  ---
  duration_ms: 3.002458
  type: 'test'
  ...
# Subtest: attachment renamed DOCM content type is blocked before paragraphs
ok 27 - attachment renamed DOCM content type is blocked before paragraphs
  ---
  duration_ms: 2.079667
  type: 'test'
  ...
# Subtest: attachment component locators retain old shape compatibility and reject malformed optional metadata
ok 28 - attachment component locators retain old shape compatibility and reject malformed optional metadata
  ---
  duration_ms: 24.318125
  type: 'test'
  ...
# Subtest: attachment DOCX unsupported drawing is explicit missing visual
ok 29 - attachment DOCX unsupported drawing is explicit missing visual
  ---
  duration_ms: 3.630583
  type: 'test'
  ...
# Subtest: attachment pre-anchor XML limit fails without fabricated geometry
ok 30 - attachment pre-anchor XML limit fails without fabricated geometry
  ---
  duration_ms: 2.046125
  type: 'test'
  ...
# Subtest: attachment workbook-level unsupported pivot has no invented sheet locator
ok 31 - attachment workbook-level unsupported pivot has no invented sheet locator
  ---
  duration_ms: 2.702292
  type: 'test'
  ...
# Subtest: attachment XLSX drawing image uses its C4 anchor instead of invented A1
ok 32 - attachment XLSX drawing image uses its C4 anchor instead of invented A1
  ---
  duration_ms: 5.475541
  type: 'test'
  ...
# Subtest: attachment workbook coordinate limit retains real excluded cell and shared formula source
ok 33 - attachment workbook coordinate limit retains real excluded cell and shared formula source
  ---
  duration_ms: 3.4305
  type: 'test'
  ...
# Subtest: attachment wrong Office structural namespace cannot certify empty complete
ok 34 - attachment wrong Office structural namespace cannot certify empty complete
  ---
  duration_ms: 2.641209
  type: 'test'
  ...
# Subtest: attachment DOCX nested tables restore actual outer cell and ordered header content
ok 35 - attachment DOCX nested tables restore actual outer cell and ordered header content
  ---
  duration_ms: 4.100459
  type: 'test'
  ...
# Subtest: attachment DOCX external image with actual paragraph anchor is partial without fetch
ok 36 - attachment DOCX external image with actual paragraph anchor is partial without fetch
  ---
  duration_ms: 27.118083
  type: 'test'
  ...
# Subtest: attachment XLSX empty numeric formula cache is missing and shared formula retains base source
ok 37 - attachment XLSX empty numeric formula cache is missing and shared formula retains base source
  ---
  duration_ms: 3.247875
  type: 'test'
  ...
# Subtest: attachment unknown DOCX header namespace cannot silently disappear
ok 38 - attachment unknown DOCX header namespace cannot silently disappear
  ---
  duration_ms: 2.345458
  type: 'test'
  ...
# Subtest: attachment workbook external relationship cannot silently disappear
ok 39 - attachment workbook external relationship cannot silently disappear
  ---
  duration_ms: 2.2785
  type: 'test'
  ...
# Subtest: attachment image creates only normalized vision coverage
ok 40 - attachment image creates only normalized vision coverage
  ---
  duration_ms: 128.26225
  type: 'test'
  ...
# Subtest: attachment huge image is blocked before native allocation
ok 41 - attachment huge image is blocked before native allocation
  ---
  duration_ms: 1.449708
  type: 'test'
  ...
# Subtest: attachment truncated image is corrupt
ok 42 - attachment truncated image is corrupt
  ---
  duration_ms: 0.712584
  type: 'test'
  ...
# Subtest: attachment scan cannot become complete text coverage
ok 43 - attachment scan cannot become complete text coverage
  ---
  duration_ms: 450.479459
  type: 'test'
  ...
# Subtest: attachment PDF text supplements every page vision
ok 44 - attachment PDF text supplements every page vision
  ---
  duration_ms: 34.640875
  type: 'test'
  ...
# Subtest: attachment encrypted PDF and corrupt PDF never available
ok 45 - attachment encrypted PDF and corrupt PDF never available
  ---
  duration_ms: 40.966792
  type: 'test'
  ...
# Subtest: attachment PDF page limit has explicit missing page
ok 46 - attachment PDF page limit has explicit missing page
  ---
  duration_ms: 24.900708
  type: 'test'
  ...
# Subtest: attachment JPEG EXIF orientation records original and normalized geometry
ok 47 - attachment JPEG EXIF orientation records original and normalized geometry
  ---
  duration_ms: 6.29125
  type: 'test'
  ...
# Subtest: attachment PDF javascript.pdf is blocked without useful derivatives
ok 48 - attachment PDF javascript.pdf is blocked without useful derivatives
  ---
  duration_ms: 4.276375
  type: 'test'
  ...
# Subtest: attachment PDF embedded-executable.pdf is blocked without useful derivatives
ok 49 - attachment PDF embedded-executable.pdf is blocked without useful derivatives
  ---
  duration_ms: 3.3665
  type: 'test'
  ...
# Subtest: attachment PDF launch-escaped.pdf is blocked without useful derivatives
ok 50 - attachment PDF launch-escaped.pdf is blocked without useful derivatives
  ---
  duration_ms: 2.319041
  type: 'test'
  ...
# Subtest: attachment PDF launch-incremental.pdf is blocked without useful derivatives
ok 51 - attachment PDF launch-incremental.pdf is blocked without useful derivatives
  ---
  duration_ms: 4.520833
  type: 'test'
  ...
# Subtest: attachment PDF Launch action is blocked before rendering
ok 52 - attachment PDF Launch action is blocked before rendering
  ---
  duration_ms: 3.507958
  type: 'test'
  ...
# Subtest: attachment rotated PDF retains page rotation and portfolio cannot be complete
ok 53 - attachment rotated PDF retains page rotation and portfolio cannot be complete
  ---
  duration_ms: 61.565916
  type: 'test'
  ...
# Subtest: attachment image presentation metadata cannot evade origin identity
ok 54 - attachment image presentation metadata cannot evade origin identity
  ---
  duration_ms: 13.159042
  type: 'test'
  ...
# Subtest: attachment PDF compressed object stream Launch remains blocked
ok 55 - attachment PDF compressed object stream Launch remains blocked
  ---
  duration_ms: 18.017291
  type: 'test'
  ...
# Subtest: attachment text preserves UTF8 source byte spans and literal scripts
ok 56 - attachment text preserves UTF8 source byte spans and literal scripts
  ---
  duration_ms: 12.386834
  type: 'test'
  ...
# Subtest: attachment text UTF16 endian BOM and invalid UTF8
ok 57 - attachment text UTF16 endian BOM and invalid UTF8
  ---
  duration_ms: 7.271125
  type: 'test'
  ...
# Subtest: attachment text cap preserves missing original tail
ok 58 - attachment text cap preserves missing original tail
  ---
  duration_ms: 0.749375
  type: 'test'
  ...
# Subtest: attachment csv retains multiline quoted cells without evaluating formula
ok 59 - attachment csv retains multiline quoted cells without evaluating formula
  ---
  duration_ms: 1.045083
  type: 'test'
  ...
# Subtest: attachment malformed CSV "a\\"b,c"
ok 60 - attachment malformed CSV "a\\"b,c"
  ---
  duration_ms: 0.900708
  type: 'test'
  ...
# Subtest: attachment malformed CSV "\\"a\\"x,c"
ok 61 - attachment malformed CSV "\\"a\\"x,c"
  ---
  duration_ms: 0.363833
  type: 'test'
  ...
# Subtest: attachment malformed CSV "\\"unclosed"
ok 62 - attachment malformed CSV "\\"unclosed"
  ---
  duration_ms: 0.23325
  type: 'test'
  ...
# Subtest: attachment CSV cap reports missing rows
ok 63 - attachment CSV cap reports missing rows
  ---
  duration_ms: 0.728167
  type: 'test'
  ...
# Subtest: attachment verification binds bytes and rejects missing coverage
ok 64 - attachment verification binds bytes and rejects missing coverage
  ---
  duration_ms: 45.053167
  type: 'test'
  ...
# Subtest: attachment UTF16 capped tail uses real byte and line boundaries
ok 65 - attachment UTF16 capped tail uses real byte and line boundaries
  ---
  duration_ms: 3.350292
  type: 'test'
  ...
# Subtest: attachment complete text whitespace has explicit zero content coverage
ok 66 - attachment complete text whitespace has explicit zero content coverage
  ---
  duration_ms: 1.0125
  type: 'test'
  ...
# Subtest: attachment entire golden corpus verifies every available derivative and original identity
ok 67 - attachment entire golden corpus verifies every available derivative and original identity
  ---
  duration_ms: 825.027293
  type: 'test'
  ...
# Subtest: attachment corpus challenge cannot act as production admission
ok 68 - attachment corpus challenge cannot act as production admission
  ---
  duration_ms: 8.800666
  type: 'test'
  ...
# Subtest: attachment corpus verifier binds immutable challenge before any spawn
ok 69 - attachment corpus verifier binds immutable challenge before any spawn
  ---
  duration_ms: 0.788708
  type: 'test'
  ...
# Subtest: attachment framed extraction emits bounded chunks and matching terminal digest
ok 70 - attachment framed extraction emits bounded chunks and matching terminal digest
  ---
  duration_ms: 22.285333
  type: 'test'
  ...
# Subtest: attachment metadata overflow preserves prefix and declares missing tail
ok 71 - attachment metadata overflow preserves prefix and declares missing tail
  ---
  duration_ms: 46.862166
  type: 'test'
  ...
# Subtest: attachment production authority rejects wrong permit before Docker and binds full limits
ok 72 - attachment production authority rejects wrong permit before Docker and binds full limits
  ---
  duration_ms: 9.33275
  type: 'test'
  ...
# Subtest: attachment CSV Unicode field byte cap uses codepoints and large row sets group coverage
ok 73 - attachment CSV Unicode field byte cap uses codepoints and large row sets group coverage
  ---
  duration_ms: 247.293166
  type: 'test'
  ...
# Subtest: attachment missing coverage append is bounded before allocation grows
ok 74 - attachment missing coverage append is bounded before allocation grows
  ---
  duration_ms: 0.939209
  type: 'test'
  ...
# Subtest: attachment metadata budget retains a verifiable available prefix before progressive output
ok 75 - attachment metadata budget retains a verifiable available prefix before progressive output
  ---
  duration_ms: 569.130292
  type: 'test'
  ...
1..75
# tests 75
# suites 0
# pass 75
# fail 0
# cancelled 0
# skipped 0
# todo 0
# duration_ms 7116.553545
