
 RUN  v4.1.11 /Users/phannhatquang/Documents/Projects/crew/.worktrees/paperclip-r13-session/server

 ❯ src/__tests__/crew-bundle-resume.test.ts (0 test)

⎯⎯⎯⎯⎯⎯ Failed Suites 1 ⎯⎯⎯⎯⎯⎯⎯

 FAIL  src/__tests__/crew-bundle-resume.test.ts [ src/__tests__/crew-bundle-resume.test.ts ]
Error: Cannot find module '/src/crew/bundle-resume.ts' imported from /Users/phannhatquang/Documents/Projects/crew/.worktrees/paperclip-r13-session/server/src/__tests__/crew-bundle-resume.test.ts
 ❯ src/__tests__/crew-bundle-resume.test.ts:17:1
     15| } from "@paperclipai/db";
     16| import { getEmbeddedPostgresTestSupport, startEmbeddedPostgresTestData…
     17| import {
       | ^
     18|   applyBundleResume,
     19|   applyBundleResumeSafely,

⎯⎯⎯⎯⎯⎯⎯⎯⎯⎯⎯⎯⎯⎯⎯⎯⎯⎯⎯⎯⎯⎯⎯⎯[1/1]⎯


 Test Files  1 failed (1)
      Tests  no tests
   Start at  14:29:11
   Duration  1.18s (transform 538ms, setup 97ms, import 0ms, tests 0ms, environment 0ms)

undefined
/Users/phannhatquang/Documents/Projects/crew/.worktrees/paperclip-r13-session/server:
 ERR_PNPM_RECURSIVE_EXEC_FIRST_FAIL  Command failed with exit code 1: vitest run src/__tests__/crew-bundle-resume.test.ts -t parseCrewBundle|pickBundlePredecessor|applyBundleResumeSafely|thứ tự cổng tải
