src/adapters/registry.ts(426,62): error TS2307: Cannot find module '@paperclipai/paperclip-runner/live' or its corresponding type declarations.
src/realtime/runner-prp-ws.test.ts(7,40): error TS2307: Cannot find module '@paperclipai/paperclip-runner' or its corresponding type declarations.
src/realtime/runner-prp-ws.test.ts(341,14): error TS7006: Parameter 'candidate' implicitly has an 'any' type.
src/routes/project-tools.ts(22,29): error TS7006: Parameter 'tool' implicitly has an 'any' type.
src/services/native-runtime/completion-contracts.test.ts(129,34): error TS7006: Parameter 'c' implicitly has an 'any' type.
src/services/native-runtime/evidence-classifier.ts(314,77): error TS7006: Parameter 'entry' implicitly has an 'any' type.
src/services/native-runtime/evidence-classifier.ts(335,40): error TS7006: Parameter 'entry' implicitly has an 'any' type.
src/services/native-runtime/evidence-classifier.ts(335,84): error TS7006: Parameter 'entry' implicitly has an 'any' type.
src/services/native-runtime/evidence-classifier.ts(340,99): error TS7006: Parameter 'entry' implicitly has an 'any' type.
src/services/native-runtime/evidence-classifier.ts(341,63): error TS7006: Parameter 'entry' implicitly has an 'any' type.
src/services/native-runtime/evidence-classifier.ts(380,16): error TS7006: Parameter 'entry' implicitly has an 'any' type.
src/services/native-runtime/evidence-classifier.ts(381,13): error TS7006: Parameter 'entry' implicitly has an 'any' type.
src/services/native-runtime/managed-native-credentials.ts(46,26): error TS7006: Parameter 'input' implicitly has an 'any' type.
src/services/native-runtime/native-completion-feedback.ts(74,59): error TS7006: Parameter 'criterion' implicitly has an 'any' type.
src/services/native-runtime/native-completion-feedback.ts(75,109): error TS7006: Parameter 'id' implicitly has an 'any' type.
src/services/native-runtime/native-completion-feedback.ts(85,10): error TS7006: Parameter 'entry' implicitly has an 'any' type.
src/services/native-runtime/native-completion-feedback.ts(88,10): error TS7006: Parameter 'entry' implicitly has an 'any' type.
src/services/native-runtime/native-completion-feedback.ts(90,34): error TS7006: Parameter 'entry' implicitly has an 'any' type.
src/services/native-runtime/native-deliverable-feedback.ts(101,51): error TS7031: Binding element 'evidenceRefs' implicitly has an 'any' type.
src/services/native-runtime/native-execution-input.test.ts(254,12): error TS7006: Parameter 'response' implicitly has an 'any' type.
src/services/native-runtime/native-provider-capacity.integration.test.ts(19,8): error TS2307: Cannot find module '@paperclipai/paperclip-runner' or its corresponding type declarations.
src/services/native-runtime/native-question-bridge.test.ts(18,31): error TS2307: Cannot find module '@paperclipai/paperclip-runner' or its corresponding type declarations.
src/services/native-runtime/native-question-bridge.ts(101,43): error TS7006: Parameter 'question' implicitly has an 'any' type.
src/services/native-runtime/native-question-bridge.ts(103,79): error TS7006: Parameter 'option' implicitly has an 'any' type.
src/services/native-runtime/native-question-bridge.ts(119,61): error TS7006: Parameter 'option' implicitly has an 'any' type.
src/services/native-runtime/native-question-bridge.ts(230,35): error TS7006: Parameter 'question' implicitly has an 'any' type.
src/services/native-runtime/native-run-coordinator-store.ts(96,6): error TS7006: Parameter 'criterion' implicitly has an 'any' type.
src/services/native-runtime/native-run-coordinator-store.ts(101,8): error TS7006: Parameter 'criterionId' implicitly has an 'any' type.
src/services/native-runtime/native-run-coordinator-store.ts(101,21): error TS7006: Parameter 'index' implicitly has an 'any' type.
src/services/native-runtime/native-run-finalizer.ts(22,49): error TS2307: Cannot find module '@paperclipai/paperclip-runner' or its corresponding type declarations.
src/services/native-runtime/native-session-executor.test.ts(34,8): error TS2307: Cannot find module '@paperclipai/paperclip-runner' or its corresponding type declarations.
src/services/native-runtime/native-session-executor.test.ts(2682,16): error TS7006: Parameter 'criterion' implicitly has an 'any' type.
src/services/native-runtime/native-session-executor.ts(644,48): error TS7006: Parameter 'question' implicitly has an 'any' type.
src/services/native-runtime/native-session-executor.ts(667,41): error TS7006: Parameter 'option' implicitly has an 'any' type.
src/services/native-runtime/native-session-executor.ts(961,56): error TS7006: Parameter 'criterion' implicitly has an 'any' type.
src/services/native-runtime/native-session-executor.ts(1009,56): error TS7006: Parameter 'criterion' implicitly has an 'any' type.
src/services/native-runtime/native-session-executor.ts(1107,56): error TS7006: Parameter 'criterion' implicitly has an 'any' type.
src/services/native-runtime/native-session-executor.ts(1142,8): error TS7006: Parameter 'response' implicitly has an 'any' type.
src/services/native-runtime/native-session-executor.ts(1146,11): error TS7006: Parameter 'response' implicitly has an 'any' type.
src/services/native-runtime/native-session-executor.ts(1968,50): error TS7006: Parameter 'criterion' implicitly has an 'any' type.
src/services/native-runtime/native-session-executor.ts(3229,27): error TS7006: Parameter 'receipt' implicitly has an 'any' type.
src/services/native-runtime/native-session-executor.ts(3238,27): error TS7006: Parameter 'event' implicitly has an 'any' type.
src/services/native-runtime/native-session-executor.ts(5160,72): error TS2366: Function lacks ending return statement and return type does not include 'undefined'.
src/services/native-runtime/native-session-executor.ts(5181,5): error TS2366: Function lacks ending return statement and return type does not include 'undefined'.
src/services/native-runtime/native-session-executor.ts(5833,9): error TS18046: 'error' is of type 'unknown'.
src/services/native-runtime/native-session-executor.ts(5838,9): error TS18046: 'error' is of type 'unknown'.
src/services/native-runtime/native-session-executor.ts(6211,41): error TS2345: Argument of type 'Promise<{ turnId: string; }> | undefined' is not assignable to parameter of type 'Promise<{ turnId: string; }>'.
  Type 'undefined' is not assignable to type 'Promise<{ turnId: string; }>'.
src/services/native-runtime/native-session-executor.ts(6212,10): error TS18048: 'delivery' is possibly 'undefined'.
src/services/native-runtime/native-session-executor.ts(6219,10): error TS18048: 'delivery' is possibly 'undefined'.
src/services/native-runtime/native-session-executor.ts(6237,5): error TS2322: Type '{ turnId: string; } | undefined' is not assignable to type '{ turnId: string; }'.
  Type 'undefined' is not assignable to type '{ turnId: string; }'.
src/services/native-runtime/native-session-executor.ts(8034,37): error TS7031: Binding element 'event' implicitly has an 'any' type.
src/services/native-runtime/native-session-executor.ts(8036,44): error TS7031: Binding element 'terminalEvent' implicitly has an 'any' type.
src/services/native-runtime/native-session-executor.ts(8065,34): error TS7006: Parameter 'snapshot' implicitly has an 'any' type.
src/services/native-runtime/native-session-executor.ts(8081,57): error TS7031: Binding element 'stage' implicitly has an 'any' type.
src/services/native-runtime/native-session-executor.ts(8081,64): error TS7031: Binding element 'error' implicitly has an 'any' type.
src/services/native-runtime/native-session-executor.ts(8090,42): error TS7006: Parameter 'reason' implicitly has an 'any' type.
src/services/native-runtime/native-session-executor.ts(8096,39): error TS7006: Parameter 'continuity' implicitly has an 'any' type.
src/services/native-runtime/native-session-executor.ts(8120,31): error TS7006: Parameter 'session' implicitly has an 'any' type.
src/services/native-runtime/native-session-executor.ts(8445,21): error TS18046: 'error' is of type 'unknown'.
src/services/native-runtime/native-session-executor.ts(8449,21): error TS18046: 'error' is of type 'unknown'.
src/services/native-runtime/native-session-executor.ts(9898,14): error TS7006: Parameter 'requestedSignal' implicitly has an 'any' type.
src/services/native-runtime/native-session-executor.ts(10275,113): error TS7006: Parameter 'skill' implicitly has an 'any' type.
src/services/native-runtime/native-session-executor.ts(10276,55): error TS2345: Argument of type '(key: string) => boolean' is not assignable to parameter of type '(value: unknown, index: number, array: unknown[]) => unknown'.
  Types of parameters 'key' and 'value' are incompatible.
    Type 'unknown' is not assignable to type 'string'.
src/services/native-runtime/native-session-executor.ts(10442,52): error TS7006: Parameter 'skill' implicitly has an 'any' type.
src/services/native-runtime/native-session-executor.ts(10442,59): error TS7006: Parameter 'index' implicitly has an 'any' type.
src/services/native-runtime/native-session-executor.ts(11935,32): error TS7006: Parameter 'result' implicitly has an 'any' type.
src/services/native-runtime/native-session-executor.ts(11955,29): error TS7006: Parameter 'recoveryContext' implicitly has an 'any' type.
src/services/native-runtime/native-session-executor.ts(12074,24): error TS7006: Parameter 'message' implicitly has an 'any' type.
src/services/native-runtime/native-session-executor.ts(12097,16): error TS7006: Parameter 'criterion' implicitly has an 'any' type.
src/services/native-runtime/native-session-executor.ts(12154,42): error TS7006: Parameter 'authority' implicitly has an 'any' type.
src/services/native-runtime/native-session-executor.ts(12154,53): error TS7006: Parameter 'attachmentIdentity' implicitly has an 'any' type.
src/services/native-runtime/native-session-executor.ts(12436,25): error TS7006: Parameter 'sessionInput' implicitly has an 'any' type.
src/services/native-runtime/native-session-executor.ts(12437,28): error TS7006: Parameter 'snapshot' implicitly has an 'any' type.
src/services/native-runtime/native-session-executor.ts(12437,38): error TS7006: Parameter 'options' implicitly has an 'any' type.
src/services/native-runtime/native-session-executor.ts(12441,36): error TS7006: Parameter 'sessionInput' implicitly has an 'any' type.
src/services/native-runtime/native-session-resume.test.ts(32,8): error TS2307: Cannot find module '@paperclipai/paperclip-runner' or its corresponding type declarations.
src/services/native-runtime/native-session-resume.test.ts(986,35): error TS7006: Parameter 'value' implicitly has an 'any' type.
src/services/native-runtime/native-warm-transition-restart.integration.test.ts(22,45): error TS2307: Cannot find module '@paperclipai/paperclip-runner' or its corresponding type declarations.
src/services/native-runtime/paperclip-control-plane-port.test.ts(734,25): error TS7006: Parameter 'input' implicitly has an 'any' type.
src/services/native-runtime/paperclip-runner-real-server.integration.test.ts(108,34): error TS7006: Parameter 'prp' implicitly has an 'any' type.
src/services/native-runtime/paperclip-runner-real-server.integration.test.ts(111,53): error TS7006: Parameter 'request' implicitly has an 'any' type.
src/services/native-runtime/paperclip-runner-real-server.integration.test.ts(180,36): error TS7006: Parameter 'prp' implicitly has an 'any' type.
src/services/native-runtime/paperclip-runner-real-server.integration.test.ts(186,57): error TS7006: Parameter 'request' implicitly has an 'any' type.
src/services/native-runtime/paperclip-runner-tool-authority.test.ts(301,10): error TS7006: Parameter 'tool' implicitly has an 'any' type.
src/services/native-runtime/paperclip-runner-tool-authority.ts(158,20): error TS7006: Parameter 'tool' implicitly has an 'any' type.
src/services/native-runtime/paperclip-runner-tool-authority.ts(159,17): error TS7006: Parameter 'tool' implicitly has an 'any' type.
src/services/native-runtime/paperclip-runner-tool-authority.ts(177,10): error TS7006: Parameter 'descriptor' implicitly has an 'any' type.
src/services/native-runtime/paperclip-runner-tool-authority.ts(188,14): error TS7006: Parameter 'descriptor' implicitly has an 'any' type.
src/services/native-runtime/paperclip-runner-tool-authority.ts(342,8): error TS7006: Parameter 'candidate' implicitly has an 'any' type.
src/services/native-runtime/runner-api-catalog.ts(95,68): error TS7006: Parameter 'tool' implicitly has an 'any' type.
src/services/native-runtime/runner-api.integration.test.ts(62,33): error TS7006: Parameter 'prp' implicitly has an 'any' type.
src/services/native-runtime/runner-api.integration.test.ts(65,52): error TS7006: Parameter 'request' implicitly has an 'any' type.
src/services/native-runtime/runner-prp-coordinator.test.ts(25,8): error TS2307: Cannot find module '@paperclipai/paperclip-runner' or its corresponding type declarations.
src/services/native-runtime/runner-prp-coordinator.ts(283,34): error TS7006: Parameter 'event' implicitly has an 'any' type.
src/services/native-runtime/runner-prp-coordinator.ts(296,37): error TS7006: Parameter 'call' implicitly has an 'any' type.
src/services/native-runtime/runner-semantic-authority.ts(83,25): error TS7006: Parameter 'runId' implicitly has an 'any' type.
src/services/native-runtime/runner-semantic-authority.ts(111,23): error TS7006: Parameter 'invocation' implicitly has an 'any' type.
src/services/native-runtime/runtime-context.test.ts(306,32): error TS7006: Parameter 'skill' implicitly has an 'any' type.
src/services/project-tools.ts(8,50): error TS7006: Parameter 'tool' implicitly has an 'any' type.
src/services/project-tools.ts(11,9): error TS7006: Parameter 'tool' implicitly has an 'any' type.
src/services/provider-trace-workspace-diff-reprojection.test.ts(51,52): error TS7006: Parameter 'file' implicitly has an 'any' type.
src/services/provider-trace-workspace-diff-reprojection.ts(85,33): error TS7006: Parameter 'file' implicitly has an 'any' type.
src/services/provider-trace-workspace-diff-reprojection.ts(97,53): error TS7006: Parameter 'sum' implicitly has an 'any' type.
src/services/provider-trace-workspace-diff-reprojection.ts(97,58): error TS7006: Parameter 'file' implicitly has an 'any' type.
src/services/provider-trace-workspace-diff-reprojection.ts(98,53): error TS7006: Parameter 'sum' implicitly has an 'any' type.
src/services/provider-trace-workspace-diff-reprojection.ts(98,58): error TS7006: Parameter 'file' implicitly has an 'any' type.
src/services/question-response-delivery.ts(205,8): error TS7006: Parameter 'optionId' implicitly has an 'any' type.
src/vendor/paperclip-runner/index.ts(10,35): error TS2307: Cannot find module '@paperclipai/paperclip-runner' or its corresponding type declarations.
src/vendor/paperclip-runner/index.ts(58,8): error TS2307: Cannot find module '@paperclipai/paperclip-runner' or its corresponding type declarations.
src/vendor/paperclip-runner/index.ts(60,10): error TS2307: Cannot find module '@paperclipai/paperclip-runner' or its corresponding type declarations.
src/vendor/paperclip-runner/index.ts(62,10): error TS2307: Cannot find module '@paperclipai/paperclip-runner' or its corresponding type declarations.
src/vendor/paperclip-runner/index.ts(94,20): error TS2307: Cannot find module '@paperclipai/paperclip-runner' or its corresponding type declarations.
src/vendor/paperclip-runner/index.ts(95,13): error TS2307: Cannot find module '@paperclipai/paperclip-runner' or its corresponding type declarations.
src/vendor/paperclip-runner/testing.ts(9,42): error TS2307: Cannot find module '@paperclipai/paperclip-runner/testing' or its corresponding type declarations.
src/vendor/paperclip-runner/testing.ts(21,8): error TS2307: Cannot find module '@paperclipai/paperclip-runner/testing' or its corresponding type declarations.
undefined
/Users/phannhatquang/Documents/Projects/crew/.worktrees/paperclip-r13-session/server:
 ERR_PNPM_RECURSIVE_EXEC_FIRST_FAIL  Command failed with exit code 1: tsc --noEmit
