
 RUN  v4.1.11 /Users/phannhatquang/Documents/Projects/crew/.worktrees/paperclip-r13-session/server

[17:39:27] [33mWARN[39m: [36mCREW_POLICY_CONFIG chưa đặt: gate Crew (review, integrator, owner, docs) tắt cho mọi company[39m [90m{"env":"CREW_POLICY_CONFIG"}[39m
[17:39:33] [33mWARN[39m: [36mruntime connection tools could not be delivered[39m [90m{"companyId":"af2c608e-304c-470c-af8f-f4f67403100b","agentId":"c1aae84b-fc7c-4054-ade2-3ea41b3acec3","runId":"24d728ca-e54b-40b6-ae87-fd3fa96b65b1"}[39m
[17:39:34] [33mWARN[39m: [36mruntime connection tools could not be delivered[39m [90m{"companyId":"af2c608e-304c-470c-af8f-f4f67403100b","agentId":"c1aae84b-fc7c-4054-ade2-3ea41b3acec3","runId":"32854863-567b-4610-bf19-dba1d7ddf4db"}[39m
[17:39:35] [33mWARN[39m: [36mruntime connection tools could not be delivered[39m [90m{"companyId":"7d25de7b-f920-4a76-a276-6122c2df9aab","agentId":"ac775081-e26a-46d6-9a2c-3e9affd86af4","runId":"7ef77305-af0c-409c-9d04-674365f6dda8"}[39m
[17:39:35] [33mWARN[39m: [36mruntime connection tools could not be delivered[39m [90m{"companyId":"7d25de7b-f920-4a76-a276-6122c2df9aab","agentId":"ac775081-e26a-46d6-9a2c-3e9affd86af4","runId":"e6e021d0-c5dc-4ba1-ac1d-b7dda985cee2"}[39m
[17:39:36] [33mWARN[39m: [36mruntime connection tools could not be delivered[39m [90m{"companyId":"5c38f094-2d6d-477f-b987-29ac15253bda","agentId":"1454ee5d-6481-487f-b27d-8b46815e7a8f","runId":"32dd5d21-bd9e-49ee-a829-acd8479f81f1"}[39m
[17:39:36] [33mWARN[39m: [36mruntime connection tools could not be delivered[39m [90m{"companyId":"5c38f094-2d6d-477f-b987-29ac15253bda","agentId":"1454ee5d-6481-487f-b27d-8b46815e7a8f","runId":"bc9c8395-b4b3-4c5f-ab8d-5726c19bd35f"}[39m
[17:39:37] [33mWARN[39m: [36mruntime connection tools could not be delivered[39m [90m{"companyId":"7478bf0c-a3a6-42d0-9609-d56372c25be8","agentId":"68df29f1-60d8-4d5a-9516-00b313ebd011","runId":"b340ea08-dd95-4694-8570-e53c82b52a03"}[39m
[17:39:37] [33mWARN[39m: [36mruntime connection tools could not be delivered[39m [90m{"companyId":"c8211a15-11b9-4811-9ae5-90a5e3a87859","agentId":"22f3b3e0-0a48-4e53-95fd-c0b96724a10b","runId":"86dc7ae0-8083-4324-a515-ca70df9c1e5d"}[39m
[17:39:38] [33mWARN[39m: [36mruntime connection tools could not be delivered[39m [90m{"companyId":"7478bf0c-a3a6-42d0-9609-d56372c25be8","agentId":"68df29f1-60d8-4d5a-9516-00b313ebd011","runId":"a24d1642-0ec3-46c2-81ac-9e1c042be652"}[39m
[17:39:38] [33mWARN[39m: [36mruntime connection tools could not be delivered[39m [90m{"companyId":"c8211a15-11b9-4811-9ae5-90a5e3a87859","agentId":"22f3b3e0-0a48-4e53-95fd-c0b96724a10b","runId":"72f7a52d-88fa-4471-928f-9d41d66ae2c7"}[39m
[17:39:38] [33mWARN[39m: [36mruntime connection tools could not be delivered[39m [90m{"companyId":"eb5bda24-621a-4bb1-9996-f4109f1fb081","agentId":"3728eb7a-5ea8-4822-b3c9-a1ed6a0e8418","runId":"cfcbe683-9802-4863-9f83-8afa93bd8f77"}[39m
[17:39:39] [33mWARN[39m: [36mruntime connection tools could not be delivered[39m [90m{"companyId":"eb5bda24-621a-4bb1-9996-f4109f1fb081","agentId":"3728eb7a-5ea8-4822-b3c9-a1ed6a0e8418","runId":"a8696b6e-c07a-4a50-a635-0cb9d280676d"}[39m
[17:39:39] [33mWARN[39m: [36mruntime connection tools could not be delivered[39m [90m{"companyId":"46dcd776-392b-4967-a94a-ee5ae0101b5c","agentId":"7366a0c5-63c6-4fa5-92a2-a946b7305c0c","runId":"d1c89758-d2b8-4ee6-8b5b-b69434bf76ba"}[39m
[17:39:40] [33mWARN[39m: [36mruntime connection tools could not be delivered[39m [90m{"companyId":"46dcd776-392b-4967-a94a-ee5ae0101b5c","agentId":"7366a0c5-63c6-4fa5-92a2-a946b7305c0c","runId":"d9656fb1-e78c-4c21-b897-0884ccf6d653"}[39m
[17:39:40] [33mWARN[39m: [36mruntime connection tools could not be delivered[39m [90m{"companyId":"d54b95f2-7f1d-4113-999a-fcc439fd0497","agentId":"10ef7343-a697-4d0a-b690-00cdde42f332","runId":"60ba5e42-c119-470b-add3-b93956b99f0e"}[39m
[17:39:41] [33mWARN[39m: [36mruntime connection tools could not be delivered[39m [90m{"companyId":"d54b95f2-7f1d-4113-999a-fcc439fd0497","agentId":"10ef7343-a697-4d0a-b690-00cdde42f332","runId":"4f0e7f34-3562-442f-a97b-3b8dad63683f"}[39m
[17:39:42] [33mWARN[39m: [36mruntime connection tools could not be delivered[39m [90m{"companyId":"25f4e43f-dc12-4f9b-ac53-26d76405111e","agentId":"d92361c3-74f5-47b9-a090-9be9f4f5bf75","runId":"f9b93412-b5ee-4d02-a79a-dacfd75d3a34"}[39m
[17:39:42] [33mWARN[39m: [36mruntime connection tools could not be delivered[39m [90m{"companyId":"25f4e43f-dc12-4f9b-ac53-26d76405111e","agentId":"d92361c3-74f5-47b9-a090-9be9f4f5bf75","runId":"11252787-3490-4c70-b056-3cdaf7f66f71"}[39m
[17:39:43] [33mWARN[39m: [36mruntime connection tools could not be delivered[39m [90m{"companyId":"ff713956-e444-4af4-9016-35a2622f3631","agentId":"0aef5ea3-77e3-4407-a590-9de0a657e4fb","runId":"49b311c8-687f-40f4-bf20-a493e6f42270"}[39m
[17:39:43] [33mWARN[39m: [36mruntime connection tools could not be delivered[39m [90m{"companyId":"ff713956-e444-4af4-9016-35a2622f3631","agentId":"0aef5ea3-77e3-4407-a590-9de0a657e4fb","runId":"10b57ee9-7e3e-4dcb-8730-95bc26caf485"}[39m
[17:39:44] [33mWARN[39m: [36mruntime connection tools could not be delivered[39m [90m{"companyId":"a4aa1c20-b644-42b5-bbed-3bbb2e07cb0d","agentId":"23fea39a-4f6e-452f-b2b4-cbe250e20b80","runId":"ff1a557b-cc79-45be-8669-8d9ec61a894e"}[39m
[17:39:44] [33mWARN[39m: [36mruntime connection tools could not be delivered[39m [90m{"companyId":"c14dc90b-f0c4-492c-8ed0-969b39cc9b82","agentId":"c2a0201a-7f51-4d17-84b6-3687f4272a7d","runId":"f4351af7-a2bd-49e7-bdca-6839f4281823"}[39m
[17:39:45] [33mWARN[39m: [36mruntime connection tools could not be delivered[39m [90m{"companyId":"fd0c15dc-5417-48cd-bf96-c53748e55ca4","agentId":"eff19115-40f7-4cb6-81b1-24d332ff4734","runId":"d8d04238-4f6c-4731-9578-a8a67d8f5a1b"}[39m
[17:39:45] [33mWARN[39m: [36mruntime connection tools could not be delivered[39m [90m{"companyId":"8631aaa3-624f-411d-b712-74111491face","agentId":"148062a8-f68b-4f6c-bdd7-e3154e1324e3","runId":"9f08d18a-9437-4e3d-a593-eb37a8e0481f"}[39m
[17:39:45] [33mWARN[39m: [36mruntime connection tools could not be delivered[39m [90m{"companyId":"2feb12c0-7ef7-477c-a89a-fec17124922b","agentId":"5e608f7a-826d-4a49-ad6a-ecf6f1b340e1","runId":"814c46d5-027a-466c-ab11-baa43e2810a8"}[39m
[17:39:45] [33mWARN[39m: [36mruntime connection tools could not be delivered[39m [90m{"companyId":"aa186a2e-974f-4d8b-a280-97126d72e178","agentId":"e9f84003-af36-4603-9240-06dac20ff53e","runId":"c149e65c-de22-4f2a-b1c4-67e3cdc1b7fe"}[39m
[17:39:45] [33mWARN[39m: [36mruntime connection tools could not be delivered[39m [90m{"companyId":"d888be73-a367-4ce8-8926-4de4a0f309ef","agentId":"a0360222-29b3-4591-a0c9-b39da26b2f96","runId":"3da5de6a-ee14-4bef-b6ef-894a7825de5a"}[39m
[17:39:45] [33mWARN[39m: [36mruntime connection tools could not be delivered[39m [90m{"companyId":"a4aa1c20-b644-42b5-bbed-3bbb2e07cb0d","agentId":"23fea39a-4f6e-452f-b2b4-cbe250e20b80","runId":"72a9d7e6-8b85-46d9-885a-3b13219741f0"}[39m
[17:39:46] [33mWARN[39m: [36mruntime connection tools could not be delivered[39m [90m{"companyId":"c14dc90b-f0c4-492c-8ed0-969b39cc9b82","agentId":"c2a0201a-7f51-4d17-84b6-3687f4272a7d","runId":"9397fec6-d31e-4058-ae3c-401657f6838e"}[39m
[17:39:46] [33mWARN[39m: [36mruntime connection tools could not be delivered[39m [90m{"companyId":"fd0c15dc-5417-48cd-bf96-c53748e55ca4","agentId":"eff19115-40f7-4cb6-81b1-24d332ff4734","runId":"3d8cac0d-1108-4b2f-819a-cf4348227a8b"}[39m
[17:39:46] [33mWARN[39m: [36mruntime connection tools could not be delivered[39m [90m{"companyId":"8631aaa3-624f-411d-b712-74111491face","agentId":"148062a8-f68b-4f6c-bdd7-e3154e1324e3","runId":"8cb081ba-c22b-4a27-bb2a-c66a9da67ad7"}[39m
[17:39:46] [33mWARN[39m: [36mruntime connection tools could not be delivered[39m [90m{"companyId":"2feb12c0-7ef7-477c-a89a-fec17124922b","agentId":"5e608f7a-826d-4a49-ad6a-ecf6f1b340e1","runId":"c3050b26-9f5b-4dc7-943c-232ef0c73bc4"}[39m
[17:39:46] [33mWARN[39m: [36mruntime connection tools could not be delivered[39m [90m{"companyId":"aa186a2e-974f-4d8b-a280-97126d72e178","agentId":"e9f84003-af36-4603-9240-06dac20ff53e","runId":"eeb4144d-eb5e-46c7-8957-a173b4076567"}[39m
[17:39:46] [33mWARN[39m: [36mruntime connection tools could not be delivered[39m [90m{"companyId":"d888be73-a367-4ce8-8926-4de4a0f309ef","agentId":"a0360222-29b3-4591-a0c9-b39da26b2f96","runId":"0720fcbd-b2d0-499e-929e-9442984eedc9"}[39m
[17:39:47] [33mWARN[39m: [36mruntime connection tools could not be delivered[39m [90m{"companyId":"9d398de8-8809-4a49-beb3-5d97bb94beb7","agentId":"5b2c8d5d-f8d3-4ec7-94e2-e89e5de3f1db","runId":"907e7c12-4edf-4c42-95ae-4e37750e66fe"}[39m
[17:39:47] [33mWARN[39m: [36mruntime connection tools could not be delivered[39m [90m{"companyId":"9d398de8-8809-4a49-beb3-5d97bb94beb7","agentId":"5b2c8d5d-f8d3-4ec7-94e2-e89e5de3f1db","runId":"493919a7-b6be-4664-80bc-c679bb1606dd"}[39m
[17:39:48] [33mWARN[39m: [36mruntime connection tools could not be delivered[39m [90m{"companyId":"4b26fdd9-ffe1-4819-8ae2-91d48e11a2a8","agentId":"a1e4b31b-31de-45db-8089-5416189cf6f3","runId":"2b199b18-1b4b-46af-98ec-5a33e0058b2f"}[39m
[17:39:48] [33mWARN[39m: [36mruntime connection tools could not be delivered[39m [90m{"companyId":"4b26fdd9-ffe1-4819-8ae2-91d48e11a2a8","agentId":"a1e4b31b-31de-45db-8089-5416189cf6f3","runId":"621c7194-3813-471d-8223-9d39bd1f1735"}[39m
[17:39:49] [33mWARN[39m: [36mruntime connection tools could not be delivered[39m [90m{"companyId":"f06d591a-f81c-4b70-8b82-4fd3ce22be54","agentId":"e35e5789-4468-4853-9617-dc376ec57527","runId":"82cb0a2a-cc0e-4836-8b6b-5002fbe2ed91"}[39m
[17:39:49] [33mWARN[39m: [36mruntime connection tools could not be delivered[39m [90m{"companyId":"f06d591a-f81c-4b70-8b82-4fd3ce22be54","agentId":"e35e5789-4468-4853-9617-dc376ec57527","runId":"2c3505d7-d979-49a5-b513-859ad73cbb00"}[39m
[17:39:49] [33mWARN[39m: [36mruntime connection tools could not be delivered[39m [90m{"companyId":"7991f1f0-2c22-4d07-9268-94da2e3d8f6a","agentId":"1819de9e-c81b-4bfd-9cca-39c889f0483c","runId":"abc0e46a-9c63-415c-8703-18087cbf1918"}[39m
[17:39:50] [33mWARN[39m: [36mruntime connection tools could not be delivered[39m [90m{"companyId":"7991f1f0-2c22-4d07-9268-94da2e3d8f6a","agentId":"1819de9e-c81b-4bfd-9cca-39c889f0483c","runId":"46a0b4e8-7145-4893-8f62-7e6e653e9c4a"}[39m

 Test Files  1 passed (1)
      Tests  48 passed (48)
   Start at  17:39:19
   Duration  32.05s (transform 6.66s, setup 141ms, import 9.83s, tests 21.96s, environment 0ms)

