
 RUN  v4.1.11 /Users/phannhatquang/Documents/Projects/crew/.worktrees/paperclip-r13-policy/server

[15:07:09] [33mWARN[39m: [36mCREW_POLICY_CONFIG chưa đặt: gate Crew (review, integrator, owner, docs) tắt cho mọi company[39m [90m{"env":"CREW_POLICY_CONFIG"}[39m
[15:07:20] [32mINFO[39m: [36mSetup-token login confidential transport startup assessment[39m [90m{"proxyForwardingEnabled":false,"reason":"no_proxy_allowlist_local_trusted_loopback_only","deploymentMode":"local_trusted"}[39m
[15:07:20] [32mINFO[39m: [36mSetup-token login confidential transport startup assessment[39m [90m{"proxyForwardingEnabled":false,"reason":"no_proxy_allowlist_local_trusted_loopback_only","deploymentMode":"local_trusted"}[39m
[15:07:20] [32mINFO[39m: [36mSetup-token login confidential transport startup assessment[39m [90m{"proxyForwardingEnabled":false,"reason":"no_proxy_allowlist_local_trusted_loopback_only","deploymentMode":"local_trusted"}[39m
[15:07:20] [32mINFO[39m: [36mSetup-token login confidential transport startup assessment[39m [90m{"proxyForwardingEnabled":false,"reason":"no_proxy_allowlist_local_trusted_loopback_only","deploymentMode":"local_trusted"}[39m
[15:07:20] [32mINFO[39m: [36mSetup-token login confidential transport startup assessment[39m [90m{"proxyForwardingEnabled":false,"reason":"no_proxy_allowlist_local_trusted_loopback_only","deploymentMode":"local_trusted"}[39m
[15:07:20] [32mINFO[39m: [36mSetup-token login confidential transport startup assessment[39m [90m{"proxyForwardingEnabled":false,"reason":"no_proxy_allowlist_local_trusted_loopback_only","deploymentMode":"local_trusted"}[39m
[15:07:20] [32mINFO[39m: [36mSetup-token login confidential transport startup assessment[39m [90m{"proxyForwardingEnabled":false,"reason":"no_proxy_allowlist_local_trusted_loopback_only","deploymentMode":"local_trusted"}[39m
[15:07:20] [32mINFO[39m: [36mSetup-token login confidential transport startup assessment[39m [90m{"proxyForwardingEnabled":false,"reason":"no_proxy_allowlist_local_trusted_loopback_only","deploymentMode":"local_trusted"}[39m
[15:07:20] [32mINFO[39m: [36mSetup-token login confidential transport startup assessment[39m [90m{"proxyForwardingEnabled":false,"reason":"no_proxy_allowlist_local_trusted_loopback_only","deploymentMode":"local_trusted"}[39m
[15:07:20] [32mINFO[39m: [36mSetup-token login confidential transport startup assessment[39m [90m{"proxyForwardingEnabled":false,"reason":"no_proxy_allowlist_local_trusted_loopback_only","deploymentMode":"local_trusted"}[39m
[15:07:20] [32mINFO[39m: [36mSetup-token login confidential transport startup assessment[39m [90m{"proxyForwardingEnabled":false,"reason":"no_proxy_allowlist_local_trusted_loopback_only","deploymentMode":"local_trusted"}[39m
[15:07:20] [32mINFO[39m: [36mSetup-token login confidential transport startup assessment[39m [90m{"proxyForwardingEnabled":false,"reason":"no_proxy_allowlist_local_trusted_loopback_only","deploymentMode":"local_trusted"}[39m
[15:07:20] [32mINFO[39m: [36mSetup-token login confidential transport startup assessment[39m [90m{"proxyForwardingEnabled":false,"reason":"no_proxy_allowlist_local_trusted_loopback_only","deploymentMode":"local_trusted"}[39m
[15:07:20] [32mINFO[39m: [36mSetup-token login confidential transport startup assessment[39m [90m{"proxyForwardingEnabled":false,"reason":"no_proxy_allowlist_local_trusted_loopback_only","deploymentMode":"local_trusted"}[39m
[15:07:21] [32mINFO[39m: [36mSetup-token login confidential transport startup assessment[39m [90m{"proxyForwardingEnabled":false,"reason":"no_proxy_allowlist_local_trusted_loopback_only","deploymentMode":"local_trusted"}[39m
[15:07:21] [32mINFO[39m: [36mSetup-token login confidential transport startup assessment[39m [90m{"proxyForwardingEnabled":false,"reason":"no_proxy_allowlist_local_trusted_loopback_only","deploymentMode":"local_trusted"}[39m
[15:07:21] [32mINFO[39m: [36mSetup-token login confidential transport startup assessment[39m [90m{"proxyForwardingEnabled":false,"reason":"no_proxy_allowlist_local_trusted_loopback_only","deploymentMode":"local_trusted"}[39m
[15:07:21] [31mERROR[39m: [36mcrew policy config invalid; Crew gates fail closed for this company[39m [90m{"file":"/var/folders/wr/3y_dzgm55m3fy0gtp5sznlnh0000gn/T/crew-agent-config-9KC8wE/crew-policy.json","companyId":"75bb1c15-4d90-401d-83f1-bfc05793649b","reason":"companies.75bb1c15-4d90-401d-83f1-bfc05793649b.reviewerAgentId phải là uuid"}[39m
[15:07:21] [32mINFO[39m: [36mSetup-token login confidential transport startup assessment[39m [90m{"proxyForwardingEnabled":false,"reason":"no_proxy_allowlist_local_trusted_loopback_only","deploymentMode":"local_trusted"}[39m
[15:07:21] [32mINFO[39m: [36mSetup-token login confidential transport startup assessment[39m [90m{"proxyForwardingEnabled":false,"reason":"no_proxy_allowlist_local_trusted_loopback_only","deploymentMode":"local_trusted"}[39m
[15:07:21] [32mINFO[39m: [36mSetup-token login confidential transport startup assessment[39m [90m{"proxyForwardingEnabled":false,"reason":"no_proxy_allowlist_local_trusted_loopback_only","deploymentMode":"local_trusted"}[39m
[15:07:21] [32mINFO[39m: [36mSetup-token login confidential transport startup assessment[39m [90m{"proxyForwardingEnabled":false,"reason":"no_proxy_allowlist_local_trusted_loopback_only","deploymentMode":"local_trusted"}[39m
[15:07:21] [32mINFO[39m: [36mSetup-token login confidential transport startup assessment[39m [90m{"proxyForwardingEnabled":false,"reason":"no_proxy_allowlist_local_trusted_loopback_only","deploymentMode":"local_trusted"}[39m
[15:07:21] [32mINFO[39m: [36mSetup-token login confidential transport startup assessment[39m [90m{"proxyForwardingEnabled":false,"reason":"no_proxy_allowlist_local_trusted_loopback_only","deploymentMode":"local_trusted"}[39m
[15:07:21] [32mINFO[39m: [36mSetup-token login confidential transport startup assessment[39m [90m{"proxyForwardingEnabled":false,"reason":"no_proxy_allowlist_local_trusted_loopback_only","deploymentMode":"local_trusted"}[39m
[15:07:21] [32mINFO[39m: [36mSetup-token login confidential transport startup assessment[39m [90m{"proxyForwardingEnabled":false,"reason":"no_proxy_allowlist_local_trusted_loopback_only","deploymentMode":"local_trusted"}[39m
[15:07:21] [32mINFO[39m: [36mSetup-token login confidential transport startup assessment[39m [90m{"proxyForwardingEnabled":false,"reason":"no_proxy_allowlist_local_trusted_loopback_only","deploymentMode":"local_trusted"}[39m
[15:07:21] [32mINFO[39m: [36mSetup-token login confidential transport startup assessment[39m [90m{"proxyForwardingEnabled":false,"reason":"no_proxy_allowlist_local_trusted_loopback_only","deploymentMode":"local_trusted"}[39m
[15:07:21] [32mINFO[39m: [36mSetup-token login confidential transport startup assessment[39m [90m{"proxyForwardingEnabled":false,"reason":"no_proxy_allowlist_local_trusted_loopback_only","deploymentMode":"local_trusted"}[39m
[15:07:21] [32mINFO[39m: [36mSetup-token login confidential transport startup assessment[39m [90m{"proxyForwardingEnabled":false,"reason":"no_proxy_allowlist_local_trusted_loopback_only","deploymentMode":"local_trusted"}[39m
[15:07:21] [32mINFO[39m: [36mSetup-token login confidential transport startup assessment[39m [90m{"proxyForwardingEnabled":false,"reason":"no_proxy_allowlist_local_trusted_loopback_only","deploymentMode":"local_trusted"}[39m
[15:07:21] [32mINFO[39m: [36mSetup-token login confidential transport startup assessment[39m [90m{"proxyForwardingEnabled":false,"reason":"no_proxy_allowlist_local_trusted_loopback_only","deploymentMode":"local_trusted"}[39m
[15:07:21] [32mINFO[39m: [36mSetup-token login confidential transport startup assessment[39m [90m{"proxyForwardingEnabled":false,"reason":"no_proxy_allowlist_local_trusted_loopback_only","deploymentMode":"local_trusted"}[39m
[15:07:21] [32mINFO[39m: [36mSetup-token login confidential transport startup assessment[39m [90m{"proxyForwardingEnabled":false,"reason":"no_proxy_allowlist_local_trusted_loopback_only","deploymentMode":"local_trusted"}[39m
[15:07:21] [32mINFO[39m: [36mSetup-token login confidential transport startup assessment[39m [90m{"proxyForwardingEnabled":false,"reason":"no_proxy_allowlist_local_trusted_loopback_only","deploymentMode":"local_trusted"}[39m
[15:07:21] [32mINFO[39m: [36mSetup-token login confidential transport startup assessment[39m [90m{"proxyForwardingEnabled":false,"reason":"no_proxy_allowlist_local_trusted_loopback_only","deploymentMode":"local_trusted"}[39m
[15:07:21] [32mINFO[39m: [36mSetup-token login confidential transport startup assessment[39m [90m{"proxyForwardingEnabled":false,"reason":"no_proxy_allowlist_local_trusted_loopback_only","deploymentMode":"local_trusted"}[39m
[15:07:21] [32mINFO[39m: [36mSetup-token login confidential transport startup assessment[39m [90m{"proxyForwardingEnabled":false,"reason":"no_proxy_allowlist_local_trusted_loopback_only","deploymentMode":"local_trusted"}[39m
[15:07:21] [32mINFO[39m: [36mSetup-token login confidential transport startup assessment[39m [90m{"proxyForwardingEnabled":false,"reason":"no_proxy_allowlist_local_trusted_loopback_only","deploymentMode":"local_trusted"}[39m
[15:07:21] [32mINFO[39m: [36mSetup-token login confidential transport startup assessment[39m [90m{"proxyForwardingEnabled":false,"reason":"no_proxy_allowlist_local_trusted_loopback_only","deploymentMode":"local_trusted"}[39m
[15:07:24] [33mWARN[39m: [36mCREW_POLICY_CONFIG chưa đặt: gate Crew (review, integrator, owner, docs) tắt cho mọi company[39m [90m{"env":"CREW_POLICY_CONFIG"}[39m
[15:07:25] [33mWARN[39m: [36mcrew-load-gate: failed open, run may be claimed[39m [90m{"runId":"run-1"}[39m
    err: {
      "type": "TypeError",
      "message": "db.select is not a function",
      "stack":
          TypeError: db.select is not a function
              at Object.loadTarget (/Users/phannhatquang/Documents/Projects/crew/.worktrees/paperclip-r13-policy/server/src/crew/load-gate.ts:488:10)
              at Object.loadTarget (/Users/phannhatquang/Documents/Projects/crew/.worktrees/paperclip-r13-policy/server/src/crew/load-gate.ts:268:33)
              at decideBeforeClaim (/Users/phannhatquang/Documents/Projects/crew/.worktrees/paperclip-r13-policy/server/src/crew/load-gate.ts:295:29)
              at evaluateBeforeClaim (/Users/phannhatquang/Documents/Projects/crew/.worktrees/paperclip-r13-policy/server/src/crew/load-gate.ts:265:22)
              at crewBeforeClaim (/Users/phannhatquang/Documents/Projects/crew/.worktrees/paperclip-r13-policy/server/src/crew/load-gate.ts:708:18)
              at Object.beforeClaim (/Users/phannhatquang/Documents/Projects/crew/.worktrees/paperclip-r13-policy/server/src/crew/core-hooks.ts:88:15)
              at Object.beforeClaim (/Users/phannhatquang/Documents/Projects/crew/.worktrees/paperclip-r13-policy/server/src/crew/core-hooks.ts:101:43)
              at /Users/phannhatquang/Documents/Projects/crew/.worktrees/paperclip-r13-policy/server/src/__tests__/crew-core-hooks.test.ts:50:21
              at file:///Users/phannhatquang/Documents/Projects/crew/.worktrees/paperclip-r13-policy/node_modules/.pnpm/@vitest+runner@4.1.11/node_modules/@vitest/runner/dist/chunk-artifact.js:302:11
              at file:///Users/phannhatquang/Documents/Projects/crew/.worktrees/paperclip-r13-policy/node_modules/.pnpm/@vitest+runner@4.1.11/node_modules/@vitest/runner/dist/chunk-artifact.js:1903:26
    }
[15:07:25] [33mWARN[39m: [36mcrew onRunLeaseReleased failed; releasing the lease anyway[39m [90m{"leaseId":"lease-1","environmentId":"env-1","status":"expired"}[39m
    err: {
      "type": "Error",
      "message": "ssh timeout",
      "stack":
          Error: ssh timeout
              at Object.onRunLeaseReleased (/Users/phannhatquang/Documents/Projects/crew/.worktrees/paperclip-r13-policy/server/src/__tests__/crew-core-hooks.test.ts:131:15)
              at /Users/phannhatquang/Documents/Projects/crew/.worktrees/paperclip-r13-policy/server/src/crew/core-hooks.ts:112:39
              at processTicksAndRejections (node:internal/process/task_queues:104:5)
              at Object.onRunLeaseReleased (/Users/phannhatquang/Documents/Projects/crew/.worktrees/paperclip-r13-policy/server/src/crew/core-hooks.ts:110:23)
              at Object.releaseRunLease (/Users/phannhatquang/Documents/Projects/crew/.worktrees/paperclip-r13-policy/server/src/services/environment-runtime.ts:1209:7)
    }

 Test Files  2 passed (2)
      Tests  49 passed (49)
   Start at  15:07:02
   Duration  22.81s (transform 9.10s, setup 199ms, import 15.96s, tests 6.41s, environment 0ms)

