
 RUN  v4.1.11 /Users/phannhatquang/Documents/Projects/crew/.worktrees/paperclip-r13-session/server

[14:19:40] [33mWARN[39m: [36mCREW_POLICY_CONFIG chưa đặt: gate Crew (review, integrator, owner, docs) tắt cho mọi company[39m [90m{"env":"CREW_POLICY_CONFIG"}[39m
[14:19:48] [33mWARN[39m: [36mruntime connection tools could not be delivered[39m [90m{"companyId":"5df34983-95f1-413d-89e8-d0db11f913b8","agentId":"e4c6d96d-60bd-4130-9152-8ed71cedb611","runId":"a2642a32-2112-463a-9ee9-a443467433be"}[39m
[14:19:48] [33mWARN[39m: [36mruntime connection tools could not be delivered[39m [90m{"companyId":"67fa5552-9b88-406a-9766-08fba0b31541","agentId":"b9ba7e3d-3d9b-4699-959a-2c0281c32f22","runId":"d88ce5f8-7337-4025-9e8f-a2b20905a665"}[39m
[14:19:48] [33mWARN[39m: [36mruntime connection tools could not be delivered[39m [90m{"companyId":"6f7526cb-af87-4cb0-b4d6-3708e164e1da","agentId":"2e3cb7df-7b4d-4833-af94-d6a4537aef43","runId":"f4a18560-0c50-4ee0-9b00-726d49b83725"}[39m
 ❯ src/__tests__/crew-claim-resume-contract.test.ts (3 tests | 3 failed) 2811ms
     × wake issue_blockers_resolved: adapter nhận session của A 410ms
     × wake issue_assigned: adapter nhận session của A 180ms
     × đối chứng: không đặt gì thì run B mở session mới 178ms

⎯⎯⎯⎯⎯⎯⎯ Failed Tests 3 ⎯⎯⎯⎯⎯⎯⎯

 FAIL  src/__tests__/crew-claim-resume-contract.test.ts > resume fields set before claim reach the adapter > wake issue_blockers_resolved: adapter nhận session của A
 FAIL  src/__tests__/crew-claim-resume-contract.test.ts > resume fields set before claim reach the adapter > wake issue_assigned: adapter nhận session của A
AssertionError: run B không được thực thi: expected undefined to be defined
 ❯ src/__tests__/crew-claim-resume-contract.test.ts:110:49
    108|       await claimAll();
    109|       const call = execute.mock.calls.find(([ctx]) => ctx.runId === s.…
    110|       expect(call, "run B không được thực thi").toBeDefined();
       |                                                 ^
    111|       expect(call![0].runtime).toMatchObject({ sessionId: "sess-a" });
    112|       const [session] = await db

⎯⎯⎯⎯⎯⎯⎯⎯⎯⎯⎯⎯⎯⎯⎯⎯⎯⎯⎯⎯⎯⎯⎯⎯[1/3]⎯

 FAIL  src/__tests__/crew-claim-resume-contract.test.ts > resume fields set before claim reach the adapter > đối chứng: không đặt gì thì run B mở session mới
AssertionError: expected undefined to be defined
 ❯ src/__tests__/crew-claim-resume-contract.test.ts:126:18
    124|     await claimAll();
    125|     const call = execute.mock.calls.find(([ctx]) => ctx.runId === s.ru…
    126|     expect(call).toBeDefined();
       |                  ^
    127|     expect(call![0].runtime.sessionId ?? null).toBeNull();
    128|   }, 30_000);

⎯⎯⎯⎯⎯⎯⎯⎯⎯⎯⎯⎯⎯⎯⎯⎯⎯⎯⎯⎯⎯⎯⎯⎯[2/3]⎯


 Test Files  1 failed (1)
      Tests  3 failed (3)
   Start at  14:19:38
   Duration  10.71s (transform 4.24s, setup 73ms, import 7.74s, tests 2.81s, environment 0ms)

undefined
/Users/phannhatquang/Documents/Projects/crew/.worktrees/paperclip-r13-session/server:
 ERR_PNPM_RECURSIVE_EXEC_FIRST_FAIL  Command failed with exit code 1: vitest run src/__tests__/crew-claim-resume-contract.test.ts
