✔ credential broker scopes updates by machine/provider/operation and removes idempotently (1.157125ms)
✔ credential broker one-use channel rejects unpinned callbacks and suppresses secret errors/results (1.149333ms)
✔ credential broker native bridge rejects unverified helper before any keychain access (0.19525ms)
✔ credential broker serializes conflicting local writes and never returns bridge secret errors (0.18225ms)
✔ model probe separates Responses and Chat Completions and rejects model/tool mismatches (0.7285ms)
✔ model probe mirrors server canonical endpoint/local HTTP policy (3.603833ms)
✔ model probe offline never grants capability; CLI missing and unauthorized live stay UNVERIFIED (1.384375ms)
✔ model probe authorized response maps auth/quota/network errors without leaking and bounds deadlines (18.094708ms)
✔ model probe text PASS does not infer files/vision/tools; tool execution requires exact correlation (0.350208ms)
✔ model probe inventory preserves owner API models, skips OFF/missing pair and invalidates context by bytes/pins (0.45975ms)
✔ model probe stream parser requires complete bounded framing and exact model (0.228708ms)
✔ model probe DNS guard rejects private/reserved/mapped addresses and request pins owner model (0.288709ms)
✔ model probe pinned transport uses one-use credential channel and bounded local HTTP response (6.082584ms)
ℹ tests 13
ℹ suites 0
ℹ pass 13
ℹ fail 0
ℹ cancelled 0
ℹ skipped 0
ℹ todo 0
ℹ duration_ms 111.338791
