✔ model probe separates Responses and Chat Completions and rejects model/tool mismatches (1.5195ms)
✔ model probe mirrors server canonical endpoint/local HTTP policy (3.308375ms)
✔ model probe offline never grants capability; CLI missing and unauthorized live stay UNVERIFIED (1.27075ms)
✔ model probe authorized response maps auth/quota/network errors without leaking and bounds deadlines (17.177917ms)
✔ model probe text PASS does not infer files/vision/tools; tool execution requires exact correlation (0.347167ms)
✔ model probe inventory preserves owner API models, skips OFF/missing pair and invalidates context by bytes/pins (0.412ms)
✔ model probe stream parser requires complete bounded framing and exact model (0.220334ms)
✔ model probe DNS guard rejects private/reserved/mapped addresses and request pins owner model (0.239708ms)
✔ model probe pinned transport uses one-use credential channel and bounded local HTTP response (5.790583ms)
✔ model probe IPv6 guard canonicalizes zero-padded special ranges (0.099916ms)
✔ model probe correlated tools and explicit measured vision grant only their recorded capabilities (0.146291ms)
✔ model probe Chat stream correlates fragments and requires done plus terminal reason (0.074834ms)
✔ model probe pinned DNS socket lookup honors Node all-address contract without new DNS (0.057125ms)
ℹ tests 13
ℹ suites 0
ℹ pass 13
ℹ fail 0
ℹ cancelled 0
ℹ skipped 0
ℹ todo 0
ℹ duration_ms 108.952583
