✔ credential broker scopes updates by machine/provider/operation and removes idempotently (2.748167ms)
✔ credential broker one-use channel rejects unpinned callbacks and suppresses secret errors/results (2.072208ms)
✔ credential broker native bridge rejects unverified helper before any keychain access (0.351417ms)
✔ credential broker serializes conflicting local writes and never returns bridge secret errors (0.275292ms)
✔ credential broker native FD framing runs only against unsigned owned fake helper (383.597916ms)
✔ credential broker provisioning persists private key and exact ACK across lost reply; rejects stale/AAD/key loss (275.178333ms)
✔ credential broker expiry needs bounded server receipt clock and ignores host wall clock (0.137709ms)
✔ credential broker reconnect gets own desired/serverTime before secret envelopes and rejects disabled source (46.409541ms)
✔ model probe separates Responses and Chat Completions and rejects model/tool mismatches (1.337459ms)
✔ model probe mirrors server canonical endpoint/local HTTP policy (4.313791ms)
✔ model probe offline never grants capability; CLI missing and unauthorized live stay UNVERIFIED (1.788917ms)
✔ model probe authorized response maps auth/quota/network errors without leaking and bounds deadlines (17.526167ms)
✔ model probe text PASS does not infer files/vision/tools; tool execution requires exact correlation (0.496792ms)
✔ model probe inventory preserves owner API models, skips OFF/missing pair and invalidates context by bytes/pins (0.449584ms)
✔ model probe stream parser requires complete bounded framing and exact model (0.236083ms)
✔ model probe DNS guard rejects private/reserved/mapped addresses and request pins owner model (0.251833ms)
✔ model probe pinned transport uses one-use credential channel and bounded local HTTP response (8.2705ms)
✔ model probe IPv6 guard canonicalizes zero-padded special ranges (0.151792ms)
✔ model reporter gets current desired before reconnect and restart replays exact shared sequence (268.2815ms)
ℹ tests 19
ℹ suites 0
ℹ pass 19
ℹ fail 0
ℹ cancelled 0
ℹ skipped 0
ℹ todo 0
ℹ duration_ms 477.246667
