✔ credential broker scopes updates by machine/provider/operation and removes idempotently (1.209667ms)
✔ credential broker one-use channel rejects unpinned callbacks and suppresses secret errors/results (1.520083ms)
✔ credential broker native bridge rejects unverified helper before any keychain access (0.233041ms)
✔ credential broker serializes conflicting local writes and never returns bridge secret errors (0.223334ms)
{"type":"task2-owned-resource","action":"create","root":"/private/var/folders/6r/7l8l6ytd2fgf91ccj55m73wm0000gn/T/crew-task2-credential-broker-W1zf65","dev":16777229,"ino":63488778,"uid":501}
{"type":"task2-owned-resource","action":"removed","root":"/private/var/folders/6r/7l8l6ytd2fgf91ccj55m73wm0000gn/T/crew-task2-credential-broker-W1zf65","dev":16777229,"ino":63488778,"uid":501}
✔ credential broker native FD framing runs only against unsigned owned fake helper (579.646209ms)
✔ credential broker failed read-back cannot yield a stored ref (0.197125ms)
{"type":"task2-owned-resource","action":"create","root":"/private/var/folders/6r/7l8l6ytd2fgf91ccj55m73wm0000gn/T/crew-task2-credential-provisioning-eDPEhV","dev":16777229,"ino":63488779,"uid":501}
{"type":"task2-owned-resource","action":"removed","root":"/private/var/folders/6r/7l8l6ytd2fgf91ccj55m73wm0000gn/T/crew-task2-credential-provisioning-eDPEhV","dev":16777229,"ino":63488779,"uid":501}
✔ credential broker provisioning persists private key and exact ACK across lost reply; rejects stale/AAD/key loss (278.774625ms)
✔ credential broker expiry needs bounded server receipt clock and ignores host wall clock (0.143458ms)
{"type":"task2-owned-resource","action":"create","root":"/private/var/folders/6r/7l8l6ytd2fgf91ccj55m73wm0000gn/T/crew-task2-credential-provisioning-M3yxwx","dev":16777229,"ino":63488820,"uid":501}
{"type":"task2-owned-resource","action":"removed","root":"/private/var/folders/6r/7l8l6ytd2fgf91ccj55m73wm0000gn/T/crew-task2-credential-provisioning-M3yxwx","dev":16777229,"ino":63488820,"uid":501}
✔ credential broker reconnect gets own desired/serverTime before secret envelopes and rejects disabled source (45.146667ms)
✔ model probe separates Responses and Chat Completions and rejects model/tool mismatches (1.289458ms)
✔ model probe mirrors server canonical endpoint/local HTTP policy (3.485875ms)
✔ model probe offline never grants capability; CLI missing and unauthorized live stay UNVERIFIED (1.637625ms)
✔ model probe authorized response maps auth/quota/network errors without leaking and bounds deadlines (16.493333ms)
✔ model probe text PASS does not infer files/vision/tools; tool execution requires exact correlation (0.408459ms)
✔ model probe inventory preserves owner API models, skips OFF/missing pair and invalidates context by bytes/pins (0.457792ms)
✔ model probe stream parser requires complete bounded framing and exact model (0.22425ms)
✔ model probe DNS guard rejects private/reserved/mapped addresses and request pins owner model (0.232042ms)
✔ model probe pinned transport uses one-use credential channel and bounded local HTTP response (7.980125ms)
✔ model probe IPv6 guard canonicalizes zero-padded special ranges (0.158542ms)
✔ model probe correlated tools and explicit measured vision grant only their recorded capabilities (0.323083ms)
✔ model probe Chat stream correlates fragments and requires done plus terminal reason (0.120125ms)
{"type":"task2-owned-resource","action":"create","root":"/private/var/folders/6r/7l8l6ytd2fgf91ccj55m73wm0000gn/T/crew-task2-model-reporter-AwtJoG","dev":16777229,"ino":63488781,"uid":501}
{"type":"task2-owned-resource","action":"removed","root":"/private/var/folders/6r/7l8l6ytd2fgf91ccj55m73wm0000gn/T/crew-task2-model-reporter-AwtJoG","dev":16777229,"ino":63488781,"uid":501}
✔ model reporter gets current desired before reconnect and restart replays exact shared sequence (282.673875ms)
ℹ tests 22
ℹ suites 0
ℹ pass 22
ℹ fail 0
ℹ cancelled 0
ℹ skipped 0
ℹ todo 0
ℹ duration_ms 664.446834
