{"action":"created","root":"/private/var/folders/6r/7l8l6ytd2fgf91ccj55m73wm0000gn/T/crew-runtime-8c370789-20b9-4b90-ba7a-deb172910df0-9nGVjV","nonce":"8c370789-20b9-4b90-ba7a-deb172910df0","dev":16777229,"ino":64401812,"uid":501}
{"action":"runtime-workspace-git","argv":["init","/private/var/folders/6r/7l8l6ytd2fgf91ccj55m73wm0000gn/T/crew-runtime-8c370789-20b9-4b90-ba7a-deb172910df0-9nGVjV/owner"],"receipt":{"formatVersion":1,"operationId":"9d5503a0-50c8-4601-8acb-8e9e1eb624bd","device":"16777229","inode":"64401985","treeEmpty":true,"forkObserved":false,"exitCode":0,"timedOut":false},"stageIdentity":{"device":"16777229","inode":"64401985","ownerUid":501,"kind":"directory","linkCount":2,"bytes":0}}
{"action":"runtime-workspace-git","argv":["-C","/private/var/folders/6r/7l8l6ytd2fgf91ccj55m73wm0000gn/T/crew-runtime-8c370789-20b9-4b90-ba7a-deb172910df0-9nGVjV/owner","add","--all"],"receipt":{"formatVersion":1,"operationId":"06f23dcd-2854-498f-a550-d200d58ad957","device":"16777229","inode":"64402014","treeEmpty":true,"forkObserved":false,"exitCode":0,"timedOut":false},"stageIdentity":{"device":"16777229","inode":"64402014","ownerUid":501,"kind":"directory","linkCount":2,"bytes":0}}
{"action":"runtime-workspace-git","argv":["-C","/private/var/folders/6r/7l8l6ytd2fgf91ccj55m73wm0000gn/T/crew-runtime-8c370789-20b9-4b90-ba7a-deb172910df0-9nGVjV/owner","-c","user.name=RuntimeFixture","-c","user.email=runtime@example.invalid","-c","commit.gpgSign=false","commit","-m","fixture"],"receipt":{"formatVersion":1,"operationId":"1ca7994d-7a15-49d8-9f3d-06230ff18f91","device":"16777229","inode":"64402030","treeEmpty":true,"forkObserved":false,"exitCode":0,"timedOut":false},"stageIdentity":{"device":"16777229","inode":"64402030","ownerUid":501,"kind":"directory","linkCount":2,"bytes":0}}
{"action":"runtime-workspace-git","argv":["-C","/private/var/folders/6r/7l8l6ytd2fgf91ccj55m73wm0000gn/T/crew-runtime-8c370789-20b9-4b90-ba7a-deb172910df0-9nGVjV/owner","rev-parse","HEAD"],"receipt":{"formatVersion":1,"operationId":"eabc4c09-62a5-4706-a887-1215fcd1ddc2","device":"16777229","inode":"64402060","treeEmpty":true,"forkObserved":false,"exitCode":0,"timedOut":false},"stageIdentity":{"device":"16777229","inode":"64402060","ownerUid":501,"kind":"directory","linkCount":2,"bytes":0}}
▶ runtime workspace captured authority deadline survives neither queue wait nor companion fsync
  ✖ test-certification expires during queue (69.855125ms)
  ✖ test-certification expires during fsync (26.78575ms)
  ✖ certified expires during queue (18.973125ms)
  ✖ certified expires during fsync (14.224584ms)
{"action":"removed-after-writer-close","root":"/private/var/folders/6r/7l8l6ytd2fgf91ccj55m73wm0000gn/T/crew-runtime-8c370789-20b9-4b90-ba7a-deb172910df0-9nGVjV","nonce":"8c370789-20b9-4b90-ba7a-deb172910df0","dev":16777229,"ino":64401812,"uid":501}
✖ runtime workspace captured authority deadline survives neither queue wait nor companion fsync (4280.263458ms)
ℹ tests 5
ℹ suites 0
ℹ pass 0
ℹ fail 5
ℹ cancelled 0
ℹ skipped 0
ℹ todo 0
ℹ duration_ms 4373.8405

✖ failing tests:

test at test/runtime-workspace.test.ts:133:17
✖ test-certification expires during queue (69.855125ms)
  [AssertionError [ERR_ASSERTION]: Missing expected rejection.] { generatedMessage: false, code: 'ERR_ASSERTION', actual: undefined, expected: /ADMISSION_EXPIRED/, operator: 'rejects', diff: 'simple' }

test at test/runtime-workspace.test.ts:133:17
✖ test-certification expires during fsync (26.78575ms)
  AssertionError [ERR_ASSERTION]: Missing expected rejection.
      at async TestContext.<anonymous> (file:///private/var/folders/6r/7l8l6ytd2fgf91ccj55m73wm0000gn/T/crew-runtime-fix1-9c10d7c3-e76e-41a4-8dae-601763f42ef5-v9wx5l_k/v2/gateway/test/runtime-workspace.test.ts:226:15)
      at async Test.run (node:internal/test_runner/test:1125:7)
      at async TestContext.<anonymous> (file:///private/var/folders/6r/7l8l6ytd2fgf91ccj55m73wm0000gn/T/crew-runtime-fix1-9c10d7c3-e76e-41a4-8dae-601763f42ef5-v9wx5l_k/v2/gateway/test/runtime-workspace.test.ts:133:9)
      at async Test.run (node:internal/test_runner/test:1125:7)
      at async startSubtestAfterBootstrap (node:internal/test_runner/harness:358:3) {
    generatedMessage: false,
    code: 'ERR_ASSERTION',
    actual: undefined,
    expected: /ADMISSION_EXPIRED/,
    operator: 'rejects',
    diff: 'simple'
  }

test at test/runtime-workspace.test.ts:133:17
✖ certified expires during queue (18.973125ms)
  [AssertionError [ERR_ASSERTION]: Missing expected rejection.] { generatedMessage: false, code: 'ERR_ASSERTION', actual: undefined, expected: /CERTIFICATE_EXPIRED/, operator: 'rejects', diff: 'simple' }

test at test/runtime-workspace.test.ts:133:17
✖ certified expires during fsync (14.224584ms)
  AssertionError [ERR_ASSERTION]: Missing expected rejection.
      at async TestContext.<anonymous> (file:///private/var/folders/6r/7l8l6ytd2fgf91ccj55m73wm0000gn/T/crew-runtime-fix1-9c10d7c3-e76e-41a4-8dae-601763f42ef5-v9wx5l_k/v2/gateway/test/runtime-workspace.test.ts:226:15)
      at async Test.run (node:internal/test_runner/test:1125:7)
      at async TestContext.<anonymous> (file:///private/var/folders/6r/7l8l6ytd2fgf91ccj55m73wm0000gn/T/crew-runtime-fix1-9c10d7c3-e76e-41a4-8dae-601763f42ef5-v9wx5l_k/v2/gateway/test/runtime-workspace.test.ts:133:9)
      at async Test.run (node:internal/test_runner/test:1125:7)
      at async startSubtestAfterBootstrap (node:internal/test_runner/harness:358:3) {
    generatedMessage: false,
    code: 'ERR_ASSERTION',
    actual: undefined,
    expected: /CERTIFICATE_EXPIRED/,
    operator: 'rejects',
    diff: 'simple'
  }
