{"action":"created","root":"/private/var/folders/6r/7l8l6ytd2fgf91ccj55m73wm0000gn/T/crew-runtime-b8769702-98cd-46bf-a9f6-82f8a2cae63e-xCyMOU","nonce":"b8769702-98cd-46bf-a9f6-82f8a2cae63e","dev":16777229,"ino":64402566,"uid":501}
{"action":"removed-after-writer-close","root":"/private/var/folders/6r/7l8l6ytd2fgf91ccj55m73wm0000gn/T/crew-runtime-b8769702-98cd-46bf-a9f6-82f8a2cae63e-xCyMOU","nonce":"b8769702-98cd-46bf-a9f6-82f8a2cae63e","dev":16777229,"ino":64402566,"uid":501}
✔ effect ledger default missing phase06 authority waits without durable intent (29.512083ms)
{"action":"created","root":"/private/var/folders/6r/7l8l6ytd2fgf91ccj55m73wm0000gn/T/crew-runtime-883affaf-637a-4dfa-a813-eae0f59cb038-cme1YN","nonce":"883affaf-637a-4dfa-a813-eae0f59cb038","dev":16777229,"ino":64402570,"uid":501}
{"action":"removed-after-writer-close","root":"/private/var/folders/6r/7l8l6ytd2fgf91ccj55m73wm0000gn/T/crew-runtime-883affaf-637a-4dfa-a813-eae0f59cb038-cme1YN","nonce":"883affaf-637a-4dfa-a813-eae0f59cb038","dev":16777229,"ino":64402570,"uid":501}
✔ effect ledger durable receipt survives fallback with different transport identity (80.362167ms)
{"action":"created","root":"/private/var/folders/6r/7l8l6ytd2fgf91ccj55m73wm0000gn/T/crew-runtime-da5cbefd-1a3c-4a2a-a483-703469f060b4-25Et6V","nonce":"da5cbefd-1a3c-4a2a-a483-703469f060b4","dev":16777229,"ino":64402580,"uid":501}
{"action":"removed-after-writer-close","root":"/private/var/folders/6r/7l8l6ytd2fgf91ccj55m73wm0000gn/T/crew-runtime-da5cbefd-1a3c-4a2a-a483-703469f060b4-25Et6V","nonce":"da5cbefd-1a3c-4a2a-a483-703469f060b4","dev":16777229,"ino":64402580,"uid":501}
✔ effect ledger rejects transport or logical metadata conflict and unverified receipt (67.942666ms)
{"action":"created","root":"/private/var/folders/6r/7l8l6ytd2fgf91ccj55m73wm0000gn/T/crew-runtime-6c6ec31d-055d-42aa-ae41-819fd5ab44c2-FCVY6z","nonce":"6c6ec31d-055d-42aa-ae41-819fd5ab44c2","dev":16777229,"ino":64402589,"uid":501}
{"action":"removed-after-writer-close","root":"/private/var/folders/6r/7l8l6ytd2fgf91ccj55m73wm0000gn/T/crew-runtime-6c6ec31d-055d-42aa-ae41-819fd5ab44c2-FCVY6z","nonce":"6c6ec31d-055d-42aa-ae41-819fd5ab44c2","dev":16777229,"ino":64402589,"uid":501}
✔ effect ledger orderly reopen keeps pending effects waiting without target proof (66.711292ms)
✔ effect ledger canonical encoding separates fields and invalid inputs never reserve (0.178083ms)
{"action":"created","root":"/private/var/folders/6r/7l8l6ytd2fgf91ccj55m73wm0000gn/T/crew-runtime-b7345f35-48ab-4d0c-9c94-9ad1c355a9db-dT1Twy","nonce":"b7345f35-48ab-4d0c-9c94-9ad1c355a9db","dev":16777229,"ino":64402600,"uid":501}
{"action":"removed-after-writer-close","root":"/private/var/folders/6r/7l8l6ytd2fgf91ccj55m73wm0000gn/T/crew-runtime-b7345f35-48ab-4d0c-9c94-9ad1c355a9db-dT1Twy","nonce":"b7345f35-48ab-4d0c-9c94-9ad1c355a9db","dev":16777229,"ino":64402600,"uid":501}
✔ effect ledger serializes concurrent reservation and target reconciliation verifies artifact bytes (44.975167ms)
✔ isolation runtime missing authority and incomplete full-tree evidence deny (1.733792ms)
✔ isolation runtime test admission is exact admitted claim and never synthetic PASS (0.420292ms)
✔ isolation runtime context, expiry, measured failures and missing surfaces deny certified (0.401541ms)
✔ runtime boundary tool policy denies before effects and waits without logical authority (0.361833ms)
✔ isolation runtime context hash uses accepted server fixed field order (0.088208ms)
✔ runtime boundary tool cannot relabel allowed write as readonly (0.054958ms)
{"action":"created","root":"/private/var/folders/6r/7l8l6ytd2fgf91ccj55m73wm0000gn/T/crew-runtime-a7fde68a-ecd5-4b5e-b5a7-84a59cad991c-rCTfqL","nonce":"a7fde68a-ecd5-4b5e-b5a7-84a59cad991c","dev":16777229,"ino":64402610,"uid":501}
{"action":"removed-after-writer-close","root":"/private/var/folders/6r/7l8l6ytd2fgf91ccj55m73wm0000gn/T/crew-runtime-a7fde68a-ecd5-4b5e-b5a7-84a59cad991c-rCTfqL","nonce":"a7fde68a-ecd5-4b5e-b5a7-84a59cad991c","dev":16777229,"ino":64402610,"uid":501}
✔ runtime boundary captured bridge hook denies before RELEASE after actual accepted companion (2376.935208ms)
{"action":"created","root":"/private/var/folders/6r/7l8l6ytd2fgf91ccj55m73wm0000gn/T/crew-runtime-822b855f-0c4a-4ab3-869d-14732a6b77cc-5DNdEk","nonce":"822b855f-0c4a-4ab3-869d-14732a6b77cc","dev":16777229,"ino":64402786,"uid":501}
{"action":"runtime-workspace-git","argv":["init","/private/var/folders/6r/7l8l6ytd2fgf91ccj55m73wm0000gn/T/crew-runtime-822b855f-0c4a-4ab3-869d-14732a6b77cc-5DNdEk/owner"],"receipt":{"formatVersion":1,"operationId":"aa23687b-2dd4-41b5-96fe-61d93b73fb46","device":"16777229","inode":"64402958","treeEmpty":true,"forkObserved":false,"exitCode":0,"timedOut":false},"stageIdentity":{"device":"16777229","inode":"64402958","ownerUid":501,"kind":"directory","linkCount":2,"bytes":0}}
{"action":"runtime-workspace-git","argv":["-C","/private/var/folders/6r/7l8l6ytd2fgf91ccj55m73wm0000gn/T/crew-runtime-822b855f-0c4a-4ab3-869d-14732a6b77cc-5DNdEk/owner","add","--all"],"receipt":{"formatVersion":1,"operationId":"499d6aae-7bf1-4c35-80f3-c4ca52530939","device":"16777229","inode":"64402987","treeEmpty":true,"forkObserved":false,"exitCode":0,"timedOut":false},"stageIdentity":{"device":"16777229","inode":"64402987","ownerUid":501,"kind":"directory","linkCount":2,"bytes":0}}
{"action":"runtime-workspace-git","argv":["-C","/private/var/folders/6r/7l8l6ytd2fgf91ccj55m73wm0000gn/T/crew-runtime-822b855f-0c4a-4ab3-869d-14732a6b77cc-5DNdEk/owner","-c","user.name=RuntimeFixture","-c","user.email=runtime@example.invalid","-c","commit.gpgSign=false","commit","-m","fixture"],"receipt":{"formatVersion":1,"operationId":"bca44e92-3e0b-477a-8519-bb7b33853e26","device":"16777229","inode":"64403003","treeEmpty":true,"forkObserved":false,"exitCode":0,"timedOut":false},"stageIdentity":{"device":"16777229","inode":"64403003","ownerUid":501,"kind":"directory","linkCount":2,"bytes":0}}
{"action":"runtime-workspace-git","argv":["-C","/private/var/folders/6r/7l8l6ytd2fgf91ccj55m73wm0000gn/T/crew-runtime-822b855f-0c4a-4ab3-869d-14732a6b77cc-5DNdEk/owner","rev-parse","HEAD"],"receipt":{"formatVersion":1,"operationId":"dde8268e-49df-4700-8e14-b34d8b387e85","device":"16777229","inode":"64403033","treeEmpty":true,"forkObserved":false,"exitCode":0,"timedOut":false},"stageIdentity":{"device":"16777229","inode":"64403033","ownerUid":501,"kind":"directory","linkCount":2,"bytes":0}}
{"action":"removed-after-writer-close","root":"/private/var/folders/6r/7l8l6ytd2fgf91ccj55m73wm0000gn/T/crew-runtime-822b855f-0c4a-4ab3-869d-14732a6b77cc-5DNdEk","nonce":"822b855f-0c4a-4ab3-869d-14732a6b77cc","dev":16777229,"ino":64402786,"uid":501}
✔ runtime boundary RuntimePin durable before RELEASE and replay immutable across store reopen (4315.587833ms)
{"action":"created","root":"/private/var/folders/6r/7l8l6ytd2fgf91ccj55m73wm0000gn/T/crew-runtime-f535d758-e8d6-4e92-8be4-defc5cdcaeb4-FRFS5b","nonce":"f535d758-e8d6-4e92-8be4-defc5cdcaeb4","dev":16777229,"ino":64403292,"uid":501}
{"action":"runtime-workspace-git","argv":["init","/private/var/folders/6r/7l8l6ytd2fgf91ccj55m73wm0000gn/T/crew-runtime-f535d758-e8d6-4e92-8be4-defc5cdcaeb4-FRFS5b/owner"],"receipt":{"formatVersion":1,"operationId":"30e4c6e5-ef2b-47a3-9a2f-d8bf32da0952","device":"16777229","inode":"64403468","treeEmpty":true,"forkObserved":false,"exitCode":0,"timedOut":false},"stageIdentity":{"device":"16777229","inode":"64403468","ownerUid":501,"kind":"directory","linkCount":2,"bytes":0}}
{"action":"runtime-workspace-git","argv":["-C","/private/var/folders/6r/7l8l6ytd2fgf91ccj55m73wm0000gn/T/crew-runtime-f535d758-e8d6-4e92-8be4-defc5cdcaeb4-FRFS5b/owner","add","--all"],"receipt":{"formatVersion":1,"operationId":"981f33af-6a43-42b1-b9ba-b3c576261b6c","device":"16777229","inode":"64403497","treeEmpty":true,"forkObserved":false,"exitCode":0,"timedOut":false},"stageIdentity":{"device":"16777229","inode":"64403497","ownerUid":501,"kind":"directory","linkCount":2,"bytes":0}}
{"action":"runtime-workspace-git","argv":["-C","/private/var/folders/6r/7l8l6ytd2fgf91ccj55m73wm0000gn/T/crew-runtime-f535d758-e8d6-4e92-8be4-defc5cdcaeb4-FRFS5b/owner","-c","user.name=RuntimeFixture","-c","user.email=runtime@example.invalid","-c","commit.gpgSign=false","commit","-m","fixture"],"receipt":{"formatVersion":1,"operationId":"6dc8a0d0-90ff-49a3-b4bf-174e122c484a","device":"16777229","inode":"64403513","treeEmpty":true,"forkObserved":false,"exitCode":0,"timedOut":false},"stageIdentity":{"device":"16777229","inode":"64403513","ownerUid":501,"kind":"directory","linkCount":2,"bytes":0}}
{"action":"runtime-workspace-git","argv":["-C","/private/var/folders/6r/7l8l6ytd2fgf91ccj55m73wm0000gn/T/crew-runtime-f535d758-e8d6-4e92-8be4-defc5cdcaeb4-FRFS5b/owner","rev-parse","HEAD"],"receipt":{"formatVersion":1,"operationId":"2639ba80-e6b5-4fe5-8c58-86efa2fb06c9","device":"16777229","inode":"64403543","treeEmpty":true,"forkObserved":false,"exitCode":0,"timedOut":false},"stageIdentity":{"device":"16777229","inode":"64403543","ownerUid":501,"kind":"directory","linkCount":2,"bytes":0}}
{"action":"removed-after-writer-close","root":"/private/var/folders/6r/7l8l6ytd2fgf91ccj55m73wm0000gn/T/crew-runtime-f535d758-e8d6-4e92-8be4-defc5cdcaeb4-FRFS5b","nonce":"f535d758-e8d6-4e92-8be4-defc5cdcaeb4","dev":16777229,"ino":64403292,"uid":501}
✔ runtime workspace actual prepared record rejects wrong commit attempt pins state and observed paths (3378.007583ms)
{"action":"created","root":"/private/var/folders/6r/7l8l6ytd2fgf91ccj55m73wm0000gn/T/crew-runtime-8244625e-a54b-431b-882e-605e66bfa141-skzDNs","nonce":"8244625e-a54b-431b-882e-605e66bfa141","dev":16777229,"ino":64403761,"uid":501}
{"action":"runtime-workspace-git","argv":["init","/private/var/folders/6r/7l8l6ytd2fgf91ccj55m73wm0000gn/T/crew-runtime-8244625e-a54b-431b-882e-605e66bfa141-skzDNs/owner"],"receipt":{"formatVersion":1,"operationId":"362e838e-7983-4057-990c-d6cdf46468f4","device":"16777229","inode":"64403936","treeEmpty":true,"forkObserved":false,"exitCode":0,"timedOut":false},"stageIdentity":{"device":"16777229","inode":"64403936","ownerUid":501,"kind":"directory","linkCount":2,"bytes":0}}
{"action":"runtime-workspace-git","argv":["-C","/private/var/folders/6r/7l8l6ytd2fgf91ccj55m73wm0000gn/T/crew-runtime-8244625e-a54b-431b-882e-605e66bfa141-skzDNs/owner","add","--all"],"receipt":{"formatVersion":1,"operationId":"9fd5f18e-3a7c-4d92-9db4-ce39cce8ea92","device":"16777229","inode":"64403965","treeEmpty":true,"forkObserved":false,"exitCode":0,"timedOut":false},"stageIdentity":{"device":"16777229","inode":"64403965","ownerUid":501,"kind":"directory","linkCount":2,"bytes":0}}
{"action":"runtime-workspace-git","argv":["-C","/private/var/folders/6r/7l8l6ytd2fgf91ccj55m73wm0000gn/T/crew-runtime-8244625e-a54b-431b-882e-605e66bfa141-skzDNs/owner","-c","user.name=RuntimeFixture","-c","user.email=runtime@example.invalid","-c","commit.gpgSign=false","commit","-m","fixture"],"receipt":{"formatVersion":1,"operationId":"38fc588e-31d4-43a5-a013-89648c08d810","device":"16777229","inode":"64403981","treeEmpty":true,"forkObserved":false,"exitCode":0,"timedOut":false},"stageIdentity":{"device":"16777229","inode":"64403981","ownerUid":501,"kind":"directory","linkCount":2,"bytes":0}}
{"action":"runtime-workspace-git","argv":["-C","/private/var/folders/6r/7l8l6ytd2fgf91ccj55m73wm0000gn/T/crew-runtime-8244625e-a54b-431b-882e-605e66bfa141-skzDNs/owner","rev-parse","HEAD"],"receipt":{"formatVersion":1,"operationId":"67b8b531-2ea8-464f-89f0-e6d2701f30af","device":"16777229","inode":"64404011","treeEmpty":true,"forkObserved":false,"exitCode":0,"timedOut":false},"stageIdentity":{"device":"16777229","inode":"64404011","ownerUid":501,"kind":"directory","linkCount":2,"bytes":0}}
▶ runtime workspace captured authority deadline survives neither queue wait nor companion fsync
  ✔ test-certification expires during queue (16.400167ms)
  ✔ test-certification expires during fsync (13.089708ms)
  ✔ certified expires during queue (14.63475ms)
  ✔ certified expires during fsync (11.368083ms)
{"action":"removed-after-writer-close","root":"/private/var/folders/6r/7l8l6ytd2fgf91ccj55m73wm0000gn/T/crew-runtime-8244625e-a54b-431b-882e-605e66bfa141-skzDNs","nonce":"8244625e-a54b-431b-882e-605e66bfa141","dev":16777229,"ino":64403761,"uid":501}
✔ runtime workspace captured authority deadline survives neither queue wait nor companion fsync (3406.044958ms)
ℹ tests 20
ℹ suites 0
ℹ pass 20
ℹ fail 0
ℹ cancelled 0
ℹ skipped 0
ℹ todo 0
ℹ duration_ms 14086.718875
