{"type":"task2-owned-resource","action":"create","root":"/private/var/folders/6r/7l8l6ytd2fgf91ccj55m73wm0000gn/T/crew-task2-credential-provisioning-C5iXT1","dev":16777229,"ino":63825097,"uid":501}
{"type":"task2-owned-resource","action":"removed","root":"/private/var/folders/6r/7l8l6ytd2fgf91ccj55m73wm0000gn/T/crew-task2-credential-provisioning-C5iXT1","dev":16777229,"ino":63825097,"uid":501}
✔ credential broker provisioning persists private key and exact ACK across lost reply; rejects stale/AAD/key loss (277.406916ms)
✔ credential broker expiry needs bounded server receipt clock and ignores host wall clock (0.129041ms)
{"type":"task2-owned-resource","action":"create","root":"/private/var/folders/6r/7l8l6ytd2fgf91ccj55m73wm0000gn/T/crew-task2-credential-provisioning-9U9203","dev":16777229,"ino":63825138,"uid":501}
{"type":"task2-owned-resource","action":"removed","root":"/private/var/folders/6r/7l8l6ytd2fgf91ccj55m73wm0000gn/T/crew-task2-credential-provisioning-9U9203","dev":16777229,"ino":63825138,"uid":501}
✔ credential broker reconnect gets own desired/serverTime before secret envelopes and rejects disabled source (50.064458ms)
✔ FIX1 R1 registration TTL upper bound uses estimated current server time without extending expired receipts (0.759542ms)
{"type":"task2-owned-resource","action":"create","root":"/private/var/folders/6r/7l8l6ytd2fgf91ccj55m73wm0000gn/T/crew-task2-fix1-ack-reconnect-88wzs9","dev":16777229,"ino":63825150,"uid":501}
{"type":"task2-owned-resource","action":"removed","root":"/private/var/folders/6r/7l8l6ytd2fgf91ccj55m73wm0000gn/T/crew-task2-fix1-ack-reconnect-88wzs9","dev":16777229,"ino":63825150,"uid":501}
✔ FIX1 R2 public reconnect replays committed lost ACK after expiry and revision change without rewriting secret (330.22ms)
✔ model probe separates Responses and Chat Completions and rejects model/tool mismatches (0.912541ms)
✔ model probe mirrors server canonical endpoint/local HTTP policy (3.355625ms)
✔ model probe offline never grants capability; CLI missing and unauthorized live stay UNVERIFIED (1.61525ms)
✔ model probe authorized response maps auth/quota/network errors without leaking and bounds deadlines (17.081833ms)
✔ model probe text PASS does not infer files/vision/tools; tool execution requires exact correlation (0.4195ms)
✔ model probe inventory preserves owner API models, skips OFF/missing pair and invalidates context by bytes/pins (0.448292ms)
✔ model probe stream parser requires complete bounded framing and exact model (0.486334ms)
✔ model probe DNS guard rejects private/reserved/mapped addresses and request pins owner model (0.216667ms)
✔ model probe pinned transport uses one-use credential channel and bounded local HTTP response (5.46875ms)
✔ model probe IPv6 guard canonicalizes zero-padded special ranges (0.119125ms)
✔ model probe correlated tools and explicit measured vision grant only their recorded capabilities (0.176625ms)
✔ model probe Chat stream correlates fragments and requires done plus terminal reason (0.089709ms)
✔ model probe pinned DNS socket lookup honors Node all-address contract without new DNS (0.053792ms)
✔ FIX1 R4 SSE accepts LF CRLF CR mixed endings and BOM but retains raw bound and final blank frame (0.984333ms)
✔ FIX1 R5 Responses correlates multi-fragment tool and text with lifecycle metadata and terminal body (0.291208ms)
✔ FIX1 R5 nullable annotation metadata is correlated with final text (0.149709ms)
✔ FIX1 R5 Responses rejects orphan duplicate conflicting and terminal-failure sequences (1.282709ms)
✔ FIX1 R6 broker transport prober preserves closed protocol/size/SSRF outcomes and redacts unknown errors (12.42575ms)
✔ FIX1 R5 documented response_id and optional function status remain correlated (0.273792ms)
{"type":"task2-owned-resource","action":"create","root":"/private/var/folders/6r/7l8l6ytd2fgf91ccj55m73wm0000gn/T/crew-task2-model-reporter-JCDLuX","dev":16777229,"ino":63825095,"uid":501}
{"type":"task2-owned-resource","action":"removed","root":"/private/var/folders/6r/7l8l6ytd2fgf91ccj55m73wm0000gn/T/crew-task2-model-reporter-JCDLuX","dev":16777229,"ino":63825095,"uid":501}
✔ model reporter gets current desired before reconnect and restart replays exact shared sequence (265.498125ms)
{"type":"task2-owned-resource","action":"create","root":"/private/var/folders/6r/7l8l6ytd2fgf91ccj55m73wm0000gn/T/crew-task2-fix1-reporter-race-iNLQfo","dev":16777229,"ino":63825134,"uid":501}
{"type":"task2-owned-resource","action":"removed","root":"/private/var/folders/6r/7l8l6ytd2fgf91ccj55m73wm0000gn/T/crew-task2-fix1-reporter-race-iNLQfo","dev":16777229,"ino":63825134,"uid":501}
✔ FIX1 R3 overlapping collections keep immutable config and boot instead of relabelling stale observations (262.457125ms)
ℹ tests 26
ℹ suites 0
ℹ pass 26
ℹ fail 0
ℹ cancelled 0
ℹ skipped 0
ℹ todo 0
ℹ duration_ms 735.938334
