{"type":"task2-owned-resource","action":"create","root":"/private/var/folders/6r/7l8l6ytd2fgf91ccj55m73wm0000gn/T/crew-task2-credential-provisioning-5bRCUw","dev":16777229,"ino":63822448,"uid":501}
{"type":"task2-owned-resource","action":"removed","root":"/private/var/folders/6r/7l8l6ytd2fgf91ccj55m73wm0000gn/T/crew-task2-credential-provisioning-5bRCUw","dev":16777229,"ino":63822448,"uid":501}
✔ credential broker provisioning persists private key and exact ACK across lost reply; rejects stale/AAD/key loss (256.043334ms)
✔ credential broker expiry needs bounded server receipt clock and ignores host wall clock (0.1255ms)
{"type":"task2-owned-resource","action":"create","root":"/private/var/folders/6r/7l8l6ytd2fgf91ccj55m73wm0000gn/T/crew-task2-credential-provisioning-CZW1VB","dev":16777229,"ino":63822486,"uid":501}
{"type":"task2-owned-resource","action":"removed","root":"/private/var/folders/6r/7l8l6ytd2fgf91ccj55m73wm0000gn/T/crew-task2-credential-provisioning-CZW1VB","dev":16777229,"ino":63822486,"uid":501}
✔ credential broker reconnect gets own desired/serverTime before secret envelopes and rejects disabled source (49.161708ms)
✔ FIX1 R1 registration TTL upper bound uses estimated current server time without extending expired receipts (0.748875ms)
{"type":"task2-owned-resource","action":"create","root":"/private/var/folders/6r/7l8l6ytd2fgf91ccj55m73wm0000gn/T/crew-task2-fix1-ack-reconnect-9VWdM7","dev":16777229,"ino":63822501,"uid":501}
{"type":"task2-owned-resource","action":"removed","root":"/private/var/folders/6r/7l8l6ytd2fgf91ccj55m73wm0000gn/T/crew-task2-fix1-ack-reconnect-9VWdM7","dev":16777229,"ino":63822501,"uid":501}
✔ FIX1 R2 public reconnect replays committed lost ACK after expiry and revision change without rewriting secret (304.043667ms)
✔ model probe separates Responses and Chat Completions and rejects model/tool mismatches (0.838833ms)
✔ model probe mirrors server canonical endpoint/local HTTP policy (4.079ms)
✔ model probe offline never grants capability; CLI missing and unauthorized live stay UNVERIFIED (1.597666ms)
✔ model probe authorized response maps auth/quota/network errors without leaking and bounds deadlines (17.14275ms)
✔ model probe text PASS does not infer files/vision/tools; tool execution requires exact correlation (0.318166ms)
✔ model probe inventory preserves owner API models, skips OFF/missing pair and invalidates context by bytes/pins (0.364209ms)
✔ model probe stream parser requires complete bounded framing and exact model (0.394083ms)
✔ model probe DNS guard rejects private/reserved/mapped addresses and request pins owner model (0.194834ms)
✔ model probe pinned transport uses one-use credential channel and bounded local HTTP response (5.990334ms)
✔ model probe IPv6 guard canonicalizes zero-padded special ranges (0.14675ms)
✔ model probe correlated tools and explicit measured vision grant only their recorded capabilities (0.228791ms)
✔ model probe Chat stream correlates fragments and requires done plus terminal reason (0.103625ms)
✔ model probe pinned DNS socket lookup honors Node all-address contract without new DNS (0.059583ms)
✔ FIX1 R4 SSE accepts LF CRLF CR mixed endings and BOM but retains raw bound and final blank frame (1.441209ms)
✔ FIX1 R5 Responses correlates multi-fragment tool and text with lifecycle metadata and terminal body (0.33675ms)
✔ FIX1 R5 Responses rejects orphan duplicate conflicting and terminal-failure sequences (1.277459ms)
✔ FIX1 R6 broker transport prober preserves closed protocol/size/SSRF outcomes and redacts unknown errors (15.878583ms)
✔ FIX1 R5 documented response_id and optional function status remain correlated (0.283584ms)
{"type":"task2-owned-resource","action":"create","root":"/private/var/folders/6r/7l8l6ytd2fgf91ccj55m73wm0000gn/T/crew-task2-model-reporter-b6ttN9","dev":16777229,"ino":63822447,"uid":501}
{"type":"task2-owned-resource","action":"removed","root":"/private/var/folders/6r/7l8l6ytd2fgf91ccj55m73wm0000gn/T/crew-task2-model-reporter-b6ttN9","dev":16777229,"ino":63822447,"uid":501}
✔ model reporter gets current desired before reconnect and restart replays exact shared sequence (260.765292ms)
{"type":"task2-owned-resource","action":"create","root":"/private/var/folders/6r/7l8l6ytd2fgf91ccj55m73wm0000gn/T/crew-task2-fix1-reporter-race-8Hec6C","dev":16777229,"ino":63822490,"uid":501}
{"type":"task2-owned-resource","action":"removed","root":"/private/var/folders/6r/7l8l6ytd2fgf91ccj55m73wm0000gn/T/crew-task2-fix1-reporter-race-8Hec6C","dev":16777229,"ino":63822490,"uid":501}
✔ FIX1 R3 overlapping collections keep immutable config and boot instead of relabelling stale observations (241.665125ms)
ℹ tests 25
ℹ suites 0
ℹ pass 25
ℹ fail 0
ℹ cancelled 0
ℹ skipped 0
ℹ todo 0
ℹ duration_ms 697.070083
