✔ bootstrapping → authenticated / guest / bootstrap-unavailable (39.879666ms)
✔ login là POST {password} không CSRF/key, mật khẩu 1–4096, 429 không tự thử lại (1.386959ms)
✔ owner khác sau reauth không được authenticated (0.872667ms)
✔ mất response → 401 khi gửi lại → reauth cùng owner → replay đúng key/body với CSRF mới (5.2055ms)
✔ logout: DELETE kèm CSRF, đóng phiên, chỉ giữ tombstone không payload (1.521583ms)
✔ nhập lại payload khác → 409 giữ tombstone và cùng key; payload đúng thì accepted (0.854917ms)
✔ reload tab: operation tab giữ key/body ở trạng thái ambiguous, operation memory thành tombstone (0.395583ms)
✔ đóng form secret chuyển operation memory thành tombstone và xóa secret (0.147834ms)
✔ serializer từ chối memory operation, secret, token và hash của secret (0.202958ms)
✔ return route chỉ nhận path nội bộ /crew-v2/ (0.138833ms)
✔ logout với CSRF cũ làm mới CSRF rồi DELETE lại để server thu hồi phiên (0.311417ms)
✔ GET chỉ gọi same-origin /v2/ kèm cookie và từ chối path ngoài (15.853ms)
✔ không mutation hoặc upload trước khi có phiên (2.041916ms)
✔ mutation JSON gửi CSRF, Idempotency-Key = operation.id và đúng bodyJson đã freeze (0.645916ms)
✔ upload bytes thô gửi CSRF, octet-stream, không Idempotency-Key (0.372958ms)
✔ 503 không phải JSON thành ApiFailure, GET thử lại tối đa 3 lần (0.536917ms)
✔ AbortError khi mutation đang gửi → ambiguous, không đổi key, không tự gửi lại (0.3005ms)
✔ hai lần thử lại sau lỗi transport/503 giữ cùng key và cùng body (0.359875ms)
✔ lỗi transport hết lượt → Chưa xác nhận, operation vẫn ambiguous với cùng key (0.25075ms)
✔ 401 khi gửi → phiên expired, khóa write, operation suspended giữ nguyên key/body (0.319ms)
✔ IDEMPOTENCY_CONFLICT giữ operation; lỗi 400 là từ chối cuối cho phép key mới (0.427833ms)
✔ GET cũ bị hủy khi GET mới bắt đầu, kết quả trễ bị bỏ qua (0.141792ms)
✔ decoder từ chối thiếu field, sai primitive và field lạ chưa review (2.246125ms)
✔ 403 CSRF_INVALID trên operation ambiguous không nhả key; làm mới CSRF rồi replay đúng key/body (1.013333ms)
✔ 403 CSRF_INVALID mà làm mới phiên nhận 401 → expired, operation suspended giữ key (0.564209ms)
✔ 403 ORIGIN_INVALID lặp lại sau một lần làm mới → dừng, operation suspended giữ key (0.586292ms)
✔ 4xx phụ thuộc trạng thái sau lần gửi chưa chắc chắn không nhả key; 400 theo body vẫn là terminal (0.87825ms)
✔ payload nhập lại cho tombstone bị 400/413/404 → trở về tombstone, không nhả key cũ (0.942833ms)
✔ hai lượt mutate song song trên cùng operation: lượt sau bị chặn, không gửi request (8.628416ms)
✔ caller abort trước khi làm mới CSRF hoặc trong lúc làm mới → không replay, giữ key (1.084917ms)
✔ freezeSubmission ticket: đúng path/body, không gửi kind/target/draftKey, selection rỗng hợp lệ (2.265042ms)
✔ freezeSubmission comment và assistant_message: đúng route/body, giữ clientMessageId (0.18275ms)
✔ freezeSubmission chặn target sai, field sai giới hạn và text/file cùng rỗng (1.839542ms)
✔ PendingStore.begin cho cùng intent/path/body ra đúng bytes của freezeSubmission (0.399917ms)
✔ canSubmit: file lỗi chặn gửi dù có text; sending/accepted không gửi; ambiguous chỉ retry op cũ (0.142583ms)
✔ mất phản hồi sau commit: khóa form, retry cùng key/body, một ticket; frozen body không đổi khi form đổi (11.1375ms)
✔ hết phiên rồi đăng nhập lại cùng owner: retry giữ key gốc và clientMessageId, một message (1.18325ms)
✔ reload tab: compose ID/revision và key gốc được giữ, không lưu text/File; gửi lại ra một comment (2.814417ms)
✔ logout: chỉ còn tombstone; không cấp key mới, nhập lại đúng nội dung gửi bằng key cũ (1.173625ms)
✔ comment chỉ có ảnh ready: selection đúng mọi upload active, receipt không nói “đã đọc” (3.625833ms)
✔ 201 không giải mã được thì draft vẫn khóa; gửi lại đúng body cũ, không có entity thứ hai (0.462209ms)
✔ lượt gửi đã submitted mà op cục bộ đã mất thì khóa, không mở lượt mới, không tạo bản trùng (0.893875ms)
✔ nhập lại sau logout với file và consent selected-inputs gửi được bằng key cũ (1.433958ms)
✔ op được panel khôi phục replay thì composer gửi lại đúng body, nhận lại receipt cũ (0.405417ms)
✔ SELECTION_CHANGED khi gửi thì đọc lại compose, upload lạ trở thành file chặn/đúng selection (2.978083ms)
✔ takeReceipt trả receipt đúng một lần (0.35875ms)
✔ panel khôi phục replay sau khi composer dựng lại: gửi lại không kẹt, chuyển sang khóa có lối thoát (0.546875ms)
✔ nhả trạng thái chưa xác nhận khi lượt gửi còn mở thì consent cũ không còn bị khóa (0.410333ms)
✔ discard bị chặn khi đang gửi; kết quả về sau vẫn thuộc draft đang gửi (1.431375ms)
✔ discard bỏ lượt gửi còn mở và chỉ giữ khóa submit ở panel (1.713625ms)
✔ 503 EXTRACTION_NOT_CONFIGURED khi gửi kèm tệp: giữ khóa, hiện lý do của máy chủ, gửi lại cùng key khi máy chủ sẵn sàng (2.292459ms)
✔ lượt gửi hết hạn: SELECTION_CHANGED dẫn tới lượt mới, tệp được tải lại, chỉ một bình luận (3.947583ms)
✔ selection chứa tệp máy chủ không còn: 404 NOT_FOUND, tệp bị đánh dấu thiếu và chặn gửi (1.332041ms)
✔ 403 ORIGIN_INVALID: làm mới phiên một lần, vẫn lỗi thì giữ khóa ở trạng thái tạm dừng và gửi lại cùng khóa (0.500042ms)
✔ 403 OWNER_REQUIRED trên lần gửi đầu: bị từ chối hẳn, form mở lại, không giữ khóa (0.1385ms)
✔ 401 SESSION_INVALID: phiên hết hạn, đăng nhập lại (200) rồi gửi lại cùng khóa (0.325167ms)
✔ đồng hồ client chạy nhanh hơn server: lượt gửi còn hạn ở server không bị coi là hết hạn, khóa được giữ (0.367542ms)
✔ đang gửi thì GET compose báo hết hạn cũng không nhả khóa hay mở khóa form (3.925083ms)
✔ đang bỏ bản nháp thì không gửi được (2.189417ms)
✔ DELETE bỏ lượt gửi lỗi transport: báo lỗi, giữ bản nháp và khóa; bỏ lại dùng cùng khóa (0.642708ms)
✔ bỏ bản nháp khi đang soạn: bỏ lượt gửi và tệp trên server rồi bắt đầu bản nháp mới (1.259167ms)
✔ bỏ bản nháp khi đang gửi: blocked, không đổi gì (1.641542ms)
✔ bỏ bản nháp khi đang soạn mà DELETE lỗi transport: unconfirmed, giữ bản nháp và khóa; lần sau cùng khóa (1.701375ms)
✔ bỏ bản nháp khi chưa xác nhận: bỏ lượt gửi, khóa submit vẫn ở panel (0.257542ms)
✔ bỏ bản nháp sau logout (tombstone): như discard, chỉ còn tombstone submit (0.363833ms)
✔ tên ảnh clipboard không tên/tên chung có giờ Asia/Ho_Chi_Minh và đuôi theo MIME (0.590666ms)
✔ một luồng nhận file: paste giữ cả text và ảnh; input/drop dùng FileList (0.500417ms)
✔ policy kiểm trước hash theo giá trị được công bố, không gắn cứng 25MiB (0.149958ms)
✔ digestFile: SHA-256 đúng, từ chối vượt ngân sách trước khi đọc (2.651ms)
✔ worker hasher: mỗi lượt một file, abort dừng worker và bỏ listener, dispose dừng worker (6.370375ms)
✔ reserve tuần tự theo revision hiện hành rồi PUT cùng upload ID; hai ảnh paste đều ready (17.069375ms)
✔ file lỗi chặn gửi dù có text; bỏ file lỗi cục bộ thì gửi được (0.634833ms)
✔ file trùng hash+size bị đánh dấu để owner bỏ, không reserve thêm (2.4525ms)
✔ bỏ file: DELETE với revision hiện hành, 409 thì đọc lại compose và gửi lại theo revision mới (1.447041ms)
✔ mất phản hồi reserve sau commit: GET compose nhận lại upload, không tạo reservation thứ hai (2.025375ms)
✔ reserve chưa tới server: GET chưa chứng minh được thì retry gửi lại đúng key/body cũ (4.026916ms)
✔ PUT bận/receiving: chờ rồi gửi lại cùng bytes cùng ID, ready thắng (1.107542ms)
✔ lỗi transport thật khi PUT: file chưa sẵn sàng thì không gửi; retry dùng lại reservation (2.428125ms)
✔ đổi project: bỏ compose cũ rõ ràng rồi chuyển file sang compose mới (2.551208ms)
✔ reload mất bytes: chọn lại phải đúng size+SHA trước khi gửi bytes (2.877542ms)
✔ dispose dừng hasher và không còn listener (0.184583ms)
✔ preview chỉ nhận PNG/JPEG theo magic bytes, không SVG/HTML/PDF (0.058458ms)
✔ bytes preview phải khớp SHA/MIME của record, không tin tên tệp hay content-type (0.770125ms)
✔ trạng thái trích xuất nêu phần thiếu theo trang/sheet/ô và không nói “đã đọc” (0.2155ms)
✔ đổi project khi reserve chưa xác nhận: op cũ được giải quyết, file lên compose mới (2.620083ms)
✔ PUT còn receiving sau vòng chờ, Thử lại tiếp tục chờ rồi gửi cùng bytes tới khi ready (2.410625ms)
✔ reload khi server receiving và không còn bytes: có Thử lại, không đứng ở Đang tải lên (0.944792ms)
✔ PUT gặp 401 thì file unknown; đăng nhập lại rồi reconcile tải tiếp cùng upload (2.080417ms)
✔ bỏ file khi DELETE chưa tới server: GET chứng minh chưa commit thì nhả key, DELETE lại theo revision mới (0.63975ms)
✔ abandon gặp ATTACHMENT_SELECTION_STALE thì đọc lại revision rồi bỏ lượt gửi (2.012625ms)
✔ paste chỉ chặn khi có file, chèn chữ tại con trỏ; paste thường giữ nguyên (0.160375ms)
✔ nút Thử lại/Chọn lại/Bỏ theo trạng thái file (0.080708ms)
✔ khóa form, consent đóng băng và state báo cho form (0.083791ms)
✔ lượt gửi hết hạn khi đang giữ chỗ hoặc tải bytes: tệp chuyển sang lượt mới và sẵn sàng (2.610292ms)
✔ PUT gặp ATTACHMENT_UPLOAD_EXPIRED: tệp chuyển sang lượt mới và tải lại (2.399541ms)
✔ refs theo bình luận lấy từ projection máy chủ; refs còn lại là của ticket hoặc kế thừa (2.123459ms)
✔ dán ảnh kèm chữ: chặn mặc định, chèn chữ tại con trỏ và thêm tệp; dán chữ thường không bị chặn (46.838542ms)
✔ kéo thả khi phiên hết hạn: không nhận tệp, ô nội dung chỉ đọc (33.202708ms)
✔ consent và khóa form: chưa xác nhận thì nội dung chỉ đọc, consent đã đóng băng, nút gửi lại đúng yêu cầu cũ (19.094708ms)
✔ receipt được giao một lần rồi bắt đầu bản nháp mới với consent tắt (15.8315ms)
✔ nút gửi theo nội dung; nhập lại sau logout có nút bỏ bản nháp kèm cảnh báo (13.77875ms)
✔ máy chủ chưa sẵn sàng xử lý tệp: hiện lý do và nút gửi lại đúng yêu cầu cũ (10.573333ms)
✔ handle bỏ bản nháp cho form: soạn dở thì discarded, tệp và consent được xóa; đang gửi thì blocked (14.009125ms)
✔ cursor bigint không bị làm tròn (5.166291ms)
✔ SSE parser: CRLF/CR/LF, multiline, comment, tách chunk giữa UTF-8 và CRLF (1.949ms)
✔ SSE parser đóng khi frame vượt 1MiB hoặc UTF-8 hỏng (50.408292ms)
✔ invalidations: ticket đánh stale detail/graph/list/attention; type lạ invalidation rộng trong scope (0.29075ms)
✔ catch-up đọc /v2/events?after=&limit=100 tới rỗng rồi stream với Last-Event-ID; dedup trùng/out-of-order (13.333584ms)
✔ frame hỏng đóng stream, resync qua GET và dừng sau số lần giới hạn (0.987ms)
✔ frame có event name khác type trong data bị coi là hỏng (0.554291ms)
✔ phiên hết hạn (401) đóng stream và báo session expire (1.041625ms)
✔ reconnect invalidation rộng; invalidation lỗi khi mất kết nối vẫn chờ và thử lại (1.456375ms)
ℹ tests 112
ℹ suites 0
ℹ pass 112
ℹ fail 0
ℹ cancelled 0
ℹ skipped 0
ℹ todo 0
ℹ duration_ms 665.012042
