owned_test_pid= 8231
{"level":30,"time":1791081401221,"pid":8232,"hostname":"Phans-Mac-mini.local","msg":"Server listening at http://127.0.0.1:58214"}
fixture-identities={"containerName":"crew-v2-web-198844d4-579a-46cb-8d4f-f324eb52bfbf","containerImageDigest":"sha256:4ef4dbc939d61acea57712655ddb4b4ab27419c913f94cca0cd57cb3ea3c2280","dbPort":57830,"dbName":"crew_v2_test_1bf27a5296d34df3a4052bf102486eb8","apiOrigin":"http://127.0.0.1:58214","webOrigin":"http://127.0.0.1:58213","registryPath":"/var/folders/wr/3y_dzgm55m3fy0gtp5sznlnh0000gn/T/crew-v2-web-jaquZS/registry.json","resources":[{"kind":"scratch","id":"/var/folders/wr/3y_dzgm55m3fy0gtp5sznlnh0000gn/T/crew-v2-web-jaquZS","ownershipNonce":"198844d4-579a-46cb-8d4f-f324eb52bfbf","startIdentity":"16777231:220416214"},{"kind":"container","id":"0f7346a0871731ed9a4d85ec469367fe13cf7dcb1a7f3719bdf1727a5a3e6ec6","ownershipNonce":"198844d4-579a-46cb-8d4f-f324eb52bfbf","startIdentity":"0f7346a0871731ed9a4d85ec469367fe13cf7dcb1a7f3719bdf1727a5a3e6ec6:2026-10-04T02:36:39.718887211Z"},{"kind":"database","id":"crew_v2_test_1bf27a5296d34df3a4052bf102486eb8","ownershipNonce":"198844d4-579a-46cb-8d4f-f324eb52bfbf","startIdentity":"0f7346a0871731ed9a4d85ec469367fe13cf7dcb1a7f3719bdf1727a5a3e6ec6:16385"},{"kind":"listener","id":"web:58213","ownershipNonce":"198844d4-579a-46cb-8d4f-f324eb52bfbf","startIdentity":"8232:Sun Oct  4 09:36:38 2026:web:58213:198844d4-579a-46cb-8d4f-f324eb52bfbf"},{"kind":"listener","id":"api:58214","ownershipNonce":"198844d4-579a-46cb-8d4f-f324eb52bfbf","startIdentity":"8232:Sun Oct  4 09:36:38 2026:api:58214:198844d4-579a-46cb-8d4f-f324eb52bfbf"}]}
fixture-cleanup=[{"resourceId":"api:58214","state":"stopped","reason":null},{"resourceId":"web:58213","state":"stopped","reason":null},{"resourceId":"crew_v2_test_1bf27a5296d34df3a4052bf102486eb8","state":"removed","reason":null},{"resourceId":"0f7346a0871731ed9a4d85ec469367fe13cf7dcb1a7f3719bdf1727a5a3e6ec6","state":"removed","reason":null},{"resourceId":"/var/folders/wr/3y_dzgm55m3fy0gtp5sznlnh0000gn/T/crew-v2-web-jaquZS","state":"removed","reason":null}]
✔ withFixture giữ API, web và DB riêng suốt callback rồi đóng đúng tài nguyên (2072.048458ms)
✔ unit: identity lạ giữ UNKNOWN và không gọi stop/remove (0.335208ms)
✔ unit: STOP chưa xác minh giữ UNKNOWN và không remove (0.099167ms)
scratch-timeout-ready={"scratchPath":"/var/folders/wr/3y_dzgm55m3fy0gtp5sznlnh0000gn/T/crew-v2-web-fix2-tony8x","registryPath":"/var/folders/wr/3y_dzgm55m3fy0gtp5sznlnh0000gn/T/crew-v2-web-fix2-tony8x/registry.json","startIdentity":"16777231:220416235"}
scratch-timeout-own-cleanup={"scratchPath":"/var/folders/wr/3y_dzgm55m3fy0gtp5sznlnh0000gn/T/crew-v2-web-fix2-tony8x","absent":true}
✔ unit: scratch REMOVE hết hạn rồi stat trả trễ phải giữ registry (252.304042ms)
{"level":30,"time":1791081403562,"pid":8232,"hostname":"Phans-Mac-mini.local","msg":"Server listening at http://127.0.0.1:58626"}
active-request-ready={"registryPath":"/var/folders/wr/3y_dzgm55m3fy0gtp5sznlnh0000gn/T/crew-v2-web-NYooz1/registry.json","apiOrigin":"http://127.0.0.1:58626","resources":[{"kind":"scratch","id":"/var/folders/wr/3y_dzgm55m3fy0gtp5sznlnh0000gn/T/crew-v2-web-NYooz1","ownershipNonce":"24433c59-0f1b-436f-8e57-e911a0f300d5","startIdentity":"16777231:220416237"},{"kind":"container","id":"978e9ae89ccd9a90d58d97b6a8cb727d1edf42c396167b5c704c58a298050820","ownershipNonce":"24433c59-0f1b-436f-8e57-e911a0f300d5","startIdentity":"978e9ae89ccd9a90d58d97b6a8cb727d1edf42c396167b5c704c58a298050820:2026-10-04T02:36:42.021822754Z"},{"kind":"database","id":"crew_v2_test_9a9248babe1f456684822d03cbb8f60b","ownershipNonce":"24433c59-0f1b-436f-8e57-e911a0f300d5","startIdentity":"978e9ae89ccd9a90d58d97b6a8cb727d1edf42c396167b5c704c58a298050820:16385"},{"kind":"listener","id":"web:58625","ownershipNonce":"24433c59-0f1b-436f-8e57-e911a0f300d5","startIdentity":"8232:Sun Oct  4 09:36:38 2026:web:58625:24433c59-0f1b-436f-8e57-e911a0f300d5"},{"kind":"listener","id":"api:58626","ownershipNonce":"24433c59-0f1b-436f-8e57-e911a0f300d5","startIdentity":"8232:Sun Oct  4 09:36:38 2026:api:58626:24433c59-0f1b-436f-8e57-e911a0f300d5"}]}
active-request-cleanup=[{"resourceId":"api:58626","state":"stopped","reason":null},{"resourceId":"web:58625","state":"stopped","reason":null},{"resourceId":"crew_v2_test_9a9248babe1f456684822d03cbb8f60b","state":"removed","reason":null},{"resourceId":"978e9ae89ccd9a90d58d97b6a8cb727d1edf42c396167b5c704c58a298050820","state":"removed","reason":null},{"resourceId":"/var/folders/wr/3y_dzgm55m3fy0gtp5sznlnh0000gn/T/crew-v2-web-NYooz1","state":"removed","reason":null}]
✔ request đang gửi dở không được giữ fixture close vô hạn hoặc xóa asset khi STOP chưa rõ (1927.558791ms)
interrupt-ready={"childPid":8649,"processRecord":"8223 Sun Oct  4 09:36:43 2026","registryPath":"/var/folders/wr/3y_dzgm55m3fy0gtp5sznlnh0000gn/T/crew-v2-web-fHUpFD/registry.json","resources":[{"kind":"scratch","id":"/var/folders/wr/3y_dzgm55m3fy0gtp5sznlnh0000gn/T/crew-v2-web-fHUpFD","ownershipNonce":"371534a1-a596-42c4-b7d2-2f846086d38b","startIdentity":"16777231:220416258"},{"kind":"container","id":"62ef6b97c9622cc0abe496c1624a59433313e595293b6b2a910301a4805303b7","ownershipNonce":"371534a1-a596-42c4-b7d2-2f846086d38b","startIdentity":"62ef6b97c9622cc0abe496c1624a59433313e595293b6b2a910301a4805303b7:2026-10-04T02:36:44.163788255Z"},{"kind":"database","id":"crew_v2_test_93c27e4d6c9b4021a2d37a1d7a459e2a","ownershipNonce":"371534a1-a596-42c4-b7d2-2f846086d38b","startIdentity":"62ef6b97c9622cc0abe496c1624a59433313e595293b6b2a910301a4805303b7:16385"},{"kind":"listener","id":"web:59003","ownershipNonce":"371534a1-a596-42c4-b7d2-2f846086d38b","startIdentity":"8649:Sun Oct  4 09:36:43 2026:web:59003:371534a1-a596-42c4-b7d2-2f846086d38b"},{"kind":"listener","id":"api:59004","ownershipNonce":"371534a1-a596-42c4-b7d2-2f846086d38b","startIdentity":"8649:Sun Oct  4 09:36:43 2026:api:59004:371534a1-a596-42c4-b7d2-2f846086d38b"}]}
interrupt-cleanup=[{"resourceId":"api:59004","state":"stopped","reason":null},{"resourceId":"web:59003","state":"stopped","reason":null},{"resourceId":"crew_v2_test_93c27e4d6c9b4021a2d37a1d7a459e2a","state":"removed","reason":null},{"resourceId":"62ef6b97c9622cc0abe496c1624a59433313e595293b6b2a910301a4805303b7","state":"removed","reason":null},{"resourceId":"/var/folders/wr/3y_dzgm55m3fy0gtp5sznlnh0000gn/T/crew-v2-web-fHUpFD","state":"removed","reason":null}]
✔ SIGTERM trên preview child đóng đúng run và xác minh STOP trước khi thoát (2117.005ms)
ℹ tests 6
ℹ suites 0
ℹ pass 6
ℹ fail 0
ℹ cancelled 0
ℹ skipped 0
ℹ todo 0
ℹ duration_ms 7517.637709
raw_exit=0 timed_out=False reaped=True wall=7.58s
