$ node --test test/client.test.ts
✔ GET chỉ gọi same-origin /v2/ kèm cookie và từ chối path ngoài (10.8885ms)
✔ không mutation hoặc upload trước khi có phiên (0.771833ms)
✔ mutation JSON gửi CSRF, Idempotency-Key = operation.id và đúng bodyJson đã freeze (0.392792ms)
✔ upload bytes thô gửi CSRF, octet-stream, không Idempotency-Key (0.327667ms)
✔ 503 không phải JSON thành ApiFailure, GET thử lại tối đa 3 lần (0.440167ms)
✔ AbortError khi mutation đang gửi → ambiguous, không đổi key, không tự gửi lại (0.256417ms)
✔ hai lần thử lại sau lỗi transport/503 giữ cùng key và cùng body (0.278417ms)
✔ lỗi transport hết lượt → Chưa xác nhận, operation vẫn ambiguous với cùng key (0.183209ms)
✔ 401 khi gửi → phiên expired, khóa write, operation suspended giữ nguyên key/body (0.241666ms)
✔ IDEMPOTENCY_CONFLICT giữ operation; lỗi 400 là từ chối cuối cho phép key mới (0.728375ms)
✔ GET cũ bị hủy khi GET mới bắt đầu, kết quả trễ bị bỏ qua (0.117583ms)
✔ decoder từ chối thiếu field, sai primitive và field lạ chưa review (0.138541ms)
✔ 403 CSRF_INVALID trên operation ambiguous không nhả key; làm mới CSRF rồi replay đúng key/body (0.272417ms)
✔ 403 CSRF_INVALID mà làm mới phiên nhận 401 → expired, operation suspended giữ key (0.176166ms)
✔ 403 ORIGIN_INVALID lặp lại sau một lần làm mới → dừng, operation suspended giữ key (0.1725ms)
✔ 4xx phụ thuộc trạng thái sau lần gửi chưa chắc chắn không nhả key; 400 theo body vẫn là terminal (0.303584ms)
✖ payload nhập lại cho tombstone bị 400/413/404 → trở về tombstone, không nhả key cũ (0.591541ms)
✖ hai lượt mutate song song trên cùng operation: lượt sau bị chặn, không gửi request (3.028083ms)
✖ caller abort trước khi làm mới CSRF hoặc trong lúc làm mới → không replay, giữ key (0.536834ms)
ℹ tests 19
ℹ suites 0
ℹ pass 16
ℹ fail 3
ℹ cancelled 0
ℹ skipped 0
ℹ todo 0
ℹ duration_ms 96.354834

✖ failing tests:

test at test/client.test.ts:559:1
✖ payload nhập lại cho tombstone bị 400/413/404 → trở về tombstone, không nhả key cũ (0.591541ms)
  AssertionError [ERR_ASSERTION]: 400: tombstone giữ key cũ
  + actual - expected
  
  + []
  - [
  -   '0d392f73-7205-40e6-9211-5a9106135061'
  - ]
  
      at TestContext.<anonymous> (file:///Volumes/CORSAIR/Projects/my-crew-v2/v2/web/test/client.test.ts:580:12)
      at async Test.run (node:internal/test_runner/test:1409:7)
      at async Test.processPendingSubtests (node:internal/test_runner/test:974:7) {
    generatedMessage: false,
    code: 'ERR_ASSERTION',
    actual: [],
    expected: [ '0d392f73-7205-40e6-9211-5a9106135061' ],
    operator: 'deepStrictEqual',
    diff: 'simple'
  }

test at test/client.test.ts:592:1
✖ hai lượt mutate song song trên cùng operation: lượt sau bị chặn, không gửi request (3.028083ms)
  AssertionError [ERR_ASSERTION]: The validation function is expected to return "true". Received false
  
  Caught error:
  
  ApiFailure: UNCONFIRMED
      at async TestContext.<anonymous> (file:///Volumes/CORSAIR/Projects/my-crew-v2/v2/web/test/client.test.ts:604:3)
      at async Test.run (node:internal/test_runner/test:1409:7)
      at async Test.processPendingSubtests (node:internal/test_runner/test:974:7) {
    generatedMessage: true,
    code: 'ERR_ASSERTION',
    actual: ApiFailure: UNCONFIRMED
        at Object.mutate (file:///Volumes/CORSAIR/Projects/my-crew-v2/v2/web/src/lib/api.ts:213:42)
        at async waitForActual (node:assert:646:5)
        at async strict.rejects (node:assert:769:25)
        at async TestContext.<anonymous> (file:///Volumes/CORSAIR/Projects/my-crew-v2/v2/web/test/client.test.ts:604:3)
        at async Test.run (node:internal/test_runner/test:1409:7)
        at async Test.processPendingSubtests (node:internal/test_runner/test:974:7),
    operator: 'rejects',
    diff: 'simple'
  }

test at test/client.test.ts:614:1
✖ caller abort trước khi làm mới CSRF hoặc trong lúc làm mới → không replay, giữ key (0.536834ms)
  AssertionError [ERR_ASSERTION]: The validation function is expected to return "true". Received false
  
  Caught error:
  
  ApiFailure: SESSION_REFRESH_FAILED
      at async TestContext.<anonymous> (file:///Volumes/CORSAIR/Projects/my-crew-v2/v2/web/test/client.test.ts:634:3)
      at async Test.run (node:internal/test_runner/test:1409:7)
      at async Test.processPendingSubtests (node:internal/test_runner/test:974:7) {
    generatedMessage: true,
    code: 'ERR_ASSERTION',
    actual: ApiFailure: SESSION_REFRESH_FAILED
        at refreshCsrf (file:///Volumes/CORSAIR/Projects/my-crew-v2/v2/web/src/lib/api.ts:168:13)
        at async Object.mutate (file:///Volumes/CORSAIR/Projects/my-crew-v2/v2/web/src/lib/api.ts:255:9)
        at async waitForActual (node:assert:646:5)
        at async strict.rejects (node:assert:769:25)
        at async TestContext.<anonymous> (file:///Volumes/CORSAIR/Projects/my-crew-v2/v2/web/test/client.test.ts:634:3)
        at async Test.run (node:internal/test_runner/test:1409:7)
        at async Test.processPendingSubtests (node:internal/test_runner/test:974:7),
    operator: 'rejects',
    diff: 'simple'
  }

[watchdog] pid=97258 exit=1 timeout=False wall=0.14s
