✔ bootstrapping → authenticated / guest / bootstrap-unavailable (32.292584ms)
✔ login là POST {password} không CSRF/key, mật khẩu 1–4096, 429 không tự thử lại (1.775042ms)
✔ owner khác sau reauth không được authenticated (2.556042ms)
✔ mất response → 401 khi gửi lại → reauth cùng owner → replay đúng key/body với CSRF mới (5.156458ms)
✔ logout: DELETE kèm CSRF, đóng phiên, chỉ giữ tombstone không payload (1.437125ms)
✔ nhập lại payload khác → 409 giữ tombstone và cùng key; payload đúng thì accepted (0.995458ms)
✔ reload tab: operation tab giữ key/body ở trạng thái ambiguous, operation memory thành tombstone (0.444167ms)
✔ đóng form secret chuyển operation memory thành tombstone và xóa secret (0.206958ms)
✔ serializer từ chối memory operation, secret, token và hash của secret (0.369791ms)
✔ return route chỉ nhận path nội bộ /crew-v2/ (0.265292ms)
✔ logout với CSRF cũ làm mới CSRF rồi DELETE lại để server thu hồi phiên (0.640292ms)
✔ GET chỉ gọi same-origin /v2/ kèm cookie và từ chối path ngoài (22.610541ms)
✔ không mutation hoặc upload trước khi có phiên (0.929875ms)
✔ mutation JSON gửi CSRF, Idempotency-Key = operation.id và đúng bodyJson đã freeze (0.554625ms)
✔ upload bytes thô gửi CSRF, octet-stream, không Idempotency-Key (0.698542ms)
✔ 503 không phải JSON thành ApiFailure, GET thử lại tối đa 3 lần (1.556ms)
✔ AbortError khi mutation đang gửi → ambiguous, không đổi key, không tự gửi lại (0.369959ms)
✔ hai lần thử lại sau lỗi transport/503 giữ cùng key và cùng body (0.367541ms)
✔ lỗi transport hết lượt → Chưa xác nhận, operation vẫn ambiguous với cùng key (0.254583ms)
✔ 401 khi gửi → phiên expired, khóa write, operation suspended giữ nguyên key/body (0.328666ms)
✔ IDEMPOTENCY_CONFLICT giữ operation; lỗi 400 là từ chối cuối cho phép key mới (0.430125ms)
✔ GET cũ bị hủy khi GET mới bắt đầu, kết quả trễ bị bỏ qua (4.042083ms)
✔ decoder từ chối thiếu field, sai primitive và field lạ chưa review (0.398125ms)
✔ 403 CSRF_INVALID trên operation ambiguous không nhả key; làm mới CSRF rồi replay đúng key/body (1.524875ms)
✔ 403 CSRF_INVALID mà làm mới phiên nhận 401 → expired, operation suspended giữ key (0.721625ms)
✔ 403 ORIGIN_INVALID lặp lại sau một lần làm mới → dừng, operation suspended giữ key (0.672542ms)
✔ 4xx phụ thuộc trạng thái sau lần gửi chưa chắc chắn không nhả key; 400 theo body vẫn là terminal (1.936125ms)
✔ payload nhập lại cho tombstone bị 400/413/404 → trở về tombstone, không nhả key cũ (1.283584ms)
✔ hai lượt mutate song song trên cùng operation: lượt sau bị chặn, không gửi request (6.736125ms)
✔ caller abort trước khi làm mới CSRF hoặc trong lúc làm mới → không replay, giữ key (0.500167ms)
✔ freezeSubmission ticket: đúng path/body, không gửi kind/target/draftKey, selection rỗng hợp lệ (3.864125ms)
✔ freezeSubmission comment và assistant_message: đúng route/body, giữ clientMessageId (0.180583ms)
✔ freezeSubmission chặn target sai, field sai giới hạn và text/file cùng rỗng (7.025875ms)
✔ PendingStore.begin cho cùng intent/path/body ra đúng bytes của freezeSubmission (0.75825ms)
✔ canSubmit: file lỗi chặn gửi dù có text; sending/accepted không gửi; ambiguous chỉ retry op cũ (0.363333ms)
✔ mất phản hồi sau commit: khóa form, retry cùng key/body, một ticket; frozen body không đổi khi form đổi (18.026ms)
✔ hết phiên rồi đăng nhập lại cùng owner: retry giữ key gốc và clientMessageId, một message (1.16525ms)
✔ reload tab: compose ID/revision và key gốc được giữ, không lưu text/File; gửi lại ra một comment (1.51275ms)
✔ logout: chỉ còn tombstone; không cấp key mới, nhập lại đúng nội dung gửi bằng key cũ (1.164542ms)
✔ comment chỉ có ảnh ready: selection đúng mọi upload active, receipt không nói “đã đọc” (4.575875ms)
✔ 201 không giải mã được thì draft vẫn khóa; gửi lại đúng body cũ, không có entity thứ hai (0.553916ms)
✔ lượt gửi đã submitted mà op cục bộ đã mất thì khóa, không mở lượt mới, không tạo bản trùng (2.181292ms)
✔ nhập lại sau logout với file và consent selected-inputs gửi được bằng key cũ (1.625125ms)
✔ op được panel khôi phục replay thì composer gửi lại đúng body, nhận lại receipt cũ (0.384625ms)
✔ SELECTION_CHANGED khi gửi thì đọc lại compose, upload lạ trở thành file chặn/đúng selection (1.473ms)
✔ takeReceipt trả receipt đúng một lần (0.282833ms)
✔ panel khôi phục replay sau khi composer dựng lại: gửi lại không kẹt, chuyển sang khóa có lối thoát (0.424584ms)
✔ nhả trạng thái chưa xác nhận khi lượt gửi còn mở thì consent cũ không còn bị khóa (0.35275ms)
✔ discard bị chặn khi đang gửi; kết quả về sau vẫn thuộc draft đang gửi (2.137125ms)
✔ discard bỏ lượt gửi còn mở và chỉ giữ khóa submit ở panel (2.513125ms)
✔ 503 EXTRACTION_NOT_CONFIGURED khi gửi kèm tệp: giữ khóa, hiện lý do của máy chủ, gửi lại cùng key khi máy chủ sẵn sàng (1.101667ms)
✔ lượt gửi hết hạn: SELECTION_CHANGED dẫn tới lượt mới, tệp được tải lại, chỉ một bình luận (5.303708ms)
✔ selection chứa tệp máy chủ không còn: 404 NOT_FOUND, tệp bị đánh dấu thiếu và chặn gửi (2.312625ms)
✔ 403 ORIGIN_INVALID: làm mới phiên một lần, vẫn lỗi thì giữ khóa ở trạng thái tạm dừng và gửi lại cùng khóa (0.60025ms)
✔ 403 OWNER_REQUIRED trên lần gửi đầu: bị từ chối hẳn, form mở lại, không giữ khóa (0.157958ms)
✔ 401 SESSION_INVALID: phiên hết hạn, đăng nhập lại (200) rồi gửi lại cùng khóa (0.387875ms)
✔ đồng hồ client chạy nhanh hơn server: lượt gửi còn hạn ở server không bị coi là hết hạn, khóa được giữ (0.380125ms)
✔ đang gửi thì GET compose báo hết hạn cũng không nhả khóa hay mở khóa form (2.801833ms)
✔ đang bỏ bản nháp thì không gửi được (1.750542ms)
✔ DELETE bỏ lượt gửi lỗi transport: báo lỗi, giữ bản nháp và khóa; bỏ lại dùng cùng khóa (0.509417ms)
✔ tên ảnh clipboard không tên/tên chung có giờ Asia/Ho_Chi_Minh và đuôi theo MIME (0.677625ms)
✔ một luồng nhận file: paste giữ cả text và ảnh; input/drop dùng FileList (1.404458ms)
✔ policy kiểm trước hash theo giá trị được công bố, không gắn cứng 25MiB (0.486542ms)
✔ digestFile: SHA-256 đúng, từ chối vượt ngân sách trước khi đọc (8.262292ms)
✔ worker hasher: mỗi lượt một file, abort dừng worker và bỏ listener, dispose dừng worker (6.681083ms)
✔ reserve tuần tự theo revision hiện hành rồi PUT cùng upload ID; hai ảnh paste đều ready (17.189ms)
✔ file lỗi chặn gửi dù có text; bỏ file lỗi cục bộ thì gửi được (0.626583ms)
✔ file trùng hash+size bị đánh dấu để owner bỏ, không reserve thêm (2.459208ms)
✔ bỏ file: DELETE với revision hiện hành, 409 thì đọc lại compose và gửi lại theo revision mới (1.620583ms)
✔ mất phản hồi reserve sau commit: GET compose nhận lại upload, không tạo reservation thứ hai (3.160875ms)
✔ reserve chưa tới server: GET chưa chứng minh được thì retry gửi lại đúng key/body cũ (2.224459ms)
✔ PUT bận/receiving: chờ rồi gửi lại cùng bytes cùng ID, ready thắng (1.910208ms)
✔ lỗi transport thật khi PUT: file chưa sẵn sàng thì không gửi; retry dùng lại reservation (3.493458ms)
✔ đổi project: bỏ compose cũ rõ ràng rồi chuyển file sang compose mới (2.363542ms)
✔ reload mất bytes: chọn lại phải đúng size+SHA trước khi gửi bytes (3.480458ms)
✔ dispose dừng hasher và không còn listener (0.152542ms)
✔ preview chỉ nhận PNG/JPEG theo magic bytes, không SVG/HTML/PDF (0.058583ms)
✔ bytes preview phải khớp SHA/MIME của record, không tin tên tệp hay content-type (0.694625ms)
✔ trạng thái trích xuất nêu phần thiếu theo trang/sheet/ô và không nói “đã đọc” (0.186833ms)
✔ đổi project khi reserve chưa xác nhận: op cũ được giải quyết, file lên compose mới (2.307625ms)
✔ PUT còn receiving sau vòng chờ, Thử lại tiếp tục chờ rồi gửi cùng bytes tới khi ready (3.411625ms)
✔ reload khi server receiving và không còn bytes: có Thử lại, không đứng ở Đang tải lên (0.92525ms)
✔ PUT gặp 401 thì file unknown; đăng nhập lại rồi reconcile tải tiếp cùng upload (3.293916ms)
✔ bỏ file khi DELETE chưa tới server: GET chứng minh chưa commit thì nhả key, DELETE lại theo revision mới (1.961667ms)
✔ abandon gặp ATTACHMENT_SELECTION_STALE thì đọc lại revision rồi bỏ lượt gửi (0.724291ms)
✔ paste chỉ chặn khi có file, chèn chữ tại con trỏ; paste thường giữ nguyên (0.114375ms)
✔ nút Thử lại/Chọn lại/Bỏ theo trạng thái file (0.057042ms)
✔ khóa form, consent đóng băng và state báo cho form (0.075666ms)
✔ lượt gửi hết hạn khi đang giữ chỗ hoặc tải bytes: tệp chuyển sang lượt mới và sẵn sàng (2.42125ms)
✔ PUT gặp ATTACHMENT_UPLOAD_EXPIRED: tệp chuyển sang lượt mới và tải lại (2.507417ms)
✔ refs theo bình luận lấy từ projection máy chủ; refs còn lại là của ticket hoặc kế thừa (4.159125ms)
✔ dán ảnh kèm chữ: chặn mặc định, chèn chữ tại con trỏ và thêm tệp; dán chữ thường không bị chặn (48.426291ms)
✔ kéo thả khi phiên hết hạn: không nhận tệp, ô nội dung chỉ đọc (35.299083ms)
✔ consent và khóa form: chưa xác nhận thì nội dung chỉ đọc, consent đã đóng băng, nút gửi lại đúng yêu cầu cũ (30.933209ms)
✔ receipt được giao một lần rồi bắt đầu bản nháp mới với consent tắt (16.694292ms)
✔ nút gửi theo nội dung; nhập lại sau logout có nút bỏ bản nháp kèm cảnh báo (14.810834ms)
✔ máy chủ chưa sẵn sàng xử lý tệp: hiện lý do và nút gửi lại đúng yêu cầu cũ (10.667166ms)
✔ cursor bigint không bị làm tròn (1.139333ms)
✔ SSE parser: CRLF/CR/LF, multiline, comment, tách chunk giữa UTF-8 và CRLF (0.926375ms)
✔ SSE parser đóng khi frame vượt 1MiB hoặc UTF-8 hỏng (62.109667ms)
✔ invalidations: ticket đánh stale detail/graph/list/attention; type lạ invalidation rộng trong scope (0.447958ms)
✔ catch-up đọc /v2/events?after=&limit=100 tới rỗng rồi stream với Last-Event-ID; dedup trùng/out-of-order (19.016917ms)
✔ frame hỏng đóng stream, resync qua GET và dừng sau số lần giới hạn (1.083125ms)
✔ frame có event name khác type trong data bị coi là hỏng (0.844667ms)
✔ phiên hết hạn (401) đóng stream và báo session expire (1.536625ms)
✔ reconnect invalidation rộng; invalidation lỗi khi mất kết nối vẫn chờ và thử lại (2.134666ms)
ℹ tests 106
ℹ suites 0
ℹ pass 106
ℹ fail 0
ℹ cancelled 0
ℹ skipped 0
ℹ todo 0
ℹ duration_ms 737.695208
