✔ bootstrapping → authenticated / guest / bootstrap-unavailable (20.904917ms)
✔ login là POST {password} không CSRF/key, mật khẩu 1–4096, 429 không tự thử lại (0.708042ms)
✔ owner khác sau reauth không được authenticated (0.411667ms)
✔ mất response → 401 khi gửi lại → reauth cùng owner → replay đúng key/body với CSRF mới (1.836667ms)
✔ logout: DELETE kèm CSRF, đóng phiên, chỉ giữ tombstone không payload (0.587542ms)
✔ nhập lại payload khác → 409 giữ tombstone và cùng key; payload đúng thì accepted (0.452917ms)
✔ reload tab: operation tab giữ key/body ở trạng thái ambiguous, operation memory thành tombstone (0.215458ms)
✔ đóng form secret chuyển operation memory thành tombstone và xóa secret (0.090292ms)
✔ serializer từ chối memory operation, secret, token và hash của secret (0.175125ms)
✔ return route chỉ nhận path nội bộ /crew-v2/ (0.127917ms)
✔ logout với CSRF cũ làm mới CSRF rồi DELETE lại để server thu hồi phiên (0.304625ms)
✔ GET chỉ gọi same-origin /v2/ kèm cookie và từ chối path ngoài (32.017542ms)
✔ không mutation hoặc upload trước khi có phiên (1.222167ms)
✔ mutation JSON gửi CSRF, Idempotency-Key = operation.id và đúng bodyJson đã freeze (0.699041ms)
✔ upload bytes thô gửi CSRF, octet-stream, không Idempotency-Key (0.415375ms)
✔ 503 không phải JSON thành ApiFailure, GET thử lại tối đa 3 lần (1.336541ms)
✔ AbortError khi mutation đang gửi → ambiguous, không đổi key, không tự gửi lại (0.973875ms)
✔ hai lần thử lại sau lỗi transport/503 giữ cùng key và cùng body (0.956458ms)
✔ lỗi transport hết lượt → Chưa xác nhận, operation vẫn ambiguous với cùng key (0.303834ms)
✔ 401 khi gửi → phiên expired, khóa write, operation suspended giữ nguyên key/body (0.322041ms)
✔ IDEMPOTENCY_CONFLICT giữ operation; lỗi 400 là từ chối cuối cho phép key mới (1.839084ms)
✔ GET cũ bị hủy khi GET mới bắt đầu, kết quả trễ bị bỏ qua (0.441709ms)
✔ decoder từ chối thiếu field, sai primitive và field lạ chưa review (0.382542ms)
✔ 403 CSRF_INVALID trên operation ambiguous không nhả key; làm mới CSRF rồi replay đúng key/body (1.060834ms)
✔ 403 CSRF_INVALID mà làm mới phiên nhận 401 → expired, operation suspended giữ key (0.697208ms)
✔ 403 ORIGIN_INVALID lặp lại sau một lần làm mới → dừng, operation suspended giữ key (0.656084ms)
✔ 4xx phụ thuộc trạng thái sau lần gửi chưa chắc chắn không nhả key; 400 theo body vẫn là terminal (1.080625ms)
✔ payload nhập lại cho tombstone bị 400/413/404 → trở về tombstone, không nhả key cũ (1.005584ms)
✔ hai lượt mutate song song trên cùng operation: lượt sau bị chặn, không gửi request (3.924458ms)
✔ caller abort trước khi làm mới CSRF hoặc trong lúc làm mới → không replay, giữ key (0.480792ms)
✔ freezeSubmission ticket: đúng path/body, không gửi kind/target/draftKey, selection rỗng hợp lệ (1.197542ms)
✔ freezeSubmission comment và assistant_message: đúng route/body, giữ clientMessageId (0.16075ms)
✔ freezeSubmission chặn target sai, field sai giới hạn và text/file cùng rỗng (1.894834ms)
✔ PendingStore.begin cho cùng intent/path/body ra đúng bytes của freezeSubmission (0.412541ms)
✔ canSubmit: file lỗi chặn gửi dù có text; sending/accepted không gửi; ambiguous chỉ retry op cũ (0.129958ms)
✔ mất phản hồi sau commit: khóa form, retry cùng key/body, một ticket; frozen body không đổi khi form đổi (12.505375ms)
✔ hết phiên rồi đăng nhập lại cùng owner: retry giữ key gốc và clientMessageId, một message (1.42275ms)
✔ reload tab: compose ID/revision và key gốc được giữ, không lưu text/File; gửi lại ra một comment (3.221833ms)
✔ logout: chỉ còn tombstone; không cấp key mới, nhập lại đúng nội dung gửi bằng key cũ (1.408417ms)
✔ comment chỉ có ảnh ready: selection đúng mọi upload active, receipt không nói “đã đọc” (3.151ms)
✔ tên ảnh clipboard không tên/tên chung có giờ Asia/Ho_Chi_Minh và đuôi theo MIME (0.90575ms)
✔ một luồng nhận file: paste giữ cả text và ảnh; input/drop dùng FileList (1.234708ms)
✔ policy kiểm trước hash theo giá trị được công bố, không gắn cứng 25MiB (0.333708ms)
✔ digestFile: SHA-256 đúng, từ chối vượt ngân sách trước khi đọc (12.769917ms)
✔ worker hasher: mỗi lượt một file, abort dừng worker và bỏ listener, dispose dừng worker (3.725875ms)
✔ reserve tuần tự theo revision hiện hành rồi PUT cùng upload ID; hai ảnh paste đều ready (23.324833ms)
✔ file lỗi chặn gửi dù có text; bỏ file lỗi cục bộ thì gửi được (0.496625ms)
✔ file trùng hash+size bị đánh dấu để owner bỏ, không reserve thêm (2.526875ms)
✔ bỏ file: DELETE với revision hiện hành, 409 thì đọc lại compose và gửi lại theo revision mới (3.048917ms)
✔ mất phản hồi reserve sau commit: GET compose nhận lại upload, không tạo reservation thứ hai (3.372333ms)
✔ reserve chưa tới server: GET chưa chứng minh được thì retry gửi lại đúng key/body cũ (3.290042ms)
✔ PUT bận/receiving: chờ rồi gửi lại cùng bytes cùng ID, ready thắng (0.691167ms)
✔ lỗi transport thật khi PUT: file chưa sẵn sàng thì không gửi; retry dùng lại reservation (2.280667ms)
✔ đổi project: bỏ compose cũ rõ ràng rồi chuyển file sang compose mới (3.385625ms)
✔ reload mất bytes: chọn lại phải đúng size+SHA trước khi gửi bytes (3.938833ms)
✔ dispose dừng hasher và không còn listener (0.173375ms)
✔ preview chỉ nhận PNG/JPEG theo magic bytes, không SVG/HTML/PDF (0.064084ms)
✔ bytes preview phải khớp SHA/MIME của record, không tin tên tệp hay content-type (0.716875ms)
✔ trạng thái trích xuất nêu phần thiếu theo trang/sheet/ô và không nói “đã đọc” (0.213ms)
✔ cursor bigint không bị làm tròn (2.150541ms)
✔ SSE parser: CRLF/CR/LF, multiline, comment, tách chunk giữa UTF-8 và CRLF (1.064375ms)
✔ SSE parser đóng khi frame vượt 1MiB hoặc UTF-8 hỏng (35.523958ms)
✔ invalidations: ticket đánh stale detail/graph/list/attention; type lạ invalidation rộng trong scope (0.281875ms)
✔ catch-up đọc /v2/events?after=&limit=100 tới rỗng rồi stream với Last-Event-ID; dedup trùng/out-of-order (12.395292ms)
✔ frame hỏng đóng stream, resync qua GET và dừng sau số lần giới hạn (0.9275ms)
✔ frame có event name khác type trong data bị coi là hỏng (0.567708ms)
✔ phiên hết hạn (401) đóng stream và báo session expire (1.151125ms)
✔ reconnect invalidation rộng; invalidation lỗi khi mất kết nối vẫn chờ và thử lại (1.453417ms)
ℹ tests 68
ℹ suites 0
ℹ pass 68
ℹ fail 0
ℹ cancelled 0
ℹ skipped 0
ℹ todo 0
ℹ duration_ms 181.513292
