✔ freezeSubmission ticket: đúng path/body, không gửi kind/target/draftKey, selection rỗng hợp lệ (2.113ms)
✔ freezeSubmission comment và assistant_message: đúng route/body, giữ clientMessageId (0.153083ms)
✔ freezeSubmission chặn target sai, field sai giới hạn và text/file cùng rỗng (1.287208ms)
✔ PendingStore.begin cho cùng intent/path/body ra đúng bytes của freezeSubmission (0.390333ms)
✔ canSubmit: file lỗi chặn gửi dù có text; sending/accepted không gửi; ambiguous chỉ retry op cũ (0.1235ms)
✔ mất phản hồi sau commit: khóa form, retry cùng key/body, một ticket; frozen body không đổi khi form đổi (12.026417ms)
✔ hết phiên rồi đăng nhập lại cùng owner: retry giữ key gốc và clientMessageId, một message (1.273208ms)
✔ reload tab: compose ID/revision và key gốc được giữ, không lưu text/File; gửi lại ra một comment (2.487042ms)
✔ logout: chỉ còn tombstone; không cấp key mới, nhập lại đúng nội dung gửi bằng key cũ (1.606375ms)
✔ comment chỉ có ảnh ready: selection đúng mọi upload active, receipt không nói “đã đọc” (5.170167ms)
✔ 201 không giải mã được thì draft vẫn khóa; gửi lại đúng body cũ, không có entity thứ hai (1.337208ms)
✔ lượt gửi đã submitted mà op cục bộ đã mất thì khóa, không mở lượt mới, không tạo bản trùng (1.423417ms)
✔ nhập lại sau logout với file và consent selected-inputs gửi được bằng key cũ (2.984791ms)
✔ op được panel khôi phục replay thì composer gửi lại đúng body, nhận lại receipt cũ (0.437708ms)
✔ SELECTION_CHANGED khi gửi thì đọc lại compose, upload lạ trở thành file chặn/đúng selection (2.125167ms)
✔ takeReceipt trả receipt đúng một lần (0.232709ms)
✔ panel khôi phục replay sau khi composer dựng lại: gửi lại không kẹt, chuyển sang khóa có lối thoát (1.073833ms)
✔ nhả trạng thái chưa xác nhận khi lượt gửi còn mở thì consent cũ không còn bị khóa (0.554959ms)
✔ discard bị chặn khi đang gửi; kết quả về sau vẫn thuộc draft đang gửi (2.069125ms)
✔ discard bỏ lượt gửi còn mở và chỉ giữ khóa submit ở panel (1.005ms)
✔ 503 EXTRACTION_NOT_CONFIGURED khi gửi kèm tệp: giữ khóa, hiện lý do của máy chủ, gửi lại cùng key khi máy chủ sẵn sàng (0.705334ms)
✔ lượt gửi hết hạn: SELECTION_CHANGED dẫn tới lượt mới, tệp được tải lại, chỉ một bình luận (3.530542ms)
✔ selection chứa tệp máy chủ không còn: 404 NOT_FOUND, tệp bị đánh dấu thiếu và chặn gửi (2.033416ms)
✔ 403 ORIGIN_INVALID: làm mới phiên một lần, vẫn lỗi thì giữ khóa ở trạng thái tạm dừng và gửi lại cùng khóa (0.47875ms)
✔ 403 OWNER_REQUIRED trên lần gửi đầu: bị từ chối hẳn, form mở lại, không giữ khóa (0.127041ms)
✔ 401 SESSION_INVALID: phiên hết hạn, đăng nhập lại (200) rồi gửi lại cùng khóa (0.328833ms)
✔ đồng hồ client chạy nhanh hơn server: lượt gửi còn hạn ở server không bị coi là hết hạn, khóa được giữ (0.357ms)
✔ đang gửi thì GET compose báo hết hạn cũng không nhả khóa hay mở khóa form (3.496833ms)
✔ đang bỏ bản nháp thì không gửi được (2.097625ms)
✔ DELETE bỏ lượt gửi lỗi transport: báo lỗi, giữ bản nháp và khóa; bỏ lại dùng cùng khóa (0.612792ms)
✔ bỏ bản nháp khi đang soạn: bỏ lượt gửi và tệp trên server rồi bắt đầu bản nháp mới (1.214ms)
✔ bỏ bản nháp khi đang gửi: blocked, không đổi gì (0.31475ms)
✔ bỏ bản nháp khi đang soạn mà DELETE lỗi transport: unconfirmed, giữ bản nháp và khóa; lần sau cùng khóa (1.930166ms)
✔ bỏ bản nháp khi chưa xác nhận: bỏ lượt gửi, khóa submit vẫn ở panel (0.300834ms)
✔ bỏ bản nháp sau logout (tombstone): như discard, chỉ còn tombstone submit (0.392041ms)
✔ tên ảnh clipboard không tên/tên chung có giờ Asia/Ho_Chi_Minh và đuôi theo MIME (0.580708ms)
✔ một luồng nhận file: paste giữ cả text và ảnh; input/drop dùng FileList (0.610125ms)
✔ policy kiểm trước hash theo giá trị được công bố, không gắn cứng 25MiB (0.180167ms)
✔ digestFile: SHA-256 đúng, từ chối vượt ngân sách trước khi đọc (2.844292ms)
✔ worker hasher: mỗi lượt một file, abort dừng worker và bỏ listener, dispose dừng worker (6.295625ms)
✔ reserve tuần tự theo revision hiện hành rồi PUT cùng upload ID; hai ảnh paste đều ready (16.400209ms)
✔ file lỗi chặn gửi dù có text; bỏ file lỗi cục bộ thì gửi được (0.620333ms)
✔ file trùng hash+size bị đánh dấu để owner bỏ, không reserve thêm (1.120208ms)
✔ bỏ file: DELETE với revision hiện hành, 409 thì đọc lại compose và gửi lại theo revision mới (1.552334ms)
✔ mất phản hồi reserve sau commit: GET compose nhận lại upload, không tạo reservation thứ hai (3.2355ms)
✔ reserve chưa tới server: GET chưa chứng minh được thì retry gửi lại đúng key/body cũ (2.958875ms)
✔ PUT bận/receiving: chờ rồi gửi lại cùng bytes cùng ID, ready thắng (0.768125ms)
✔ lỗi transport thật khi PUT: file chưa sẵn sàng thì không gửi; retry dùng lại reservation (3.674375ms)
✔ đổi project: bỏ compose cũ rõ ràng rồi chuyển file sang compose mới (2.870584ms)
✔ reload mất bytes: chọn lại phải đúng size+SHA trước khi gửi bytes (4.114584ms)
✔ dispose dừng hasher và không còn listener (0.200541ms)
✔ preview chỉ nhận PNG/JPEG theo magic bytes, không SVG/HTML/PDF (0.087875ms)
✔ bytes preview phải khớp SHA/MIME của record, không tin tên tệp hay content-type (1.45575ms)
✔ trạng thái trích xuất nêu phần thiếu theo trang/sheet/ô và không nói “đã đọc” (0.225625ms)
✔ đổi project khi reserve chưa xác nhận: op cũ được giải quyết, file lên compose mới (2.564666ms)
✔ PUT còn receiving sau vòng chờ, Thử lại tiếp tục chờ rồi gửi cùng bytes tới khi ready (2.59175ms)
✔ reload khi server receiving và không còn bytes: có Thử lại, không đứng ở Đang tải lên (2.616416ms)
✔ PUT gặp 401 thì file unknown; đăng nhập lại rồi reconcile tải tiếp cùng upload (3.738ms)
✔ bỏ file khi DELETE chưa tới server: GET chứng minh chưa commit thì nhả key, DELETE lại theo revision mới (0.819167ms)
✔ abandon gặp ATTACHMENT_SELECTION_STALE thì đọc lại revision rồi bỏ lượt gửi (2.104916ms)
✔ paste chỉ chặn khi có file, chèn chữ tại con trỏ; paste thường giữ nguyên (0.12775ms)
✔ nút Thử lại/Chọn lại/Bỏ theo trạng thái file (0.068958ms)
✔ khóa form, consent đóng băng và state báo cho form (0.078542ms)
✔ lượt gửi hết hạn khi đang giữ chỗ hoặc tải bytes: tệp chuyển sang lượt mới và sẵn sàng (2.179125ms)
✔ PUT gặp ATTACHMENT_UPLOAD_EXPIRED: tệp chuyển sang lượt mới và tải lại (3.272666ms)
✔ refs theo bình luận lấy từ projection máy chủ; refs còn lại là của ticket hoặc kế thừa (2.140959ms)
✔ dán ảnh kèm chữ: chặn mặc định, chèn chữ tại con trỏ và thêm tệp; dán chữ thường không bị chặn (46.71825ms)
✔ kéo thả khi phiên hết hạn: không nhận tệp, ô nội dung chỉ đọc (33.369833ms)
✔ consent và khóa form: chưa xác nhận thì nội dung chỉ đọc, consent đã đóng băng, nút gửi lại đúng yêu cầu cũ (19.373792ms)
✔ receipt được giao một lần rồi bắt đầu bản nháp mới với consent tắt (16.447166ms)
✔ nút gửi theo nội dung; nhập lại sau logout có nút bỏ bản nháp kèm cảnh báo (14.501375ms)
✔ máy chủ chưa sẵn sàng xử lý tệp: hiện lý do và nút gửi lại đúng yêu cầu cũ (10.85575ms)
✔ handle bỏ bản nháp cho form: soạn dở thì discarded, tệp và consent được xóa; đang gửi thì blocked (14.361458ms)
ℹ tests 73
ℹ suites 0
ℹ pass 73
ℹ fail 0
ℹ cancelled 0
ℹ skipped 0
ℹ todo 0
ℹ duration_ms 796.186958
