$ node --test test/client.test.ts test/events.test.ts test/app-wiring.test.ts
✔ the event stream starts before the first protected GET (96.773542ms)
✔ query defaults disable retry because OwnerClient.get retries itself, and keep focus/reconnect refetch (1.04075ms)
✔ an unauthenticated protected route is sent to login with an internal return path (0.888ms)
✔ the login return route accepts only internal /crew-v2/ paths (0.189792ms)
✔ logout wipes the query cache and closes the event stream (22.480125ms)
✔ session expiry stops the stream and drops the cache so the route boundary asks for re-authentication (0.3705ms)
✔ GET chỉ gọi same-origin /v2/ kèm cookie và từ chối path ngoài (14.569875ms)
✔ không mutation hoặc upload trước khi có phiên (0.818917ms)
✔ mutation JSON gửi CSRF, Idempotency-Key = operation.id và đúng bodyJson đã freeze (0.570667ms)
✔ upload bytes thô gửi CSRF, octet-stream, không Idempotency-Key (0.359708ms)
✔ 503 không phải JSON thành ApiFailure, GET thử lại tối đa 3 lần (0.626333ms)
✔ AbortError khi mutation đang gửi → ambiguous, không đổi key, không tự gửi lại (0.240667ms)
✔ hai lần thử lại sau lỗi transport/503 giữ cùng key và cùng body (0.351ms)
✔ lỗi transport hết lượt → Chưa xác nhận, operation vẫn ambiguous với cùng key (0.218375ms)
✔ 401 khi gửi → phiên expired, khóa write, operation suspended giữ nguyên key/body (0.864042ms)
✔ IDEMPOTENCY_CONFLICT giữ operation; lỗi 400 là từ chối cuối cho phép key mới (0.382792ms)
✔ GET cũ bị hủy khi GET mới bắt đầu, kết quả trễ bị bỏ qua (0.134625ms)
✔ decoder từ chối thiếu field, sai primitive và field lạ chưa review (0.150291ms)
✔ 403 CSRF_INVALID trên operation ambiguous không nhả key; làm mới CSRF rồi replay đúng key/body (0.348333ms)
✔ 403 CSRF_INVALID mà làm mới phiên nhận 401 → expired, operation suspended giữ key (0.285417ms)
✔ 403 ORIGIN_INVALID lặp lại sau một lần làm mới → dừng, operation suspended giữ key (0.249291ms)
✔ 4xx phụ thuộc trạng thái sau lần gửi chưa chắc chắn không nhả key; 400 theo body vẫn là terminal (0.353458ms)
✔ payload nhập lại cho tombstone bị 400/413/404 → trở về tombstone, không nhả key cũ (0.38225ms)
✔ hai lượt mutate song song trên cùng operation: lượt sau bị chặn, không gửi request (2.693208ms)
✔ caller abort trước khi làm mới CSRF hoặc trong lúc làm mới → không replay, giữ key (0.372875ms)
✔ 503 *_NOT_CONFIGURED: một request, giữ key, đánh dấu lỗi cấu hình máy chủ, không phải chưa xác nhận (0.241208ms)
✔ 409 INPUT_SERVICES_NOT_CONFIGURED trên operation mới cũng giữ key; 503 khác vẫn retry (0.223958ms)
✔ GET 503 lỗi cấu hình không thử lại (0.130417ms)
✔ lastServerDate theo header Date của response gần nhất, bỏ qua header hỏng (0.827458ms)
✔ cursor bigint không bị làm tròn (0.588584ms)
✔ SSE parser: CRLF/CR/LF, multiline, comment, tách chunk giữa UTF-8 và CRLF (0.903833ms)
✔ SSE parser đóng khi frame vượt 1MiB hoặc UTF-8 hỏng (32.191625ms)
✔ invalidations: ticket đánh stale detail/graph/list/attention; type lạ invalidation rộng trong scope (0.276375ms)
✔ catch-up đọc /v2/events?after=&limit=100 tới rỗng rồi stream với Last-Event-ID; dedup trùng/out-of-order (12.4975ms)
✔ frame hỏng đóng stream, resync qua GET và dừng sau số lần giới hạn (1.879041ms)
✔ frame có event name khác type trong data bị coi là hỏng (0.4665ms)
✔ phiên hết hạn (401) đóng stream và báo session expire (0.511375ms)
✔ reconnect invalidation rộng; invalidation lỗi khi mất kết nối vẫn chờ và thử lại (0.649375ms)
✔ tab chưa có cursor: GET /v2/events/latest rồi catch-up từ cursor đó, invalidation toàn bộ dữ liệu ban đầu (0.4455ms)
✔ tab đã có cursor không gọi latest; latest 401 làm hết phiên (0.359792ms)
ℹ tests 40
ℹ suites 0
ℹ pass 40
ℹ fail 0
ℹ cancelled 0
ℹ skipped 0
ℹ todo 0
ℹ duration_ms 257.72075

[watchdog] pid=43809 exit=0 timeout=False wall=0.31s
