✔ freezeSubmission ticket: đúng path/body, không gửi kind/target/draftKey, selection rỗng hợp lệ (2.58625ms)
✔ freezeSubmission comment và assistant_message: đúng route/body, giữ clientMessageId (0.46725ms)
✔ freezeSubmission chặn target sai, field sai giới hạn và text/file cùng rỗng (2.695459ms)
✔ PendingStore.begin cho cùng intent/path/body ra đúng bytes của freezeSubmission (0.419083ms)
✔ canSubmit: file lỗi chặn gửi dù có text; sending/accepted không gửi; ambiguous chỉ retry op cũ (0.136959ms)
✔ mất phản hồi sau commit: khóa form, retry cùng key/body, một ticket; frozen body không đổi khi form đổi (12.572167ms)
✔ hết phiên rồi đăng nhập lại cùng owner: retry giữ key gốc và clientMessageId, một message (1.2085ms)
✔ reload tab: compose ID/revision và key gốc được giữ, không lưu text/File; gửi lại ra một comment (0.745792ms)
✔ logout: chỉ còn tombstone; không cấp key mới, nhập lại đúng nội dung gửi bằng key cũ (0.862625ms)
✔ comment chỉ có ảnh ready: selection đúng mọi upload active, receipt không nói “đã đọc” (4.368625ms)
✔ 201 không giải mã được thì draft vẫn khóa; gửi lại đúng body cũ, không có entity thứ hai (0.481167ms)
✔ lượt gửi đã submitted mà op cục bộ đã mất thì khóa, không mở lượt mới, không tạo bản trùng (0.856875ms)
✔ nhập lại sau logout với file và consent selected-inputs gửi được bằng key cũ (1.422167ms)
✔ op được panel khôi phục replay thì composer gửi lại đúng body, nhận lại receipt cũ (0.364167ms)
✔ SELECTION_CHANGED khi gửi thì đọc lại compose, upload lạ trở thành file chặn/đúng selection (1.752917ms)
✔ takeReceipt trả receipt đúng một lần (0.271958ms)
✔ panel khôi phục replay sau khi composer dựng lại: gửi lại không kẹt, chuyển sang khóa có lối thoát (0.486417ms)
✔ nhả trạng thái chưa xác nhận khi lượt gửi còn mở thì consent cũ không còn bị khóa (0.38675ms)
✔ discard bị chặn khi đang gửi; kết quả về sau vẫn thuộc draft đang gửi (1.42725ms)
✔ discard bỏ lượt gửi còn mở và chỉ giữ khóa submit ở panel (2.148666ms)
✔ 503 EXTRACTION_NOT_CONFIGURED khi gửi kèm tệp: giữ khóa, hiện lý do của máy chủ, gửi lại cùng key khi máy chủ sẵn sàng (1.86075ms)
✔ lượt gửi hết hạn: SELECTION_CHANGED dẫn tới lượt mới, tệp được tải lại, chỉ một bình luận (3.527917ms)
✔ selection chứa tệp máy chủ không còn: 404 NOT_FOUND, tệp bị đánh dấu thiếu và chặn gửi (0.831458ms)
✔ 403 ORIGIN_INVALID: làm mới phiên một lần, vẫn lỗi thì giữ khóa ở trạng thái tạm dừng và gửi lại cùng khóa (0.591042ms)
✔ 403 OWNER_REQUIRED trên lần gửi đầu: bị từ chối hẳn, form mở lại, không giữ khóa (0.148208ms)
✔ 401 SESSION_INVALID: phiên hết hạn, đăng nhập lại (200) rồi gửi lại cùng khóa (0.338042ms)
✔ đồng hồ client chạy nhanh hơn server: lượt gửi còn hạn ở server không bị coi là hết hạn, khóa được giữ (0.379333ms)
✔ đang gửi thì GET compose báo hết hạn cũng không nhả khóa hay mở khóa form (3.435166ms)
✔ đang bỏ bản nháp thì không gửi được (1.145917ms)
✔ DELETE bỏ lượt gửi lỗi transport: báo lỗi, giữ bản nháp và khóa; bỏ lại dùng cùng khóa (0.720125ms)
✔ tên ảnh clipboard không tên/tên chung có giờ Asia/Ho_Chi_Minh và đuôi theo MIME (1.021292ms)
✔ một luồng nhận file: paste giữ cả text và ảnh; input/drop dùng FileList (0.565917ms)
✔ policy kiểm trước hash theo giá trị được công bố, không gắn cứng 25MiB (0.153ms)
✔ digestFile: SHA-256 đúng, từ chối vượt ngân sách trước khi đọc (2.777709ms)
✔ worker hasher: mỗi lượt một file, abort dừng worker và bỏ listener, dispose dừng worker (4.115875ms)
✔ reserve tuần tự theo revision hiện hành rồi PUT cùng upload ID; hai ảnh paste đều ready (15.761084ms)
✔ file lỗi chặn gửi dù có text; bỏ file lỗi cục bộ thì gửi được (0.560334ms)
✔ file trùng hash+size bị đánh dấu để owner bỏ, không reserve thêm (2.200875ms)
✔ bỏ file: DELETE với revision hiện hành, 409 thì đọc lại compose và gửi lại theo revision mới (1.788292ms)
✔ mất phản hồi reserve sau commit: GET compose nhận lại upload, không tạo reservation thứ hai (3.405459ms)
✔ reserve chưa tới server: GET chưa chứng minh được thì retry gửi lại đúng key/body cũ (2.229333ms)
✔ PUT bận/receiving: chờ rồi gửi lại cùng bytes cùng ID, ready thắng (2.012375ms)
✔ lỗi transport thật khi PUT: file chưa sẵn sàng thì không gửi; retry dùng lại reservation (3.38575ms)
✔ đổi project: bỏ compose cũ rõ ràng rồi chuyển file sang compose mới (3.412292ms)
✔ reload mất bytes: chọn lại phải đúng size+SHA trước khi gửi bytes (3.126583ms)
✔ dispose dừng hasher và không còn listener (0.287167ms)
✔ preview chỉ nhận PNG/JPEG theo magic bytes, không SVG/HTML/PDF (0.07675ms)
✔ bytes preview phải khớp SHA/MIME của record, không tin tên tệp hay content-type (0.850584ms)
✔ trạng thái trích xuất nêu phần thiếu theo trang/sheet/ô và không nói “đã đọc” (0.250208ms)
✔ đổi project khi reserve chưa xác nhận: op cũ được giải quyết, file lên compose mới (1.451584ms)
✔ PUT còn receiving sau vòng chờ, Thử lại tiếp tục chờ rồi gửi cùng bytes tới khi ready (2.834708ms)
✔ reload khi server receiving và không còn bytes: có Thử lại, không đứng ở Đang tải lên (2.116542ms)
✔ PUT gặp 401 thì file unknown; đăng nhập lại rồi reconcile tải tiếp cùng upload (3.148625ms)
✔ bỏ file khi DELETE chưa tới server: GET chứng minh chưa commit thì nhả key, DELETE lại theo revision mới (1.782541ms)
✔ abandon gặp ATTACHMENT_SELECTION_STALE thì đọc lại revision rồi bỏ lượt gửi (1.799417ms)
✔ paste chỉ chặn khi có file, chèn chữ tại con trỏ; paste thường giữ nguyên (0.106083ms)
✔ nút Thử lại/Chọn lại/Bỏ theo trạng thái file (0.058292ms)
✔ khóa form, consent đóng băng và state báo cho form (0.07425ms)
✔ lượt gửi hết hạn khi đang giữ chỗ hoặc tải bytes: tệp chuyển sang lượt mới và sẵn sàng (2.3315ms)
✔ PUT gặp ATTACHMENT_UPLOAD_EXPIRED: tệp chuyển sang lượt mới và tải lại (2.329ms)
✔ refs theo bình luận lấy từ projection máy chủ; refs còn lại là của ticket hoặc kế thừa (2.258125ms)
✔ dán ảnh kèm chữ: chặn mặc định, chèn chữ tại con trỏ và thêm tệp; dán chữ thường không bị chặn (50.156875ms)
✔ kéo thả khi phiên hết hạn: không nhận tệp, ô nội dung chỉ đọc (53.374209ms)
✔ consent và khóa form: chưa xác nhận thì nội dung chỉ đọc, consent đã đóng băng, nút gửi lại đúng yêu cầu cũ (29.403834ms)
✔ receipt được giao một lần rồi bắt đầu bản nháp mới với consent tắt (19.350708ms)
✔ nút gửi theo nội dung; nhập lại sau logout có nút bỏ bản nháp kèm cảnh báo (19.206834ms)
✔ máy chủ chưa sẵn sàng xử lý tệp: hiện lý do và nút gửi lại đúng yêu cầu cũ (14.322458ms)
ℹ tests 67
ℹ suites 0
ℹ pass 67
ℹ fail 0
ℹ cancelled 0
ℹ skipped 0
ℹ todo 0
ℹ duration_ms 865.637416
