✔ bootstrapping → authenticated / guest / bootstrap-unavailable (14.367709ms)
✔ login là POST {password} không CSRF/key, mật khẩu 1–4096, 429 không tự thử lại (0.736042ms)
✔ owner khác sau reauth không được authenticated (0.424708ms)
✔ mất response → 401 khi gửi lại → reauth cùng owner → replay đúng key/body với CSRF mới (1.637791ms)
✔ logout: DELETE kèm CSRF, đóng phiên, chỉ giữ tombstone không payload (0.564584ms)
✔ nhập lại payload khác → 409 giữ tombstone và cùng key; payload đúng thì accepted (1.236583ms)
✔ reload tab: operation tab giữ key/body ở trạng thái ambiguous, operation memory thành tombstone (0.528292ms)
✔ đóng form secret chuyển operation memory thành tombstone và xóa secret (0.304167ms)
✔ serializer từ chối memory operation, secret, token và hash của secret (0.603584ms)
✔ return route chỉ nhận path nội bộ /crew-v2/ (0.755542ms)
✔ logout với CSRF cũ làm mới CSRF rồi DELETE lại để server thu hồi phiên (0.814458ms)
✔ GET chỉ gọi same-origin /v2/ kèm cookie và từ chối path ngoài (19.84525ms)
✔ không mutation hoặc upload trước khi có phiên (0.872208ms)
✔ mutation JSON gửi CSRF, Idempotency-Key = operation.id và đúng bodyJson đã freeze (0.566375ms)
✔ upload bytes thô gửi CSRF, octet-stream, không Idempotency-Key (0.360375ms)
✔ 503 không phải JSON thành ApiFailure, GET thử lại tối đa 3 lần (0.501792ms)
✔ AbortError khi mutation đang gửi → ambiguous, không đổi key, không tự gửi lại (0.274583ms)
✔ hai lần thử lại sau lỗi transport/503 giữ cùng key và cùng body (0.327792ms)
✔ lỗi transport hết lượt → Chưa xác nhận, operation vẫn ambiguous với cùng key (0.231167ms)
✔ 401 khi gửi → phiên expired, khóa write, operation suspended giữ nguyên key/body (0.316667ms)
✔ IDEMPOTENCY_CONFLICT giữ operation; lỗi 400 là từ chối cuối cho phép key mới (4.113417ms)
✔ GET cũ bị hủy khi GET mới bắt đầu, kết quả trễ bị bỏ qua (0.157166ms)
✔ decoder từ chối thiếu field, sai primitive và field lạ chưa review (0.170667ms)
✔ 403 CSRF_INVALID trên operation ambiguous không nhả key; làm mới CSRF rồi replay đúng key/body (0.435041ms)
✔ 403 CSRF_INVALID mà làm mới phiên nhận 401 → expired, operation suspended giữ key (0.263542ms)
✔ 403 ORIGIN_INVALID lặp lại sau một lần làm mới → dừng, operation suspended giữ key (0.258708ms)
✔ 4xx phụ thuộc trạng thái sau lần gửi chưa chắc chắn không nhả key; 400 theo body vẫn là terminal (0.462208ms)
✔ payload nhập lại cho tombstone bị 400/413/404 → trở về tombstone, không nhả key cũ (0.410041ms)
✔ hai lượt mutate song song trên cùng operation: lượt sau bị chặn, không gửi request (4.290167ms)
✔ caller abort trước khi làm mới CSRF hoặc trong lúc làm mới → không replay, giữ key (0.919875ms)
✔ freezeSubmission ticket: đúng path/body, không gửi kind/target/draftKey, selection rỗng hợp lệ (1.104667ms)
✔ freezeSubmission comment và assistant_message: đúng route/body, giữ clientMessageId (0.139458ms)
✔ freezeSubmission chặn target sai, field sai giới hạn và text/file cùng rỗng (3.11025ms)
✔ PendingStore.begin cho cùng intent/path/body ra đúng bytes của freezeSubmission (0.392041ms)
✔ canSubmit: file lỗi chặn gửi dù có text; sending/accepted không gửi; ambiguous chỉ retry op cũ (0.141958ms)
✔ mất phản hồi sau commit: khóa form, retry cùng key/body, một ticket; frozen body không đổi khi form đổi (14.103209ms)
✔ hết phiên rồi đăng nhập lại cùng owner: retry giữ key gốc và clientMessageId, một message (3.355416ms)
✔ reload tab: compose ID/revision và key gốc được giữ, không lưu text/File; gửi lại ra một comment (4.002625ms)
✔ logout: chỉ còn tombstone; không cấp key mới, nhập lại đúng nội dung gửi bằng key cũ (0.967958ms)
✔ comment chỉ có ảnh ready: selection đúng mọi upload active, receipt không nói “đã đọc” (3.183209ms)
✔ I1: 201 không giải mã được thì draft vẫn khóa; gửi lại đúng body cũ, không có entity thứ hai (0.439167ms)
✔ I1: lượt gửi đã submitted mà op cục bộ đã mất thì khóa, không mở lượt mới, không tạo bản trùng (0.539708ms)
✔ I2: nhập lại sau logout với file và consent selected-inputs gửi được bằng key cũ (2.741292ms)
✔ I5: op được panel khôi phục replay thì composer gửi lại đúng body, nhận lại receipt cũ (0.435125ms)
✔ I5: SELECTION_CHANGED khi gửi thì đọc lại compose, upload lạ trở thành file chặn/đúng selection (2.260125ms)
✔ I5: takeReceipt trả receipt đúng một lần (0.316792ms)
✔ tên ảnh clipboard không tên/tên chung có giờ Asia/Ho_Chi_Minh và đuôi theo MIME (1.410625ms)
✔ một luồng nhận file: paste giữ cả text và ảnh; input/drop dùng FileList (0.517958ms)
✔ policy kiểm trước hash theo giá trị được công bố, không gắn cứng 25MiB (0.147875ms)
✔ digestFile: SHA-256 đúng, từ chối vượt ngân sách trước khi đọc (2.617459ms)
✔ worker hasher: mỗi lượt một file, abort dừng worker và bỏ listener, dispose dừng worker (5.958708ms)
✔ reserve tuần tự theo revision hiện hành rồi PUT cùng upload ID; hai ảnh paste đều ready (13.072042ms)
✔ file lỗi chặn gửi dù có text; bỏ file lỗi cục bộ thì gửi được (0.539917ms)
✔ file trùng hash+size bị đánh dấu để owner bỏ, không reserve thêm (2.234584ms)
✔ bỏ file: DELETE với revision hiện hành, 409 thì đọc lại compose và gửi lại theo revision mới (2.869375ms)
✔ mất phản hồi reserve sau commit: GET compose nhận lại upload, không tạo reservation thứ hai (2.113541ms)
✔ reserve chưa tới server: GET chưa chứng minh được thì retry gửi lại đúng key/body cũ (2.055041ms)
✔ PUT bận/receiving: chờ rồi gửi lại cùng bytes cùng ID, ready thắng (1.944791ms)
✔ lỗi transport thật khi PUT: file chưa sẵn sàng thì không gửi; retry dùng lại reservation (3.409542ms)
✔ đổi project: bỏ compose cũ rõ ràng rồi chuyển file sang compose mới (2.092125ms)
✔ reload mất bytes: chọn lại phải đúng size+SHA trước khi gửi bytes (2.46925ms)
✔ dispose dừng hasher và không còn listener (0.138417ms)
✔ preview chỉ nhận PNG/JPEG theo magic bytes, không SVG/HTML/PDF (0.048334ms)
✔ bytes preview phải khớp SHA/MIME của record, không tin tên tệp hay content-type (0.622125ms)
✔ trạng thái trích xuất nêu phần thiếu theo trang/sheet/ô và không nói “đã đọc” (0.182375ms)
✔ I3: đổi project khi reserve chưa xác nhận: op cũ được giải quyết, file lên compose mới (2.477708ms)
✔ I4: PUT còn receiving sau vòng chờ, Thử lại tiếp tục chờ rồi gửi cùng bytes tới khi ready (2.221541ms)
✔ I4: reload khi server receiving và không còn bytes: có Thử lại, không đứng ở Đang tải lên (2.175625ms)
✔ I5: PUT gặp 401 thì file unknown; đăng nhập lại rồi reconcile tải tiếp cùng upload (3.310041ms)
✔ I5: bỏ file khi DELETE chưa tới server: GET chứng minh chưa commit thì nhả key, DELETE lại theo revision mới (1.992875ms)
✔ I5: abandon gặp ATTACHMENT_SELECTION_STALE thì đọc lại revision rồi bỏ lượt gửi (2.034292ms)
✔ I5 composer: paste chỉ chặn khi có file, chèn chữ tại con trỏ; paste thường giữ nguyên (0.105542ms)
✔ I5 composer: nút Thử lại/Chọn lại/Bỏ theo trạng thái file (0.056208ms)
✔ I5 composer: khóa form, consent đóng băng và state báo cho form (0.07225ms)
✔ cursor bigint không bị làm tròn (1.201792ms)
✔ SSE parser: CRLF/CR/LF, multiline, comment, tách chunk giữa UTF-8 và CRLF (2.003ms)
✔ SSE parser đóng khi frame vượt 1MiB hoặc UTF-8 hỏng (43.676084ms)
✔ invalidations: ticket đánh stale detail/graph/list/attention; type lạ invalidation rộng trong scope (0.287ms)
✔ catch-up đọc /v2/events?after=&limit=100 tới rỗng rồi stream với Last-Event-ID; dedup trùng/out-of-order (13.171666ms)
✔ frame hỏng đóng stream, resync qua GET và dừng sau số lần giới hạn (0.933083ms)
✔ frame có event name khác type trong data bị coi là hỏng (1.389333ms)
✔ phiên hết hạn (401) đóng stream và báo session expire (0.665834ms)
✔ reconnect invalidation rộng; invalidation lỗi khi mất kết nối vẫn chờ và thử lại (0.701041ms)
ℹ tests 83
ℹ suites 0
ℹ pass 83
ℹ fail 0
ℹ cancelled 0
ℹ skipped 0
ℹ todo 0
ℹ duration_ms 208.32625
