✔ freezeSubmission ticket: đúng path/body, không gửi kind/target/draftKey, selection rỗng hợp lệ (2.002791ms)
✔ freezeSubmission comment và assistant_message: đúng route/body, giữ clientMessageId (0.161208ms)
✔ freezeSubmission chặn target sai, field sai giới hạn và text/file cùng rỗng (1.388916ms)
✔ PendingStore.begin cho cùng intent/path/body ra đúng bytes của freezeSubmission (0.358958ms)
✔ canSubmit: file lỗi chặn gửi dù có text; sending/accepted không gửi; ambiguous chỉ retry op cũ (0.128291ms)
✔ mất phản hồi sau commit: khóa form, retry cùng key/body, một ticket; frozen body không đổi khi form đổi (11.376417ms)
✔ hết phiên rồi đăng nhập lại cùng owner: retry giữ key gốc và clientMessageId, một message (1.18775ms)
✔ reload tab: compose ID/revision và key gốc được giữ, không lưu text/File; gửi lại ra một comment (1.695542ms)
✔ logout: chỉ còn tombstone; không cấp key mới, nhập lại đúng nội dung gửi bằng key cũ (1.567458ms)
✔ comment chỉ có ảnh ready: selection đúng mọi upload active, receipt không nói “đã đọc” (4.514583ms)
✔ 201 không giải mã được thì draft vẫn khóa; gửi lại đúng body cũ, không có entity thứ hai (0.492375ms)
✔ lượt gửi đã submitted mà op cục bộ đã mất thì khóa, không mở lượt mới, không tạo bản trùng (0.668833ms)
✔ nhập lại sau logout với file và consent selected-inputs gửi được bằng key cũ (2.759125ms)
✔ op được panel khôi phục replay thì composer gửi lại đúng body, nhận lại receipt cũ (0.379292ms)
✔ SELECTION_CHANGED khi gửi thì đọc lại compose, upload lạ trở thành file chặn/đúng selection (2.074875ms)
✔ takeReceipt trả receipt đúng một lần (0.222708ms)
✖ panel khôi phục replay sau khi composer dựng lại: gửi lại không kẹt, chuyển sang khóa có lối thoát (251.720208ms)
✖ nhả trạng thái chưa xác nhận khi lượt gửi còn mở thì consent cũ không còn bị khóa (1.370125ms)
✖ discard bị chặn khi đang gửi; kết quả về sau vẫn thuộc draft đang gửi (1.583292ms)
✖ discard bỏ lượt gửi còn mở và chỉ giữ khóa submit ở panel (1.15075ms)
✔ tên ảnh clipboard không tên/tên chung có giờ Asia/Ho_Chi_Minh và đuôi theo MIME (1.182916ms)
✔ một luồng nhận file: paste giữ cả text và ảnh; input/drop dùng FileList (0.548792ms)
✔ policy kiểm trước hash theo giá trị được công bố, không gắn cứng 25MiB (0.154125ms)
✔ digestFile: SHA-256 đúng, từ chối vượt ngân sách trước khi đọc (2.948792ms)
✔ worker hasher: mỗi lượt một file, abort dừng worker và bỏ listener, dispose dừng worker (5.963042ms)
✔ reserve tuần tự theo revision hiện hành rồi PUT cùng upload ID; hai ảnh paste đều ready (13.36575ms)
✔ file lỗi chặn gửi dù có text; bỏ file lỗi cục bộ thì gửi được (0.492584ms)
✔ file trùng hash+size bị đánh dấu để owner bỏ, không reserve thêm (2.012542ms)
✔ bỏ file: DELETE với revision hiện hành, 409 thì đọc lại compose và gửi lại theo revision mới (3.15925ms)
✔ mất phản hồi reserve sau commit: GET compose nhận lại upload, không tạo reservation thứ hai (3.51925ms)
✔ reserve chưa tới server: GET chưa chứng minh được thì retry gửi lại đúng key/body cũ (1.903667ms)
✔ PUT bận/receiving: chờ rồi gửi lại cùng bytes cùng ID, ready thắng (0.790583ms)
✔ lỗi transport thật khi PUT: file chưa sẵn sàng thì không gửi; retry dùng lại reservation (2.175375ms)
✔ đổi project: bỏ compose cũ rõ ràng rồi chuyển file sang compose mới (3.210083ms)
✔ reload mất bytes: chọn lại phải đúng size+SHA trước khi gửi bytes (2.499209ms)
✔ dispose dừng hasher và không còn listener (0.180833ms)
✔ preview chỉ nhận PNG/JPEG theo magic bytes, không SVG/HTML/PDF (0.233667ms)
✔ bytes preview phải khớp SHA/MIME của record, không tin tên tệp hay content-type (0.888583ms)
✔ trạng thái trích xuất nêu phần thiếu theo trang/sheet/ô và không nói “đã đọc” (0.234542ms)
✔ đổi project khi reserve chưa xác nhận: op cũ được giải quyết, file lên compose mới (2.201167ms)
✔ PUT còn receiving sau vòng chờ, Thử lại tiếp tục chờ rồi gửi cùng bytes tới khi ready (3.517458ms)
✔ reload khi server receiving và không còn bytes: có Thử lại, không đứng ở Đang tải lên (0.858833ms)
✔ PUT gặp 401 thì file unknown; đăng nhập lại rồi reconcile tải tiếp cùng upload (3.330583ms)
✔ bỏ file khi DELETE chưa tới server: GET chứng minh chưa commit thì nhả key, DELETE lại theo revision mới (1.932458ms)
✔ abandon gặp ATTACHMENT_SELECTION_STALE thì đọc lại revision rồi bỏ lượt gửi (0.579125ms)
✔ paste chỉ chặn khi có file, chèn chữ tại con trỏ; paste thường giữ nguyên (0.098666ms)
✔ nút Thử lại/Chọn lại/Bỏ theo trạng thái file (0.056167ms)
✔ khóa form, consent đóng băng và state báo cho form (0.074833ms)
✔ dán ảnh kèm chữ: chặn mặc định, chèn chữ tại con trỏ và thêm tệp; dán chữ thường không bị chặn (50.000833ms)
✔ kéo thả khi phiên hết hạn: không nhận tệp, ô nội dung chỉ đọc (33.946542ms)
✔ consent và khóa form: chưa xác nhận thì nội dung chỉ đọc, consent đã đóng băng, nút gửi lại đúng yêu cầu cũ (18.916375ms)
✖ receipt được giao một lần rồi bắt đầu bản nháp mới với consent tắt (15.984167ms)
✔ nút gửi theo nội dung; nhập lại sau logout có nút bỏ bản nháp kèm cảnh báo (13.643ms)
