✔ freezeSubmission ticket: đúng path/body, không gửi kind/target/draftKey, selection rỗng hợp lệ (1.212833ms)
✔ freezeSubmission comment và assistant_message: đúng route/body, giữ clientMessageId (0.132875ms)
✔ freezeSubmission chặn target sai, field sai giới hạn và text/file cùng rỗng (1.2905ms)
✔ PendingStore.begin cho cùng intent/path/body ra đúng bytes của freezeSubmission (0.387417ms)
✔ canSubmit: file lỗi chặn gửi dù có text; sending/accepted không gửi; ambiguous chỉ retry op cũ (0.136708ms)
✔ mất phản hồi sau commit: khóa form, retry cùng key/body, một ticket; frozen body không đổi khi form đổi (12.584791ms)
✔ hết phiên rồi đăng nhập lại cùng owner: retry giữ key gốc và clientMessageId, một message (1.500625ms)
✔ reload tab: compose ID/revision và key gốc được giữ, không lưu text/File; gửi lại ra một comment (0.809042ms)
✔ logout: chỉ còn tombstone; không cấp key mới, nhập lại đúng nội dung gửi bằng key cũ (0.8945ms)
✔ comment chỉ có ảnh ready: selection đúng mọi upload active, receipt không nói “đã đọc” (3.446917ms)
✔ 201 không giải mã được thì draft vẫn khóa; gửi lại đúng body cũ, không có entity thứ hai (0.43225ms)
✔ lượt gửi đã submitted mà op cục bộ đã mất thì khóa, không mở lượt mới, không tạo bản trùng (0.788208ms)
✔ nhập lại sau logout với file và consent selected-inputs gửi được bằng key cũ (1.305291ms)
✔ op được panel khôi phục replay thì composer gửi lại đúng body, nhận lại receipt cũ (0.358666ms)
✔ SELECTION_CHANGED khi gửi thì đọc lại compose, upload lạ trở thành file chặn/đúng selection (2.326875ms)
✔ takeReceipt trả receipt đúng một lần (0.311083ms)
✔ panel khôi phục replay sau khi composer dựng lại: gửi lại không kẹt, chuyển sang khóa có lối thoát (0.516167ms)
✔ nhả trạng thái chưa xác nhận khi lượt gửi còn mở thì consent cũ không còn bị khóa (0.393ms)
✔ discard bị chặn khi đang gửi; kết quả về sau vẫn thuộc draft đang gửi (1.3335ms)
✔ discard bỏ lượt gửi còn mở và chỉ giữ khóa submit ở panel (2.254625ms)
✔ 503 EXTRACTION_NOT_CONFIGURED khi gửi kèm tệp: giữ khóa, hiện lý do của máy chủ, gửi lại cùng key khi máy chủ sẵn sàng (0.616792ms)
✔ lượt gửi hết hạn: SELECTION_CHANGED dẫn tới lượt mới, tệp được tải lại, chỉ một bình luận (3.539875ms)
✔ selection chứa tệp máy chủ không còn: 404 NOT_FOUND, tệp bị đánh dấu thiếu và chặn gửi (2.066334ms)
✔ 403 ORIGIN_INVALID: làm mới phiên một lần, vẫn lỗi thì giữ khóa ở trạng thái tạm dừng và gửi lại cùng khóa (0.508833ms)
✔ 403 OWNER_REQUIRED trên lần gửi đầu: bị từ chối hẳn, form mở lại, không giữ khóa (0.131583ms)
✔ 401 SESSION_INVALID: phiên hết hạn, đăng nhập lại (200) rồi gửi lại cùng khóa (0.30925ms)
✔ đồng hồ client chạy nhanh hơn server: lượt gửi còn hạn ở server không bị coi là hết hạn, khóa được giữ (0.374666ms)
✔ đang gửi thì GET compose báo hết hạn cũng không nhả khóa hay mở khóa form (3.65225ms)
✔ đang bỏ bản nháp thì không gửi được (1.267583ms)
✔ DELETE bỏ lượt gửi lỗi transport: báo lỗi, giữ bản nháp và khóa; bỏ lại dùng cùng khóa (0.740167ms)
✖ bỏ bản nháp khi đang soạn: bỏ lượt gửi và tệp trên server rồi bắt đầu bản nháp mới (1.667125ms)
✔ bỏ bản nháp khi đang gửi: blocked, không đổi gì (1.967042ms)
✖ bỏ bản nháp khi đang soạn mà DELETE lỗi transport: unconfirmed, giữ bản nháp và khóa; lần sau cùng khóa (0.608708ms)
✖ bỏ bản nháp khi chưa xác nhận: bỏ lượt gửi, khóa submit vẫn ở panel (0.341666ms)
✖ bỏ bản nháp sau logout (tombstone): như discard, chỉ còn tombstone submit (0.325375ms)
✔ tên ảnh clipboard không tên/tên chung có giờ Asia/Ho_Chi_Minh và đuôi theo MIME (0.603583ms)
✔ một luồng nhận file: paste giữ cả text và ảnh; input/drop dùng FileList (0.51225ms)
✔ policy kiểm trước hash theo giá trị được công bố, không gắn cứng 25MiB (0.202958ms)
✔ digestFile: SHA-256 đúng, từ chối vượt ngân sách trước khi đọc (3.978417ms)
✔ worker hasher: mỗi lượt một file, abort dừng worker và bỏ listener, dispose dừng worker (4.778625ms)
✔ reserve tuần tự theo revision hiện hành rồi PUT cùng upload ID; hai ảnh paste đều ready (14.810959ms)
✔ file lỗi chặn gửi dù có text; bỏ file lỗi cục bộ thì gửi được (0.530458ms)
✔ file trùng hash+size bị đánh dấu để owner bỏ, không reserve thêm (2.568083ms)
✔ bỏ file: DELETE với revision hiện hành, 409 thì đọc lại compose và gửi lại theo revision mới (1.669875ms)
✔ mất phản hồi reserve sau commit: GET compose nhận lại upload, không tạo reservation thứ hai (3.699541ms)
✔ reserve chưa tới server: GET chưa chứng minh được thì retry gửi lại đúng key/body cũ (3.52575ms)
✔ PUT bận/receiving: chờ rồi gửi lại cùng bytes cùng ID, ready thắng (0.955958ms)
✔ lỗi transport thật khi PUT: file chưa sẵn sàng thì không gửi; retry dùng lại reservation (2.267375ms)
✔ đổi project: bỏ compose cũ rõ ràng rồi chuyển file sang compose mới (1.520166ms)
✔ reload mất bytes: chọn lại phải đúng size+SHA trước khi gửi bytes (2.548375ms)
✔ dispose dừng hasher và không còn listener (0.191833ms)
✔ preview chỉ nhận PNG/JPEG theo magic bytes, không SVG/HTML/PDF (0.061625ms)
✔ bytes preview phải khớp SHA/MIME của record, không tin tên tệp hay content-type (0.677834ms)
✔ trạng thái trích xuất nêu phần thiếu theo trang/sheet/ô và không nói “đã đọc” (0.193875ms)
✔ đổi project khi reserve chưa xác nhận: op cũ được giải quyết, file lên compose mới (2.111958ms)
✔ PUT còn receiving sau vòng chờ, Thử lại tiếp tục chờ rồi gửi cùng bytes tới khi ready (3.610959ms)
✔ reload khi server receiving và không còn bytes: có Thử lại, không đứng ở Đang tải lên (2.331291ms)
✔ PUT gặp 401 thì file unknown; đăng nhập lại rồi reconcile tải tiếp cùng upload (3.74375ms)
✔ bỏ file khi DELETE chưa tới server: GET chứng minh chưa commit thì nhả key, DELETE lại theo revision mới (2.291875ms)
✔ abandon gặp ATTACHMENT_SELECTION_STALE thì đọc lại revision rồi bỏ lượt gửi (1.397458ms)
✔ paste chỉ chặn khi có file, chèn chữ tại con trỏ; paste thường giữ nguyên (0.187334ms)
✔ nút Thử lại/Chọn lại/Bỏ theo trạng thái file (0.16775ms)
✔ khóa form, consent đóng băng và state báo cho form (0.095709ms)
✔ lượt gửi hết hạn khi đang giữ chỗ hoặc tải bytes: tệp chuyển sang lượt mới và sẵn sàng (3.97125ms)
✔ PUT gặp ATTACHMENT_UPLOAD_EXPIRED: tệp chuyển sang lượt mới và tải lại (2.031333ms)
✔ refs theo bình luận lấy từ projection máy chủ; refs còn lại là của ticket hoặc kế thừa (2.396125ms)
✔ dán ảnh kèm chữ: chặn mặc định, chèn chữ tại con trỏ và thêm tệp; dán chữ thường không bị chặn (50.600625ms)
✔ kéo thả khi phiên hết hạn: không nhận tệp, ô nội dung chỉ đọc (35.579083ms)
✔ consent và khóa form: chưa xác nhận thì nội dung chỉ đọc, consent đã đóng băng, nút gửi lại đúng yêu cầu cũ (21.323958ms)
✔ receipt được giao một lần rồi bắt đầu bản nháp mới với consent tắt (16.162125ms)
✔ nút gửi theo nội dung; nhập lại sau logout có nút bỏ bản nháp kèm cảnh báo (14.292958ms)
✔ máy chủ chưa sẵn sàng xử lý tệp: hiện lý do và nút gửi lại đúng yêu cầu cũ (10.783333ms)
✖ handle bỏ bản nháp cho form: soạn dở thì discarded, tệp và consent được xóa; đang gửi thì blocked (255.627834ms)
ℹ tests 73
ℹ suites 0
ℹ pass 68
ℹ fail 5
ℹ cancelled 0
ℹ skipped 0
ℹ todo 0
ℹ duration_ms 1126.795334

✖ failing tests:

test at test/compose-submit.test.ts:781:1
✖ bỏ bản nháp khi đang soạn: bỏ lượt gửi và tệp trên server rồi bắt đầu bản nháp mới (1.667125ms)
  AssertionError [ERR_ASSERTION]: Expected values to be strictly equal:
  + actual - expected
  
  + 'blocked'
  - 'discarded'
  
      at TestContext.<anonymous> (file:///Volumes/CORSAIR/Projects/my-crew-v2/v2/web/test/compose-submit.test.ts:788:10)
      at async Test.run (node:internal/test_runner/test:1409:7)
      at async Test.processPendingSubtests (node:internal/test_runner/test:974:7) {
    generatedMessage: true,
    code: 'ERR_ASSERTION',
    actual: 'blocked',
    expected: 'discarded',
    operator: 'strictEqual',
    diff: 'simple'
  }

test at test/compose-submit.test.ts:811:1
✖ bỏ bản nháp khi đang soạn mà DELETE lỗi transport: unconfirmed, giữ bản nháp và khóa; lần sau cùng khóa (0.608708ms)
  AssertionError [ERR_ASSERTION]: Expected values to be strictly equal:
  + actual - expected
  
  + 'blocked'
  - 'unconfirmed'
  
      at TestContext.<anonymous> (file:///Volumes/CORSAIR/Projects/my-crew-v2/v2/web/test/compose-submit.test.ts:818:10)
      at async Test.run (node:internal/test_runner/test:1409:7)
      at async Test.processPendingSubtests (node:internal/test_runner/test:974:7) {
    generatedMessage: true,
    code: 'ERR_ASSERTION',
    actual: 'blocked',
    expected: 'unconfirmed',
    operator: 'strictEqual',
    diff: 'simple'
  }

test at test/compose-submit.test.ts:830:1
✖ bỏ bản nháp khi chưa xác nhận: bỏ lượt gửi, khóa submit vẫn ở panel (0.341666ms)
  AssertionError [ERR_ASSERTION]: Expected values to be strictly equal:
  + actual - expected
  
  + 'blocked'
  - 'discarded'
  
      at TestContext.<anonymous> (file:///Volumes/CORSAIR/Projects/my-crew-v2/v2/web/test/compose-submit.test.ts:838:10)
      at async Test.run (node:internal/test_runner/test:1409:7)
      at async Test.processPendingSubtests (node:internal/test_runner/test:974:7) {
    generatedMessage: true,
    code: 'ERR_ASSERTION',
    actual: 'blocked',
    expected: 'discarded',
    operator: 'strictEqual',
    diff: 'simple'
  }

test at test/compose-submit.test.ts:845:1
✖ bỏ bản nháp sau logout (tombstone): như discard, chỉ còn tombstone submit (0.325375ms)
  AssertionError [ERR_ASSERTION]: Expected values to be strictly equal:
  + actual - expected
  
  + 'blocked'
  - 'discarded'
  
      at TestContext.<anonymous> (file:///Volumes/CORSAIR/Projects/my-crew-v2/v2/web/test/compose-submit.test.ts:855:10)
      at async Test.run (node:internal/test_runner/test:1409:7)
      at async Test.processPendingSubtests (node:internal/test_runner/test:974:7) {
    generatedMessage: true,
    code: 'ERR_ASSERTION',
    actual: 'blocked',
    expected: 'discarded',
    operator: 'strictEqual',
    diff: 'simple'
  }

test at test/composer-dom.test.ts:257:1
✖ handle bỏ bản nháp cho form: soạn dở thì discarded, tệp và consent được xóa; đang gửi thì blocked (255.627834ms)
  Error: TIMEOUT:handle
      at settle (file:///Volumes/CORSAIR/Projects/my-crew-v2/v2/web/test/support/compose-server.ts:491:9)
      at async file:///Volumes/CORSAIR/Projects/my-crew-v2/v2/web/test/composer-dom.test.ts:82:5
