✔ đóng dialog giữ vùng đang xem (1.445458ms)
✔ mở dialog chọn và focus node, không đổi viewport/expanded; di chuyển chỉ đổi viewport (0.134458ms)
✔ mở/thu gọn: toggle giữ thứ tự ổn định, “Mở tất cả” khôi phục tất cả, không trùng (18.137458ms)
✔ trạng thái sơ đồ lưu theo root trong tab storage; dữ liệu hỏng bị bỏ (0.415625ms)
✔ search của route sơ đồ: UUID về chữ thường, UUID sai bị bỏ (không gây request hay mutation) (0.643292ms)
✔ đóng dialog chỉ lùi history khi mục hiện tại do chính sơ đồ của root này push (21.288584ms)
✔ sơ đồ: root và bước hiện mặc định, task ẩn có badge; nhãn truy cập có cấp, trạng thái chữ và phiên bản (165.854792ms)
✔ mở/thu gọn: bố cục lại cả cây, task liền bước cha, node neo đứng yên trên màn hình (bước vừa bấm; focus hoặc root khi “tất cả”) (1054.654041ms)
An update to MapView inside a test was not wrapped in act(...).

When testing, code that causes React state updates should be wrapped into act(...):

act(() => {
  /* fire events that update state */
});
/* assert on the output */

This ensures that you're testing the behavior the user would see in the browser. Learn more at https://react.dev/link/wrap-tests-with-act
✔ mở node bằng click mở TicketDetail chung; đóng giữ viewport, expanded và trả focus về node (86.398916ms)
✔ realtime: refetch cả graph (GET cũ bị hủy), node mới hiện mà viewport và vị trí cũ không đổi (22.273292ms)
An update to MapView inside a test was not wrapped in act(...).

When testing, code that causes React state updates should be wrapped into act(...):

act(() => {
  /* fire events that update state */
});
/* assert on the output */

This ensures that you're testing the behavior the user would see in the browser. Learn more at https://react.dev/link/wrap-tests-with-act
✔ node biến mất khi dialog đang mở: đóng trả focus về khung sơ đồ (55.914834ms)
An update to MapView inside a test was not wrapped in act(...).

When testing, code that causes React state updates should be wrapped into act(...):

act(() => {
  /* fire events that update state */
});
/* assert on the output */

This ensures that you're testing the behavior the user would see in the browser. Learn more at https://react.dev/link/wrap-tests-with-act
✔ bàn phím: mũi tên di chuyển focus giữa node theo cây; bảng quan hệ liệt kê đủ ID (23.25475ms)
✔ dữ liệu graph hỏng: báo chẩn đoán, có “Tải lại” và danh sách thay thế giữ mọi node (12.32375ms)
✔ mở bằng URL (reload) với ticket đã chọn: dialog hiện, đóng gọi onSelectTicket(null) (32.838709ms)
✔ khung sơ đồ đo lại chiều cao khi nội dung phía trên đổi cỡ (ResizeObserver), không chỉ khi resize cửa sổ (15.713167ms)
✖ root mới (chưa có trạng thái): mở ở 1:1, root ở mép trái giữa khung, không dùng fitView; cuộn chuột là cuộn (11.53525ms)
✔ root→hai bước song song→join: mọi cặp dependency giữ nguyên, không có chuỗi tự suy, task thu gọn vào hiddenEdges (1.284709ms)
✔ mở một bước chỉ hiện đúng task của bước đó; cạnh liên bước vẫn ẩn tới khi mở đủ hai đầu; mở tất cả không còn cạnh ẩn (0.370333ms)
✔ badge đếm quan hệ dependency/repair tới công việc đang thu gọn theo bước chứa nó (0.366708ms)
✔ repair check→fix chu kỳ 1–5: cạnh repair riêng, cùng đầu mút với parent vẫn giữ cả hai, vòng repair/dependency không làm layout lặp (0.3915ms)
✔ graph đọc từ ticket con vẫn chiếu cả root: rootId thừa kế từ node (0.115667ms)
✔ kết quả không phụ thuộc thứ tự input: node, cạnh và vị trí giống nhau (0.196875ms)
✔ layout trái→phải: cột theo độ sâu (320+100), anh em theo ID, cha nằm giữa cây con, hàng cách 24 (0.117709ms)
✔ dữ liệu hỏng có diagnostic, không bỏ node mồ côi, không lặp vô hạn (0.201125ms)
✔ thiếu root: diagnostic ROOT_MISSING, mọi node vẫn được chiếu và có vị trí (0.072834ms)
✔ chuỗi cha rất sâu (20 000) không tràn stack ở chiếu và layout (69.902875ms)
✔ 200 bước / 600 task: giữ mọi cặp dependency, layout xác định và trong ngân sách thời gian (7.772333ms)
✔ giữ vị trí cũ khi có node mới; node mới đặt cạnh cha; chỉ “Sắp xếp lại” mới layout lại (0.399667ms)
✔ node mới không đè thẻ đang hiện của bước khác (task realtime dưới bước trên khi bước dưới cũng mở) (0.203125ms)
✔ mở bước không bố cục lại: thẻ đã hiện giữ nguyên chỗ, task mới cạnh bước, không chồng nhau (0.172167ms)
✔ mở tất cả 200 bước / 600 task bằng placeNewNodes: không chồng thẻ, trong ngân sách thời gian (9.239125ms)
✔ mở tất cả: bố cục lại cả cây, task nằm liền bước cha, node neo (root) đứng yên trên màn hình (0.368417ms)
✔ mở/thu gọn một bước: bước vừa bấm đứng yên trên màn hình, task của nó liền kề (0.182541ms)
✔ quan hệ của node liệt kê đủ cha, predecessor, successor và repair ID (0.168417ms)
✔ điều hướng bàn phím: trái về cha, phải tới con đầu, lên/xuống theo cột (0.131708ms)
✖ mật độ gần ảnh tham chiếu: thẻ 48–56px, hàng cách 10–12px, cột cách 36–48px, vẫn chạm được (0.277875ms)
✖ khung nhìn ban đầu 1:1: root ở mép trái, giữa chiều cao khung, không fit toàn cây (0.350958ms)
ℹ tests 37
ℹ suites 0
ℹ pass 34
ℹ fail 3
ℹ cancelled 0
ℹ skipped 0
ℹ todo 0
ℹ duration_ms 2449.411666

✖ failing tests:

test at test/graph-state.test.ts:622:1
✖ root mới (chưa có trạng thái): mở ở 1:1, root ở mép trái giữa khung, không dùng fitView; cuộn chuột là cuộn (11.53525ms)
  AssertionError [ERR_ASSERTION]: root cách mép trái 24px
  
  0 !== 24
  
      at TestContext.<anonymous> (file:///Volumes/CORSAIR/Projects/my-crew-v2/v2/web/test/graph-state.test.ts:632:10)
      at async Test.run (node:internal/test_runner/test:1409:7)
      at async Test.processPendingSubtests (node:internal/test_runner/test:974:7) {
    generatedMessage: false,
    code: 'ERR_ASSERTION',
    actual: 0,
    expected: 24,
    operator: 'strictEqual',
    diff: 'simple'
  }

test at test/graph.test.ts:554:1
✖ mật độ gần ảnh tham chiếu: thẻ 48–56px, hàng cách 10–12px, cột cách 36–48px, vẫn chạm được (0.277875ms)
  AssertionError [ERR_ASSERTION]: cardHeight 112
      at TestContext.<anonymous> (file:///Volumes/CORSAIR/Projects/my-crew-v2/v2/web/test/graph.test.ts:555:10)
      at Test.runInAsyncScope (node:async_hooks:227:14)
      at Test.run (node:internal/test_runner/test:1402:25)
      at Test.processPendingSubtests (node:internal/test_runner/test:974:18)
      at Test.postRun (node:internal/test_runner/test:1542:19)
      at Test.run (node:internal/test_runner/test:1467:12)
      at async Test.processPendingSubtests (node:internal/test_runner/test:974:7) {
    generatedMessage: false,
    code: 'ERR_ASSERTION',
    actual: false,
    expected: true,
    operator: '==',
    diff: 'simple'
  }

test at test/graph.test.ts:564:1
✖ khung nhìn ban đầu 1:1: root ở mép trái, giữa chiều cao khung, không fit toàn cây (0.350958ms)
  AssertionError [ERR_ASSERTION]: Expected values to be strictly deep-equal:
  + actual - expected
  
    {
  +   x: 0,
  +   y: 0,
  -   x: 24,
  -   y: -256,
      zoom: 1
    }
  
      at TestContext.<anonymous> (file:///Volumes/CORSAIR/Projects/my-crew-v2/v2/web/test/graph.test.ts:566:10)
      at Test.runInAsyncScope (node:async_hooks:227:14)
      at Test.run (node:internal/test_runner/test:1402:25)
      at Test.processPendingSubtests (node:internal/test_runner/test:974:18)
      at Test.postRun (node:internal/test_runner/test:1542:19)
      at Test.run (node:internal/test_runner/test:1467:12)
      at async Test.processPendingSubtests (node:internal/test_runner/test:974:7) {
    generatedMessage: true,
    code: 'ERR_ASSERTION',
    actual: { x: 0, y: 0, zoom: 1 },
    expected: { x: 24, y: -256, zoom: 1 },
    operator: 'deepStrictEqual',
    diff: 'simple'
  }
exit=1
