
Running 4 tests using 1 worker

[1/4] [chromium] › e2e/ticket-map.spec.ts:284:1 › A4: sơ đồ root/fork/join/repair, mở node bằng dialog chung, đóng giữ viewport, realtime không tự fit, URL Back/Forward/reload
[chromium] › e2e/ticket-map.spec.ts:284:1 › A4: sơ đồ root/fork/join/repair, mở node bằng dialog chung, đóng giữ viewport, realtime không tự fit, URL Back/Forward/reload
{"level":30,"time":1791110748685,"pid":70144,"hostname":"Phans-Mac-mini.local","msg":"Server listening at http://127.0.0.1:54852"}

  1) [chromium] › e2e/ticket-map.spec.ts:284:1 › A4: sơ đồ root/fork/join/repair, mở node bằng dialog chung, đóng giữ viewport, realtime không tự fit, URL Back/Forward/reload 

    Error: expect(locator).toBeVisible() failed

    Locator: getByRole('dialog', { name: 'Bước A — phân tích' })
    Expected: visible
    Timeout: 5000ms
    Error: element(s) not found

    Call log:
      - Expect "toBeVisible" getByRole('dialog', { name: 'Bước A — phân tích' }) with timeout 5000ms
      - waiting for getByRole('dialog', { name: 'Bước A — phân tích' })


      408 |   const mapEntry = page.url();
      409 |   await page.goForward();
    > 410 |   await expect(dialog).toBeVisible();
          |                        ^
      411 |   await page.goBack();
      412 |   await expect(dialog).toBeHidden();
      413 |   expect(page.url()).toBe(mapEntry);
        at /Volumes/CORSAIR/Projects/my-crew-v2/v2/web/e2e/ticket-map.spec.ts:410:24

    Error Context: test-results/ticket-map-A4-sơ-đồ-root-f-940f4-fit-URL-Back-Forward-reload-chromium/error-context.md


[2/4] [chromium] › e2e/ticket-map.spec.ts:465:1 › G1 race: tạo con và dependency đồng thời khi sơ đồ mở — không cạnh treo, bảng/danh sách/sơ đồ cùng revision cuối
[3/4] [chromium] › e2e/ticket-map.spec.ts:535:1 › 390px và 640px (tương đương zoom 200%): danh sách tương đương, không tràn ngang, mở dialog chung
[4/4] [chromium] › e2e/ticket-map.spec.ts:562:1 › hiệu năng: 200 bước / 600 task — sơ đồ dùng được lần đầu ≤ 2s trên máy fixture
  1 failed
    [chromium] › e2e/ticket-map.spec.ts:284:1 › A4: sơ đồ root/fork/join/repair, mở node bằng dialog chung, đóng giữ viewport, realtime không tự fit, URL Back/Forward/reload 
  3 did not run
exit=1
