$ node --test test/client.test.ts
✔ GET chỉ gọi same-origin /v2/ kèm cookie và từ chối path ngoài (11.173125ms)
✔ không mutation hoặc upload trước khi có phiên (0.769875ms)
✔ mutation JSON gửi CSRF, Idempotency-Key = operation.id và đúng bodyJson đã freeze (0.506583ms)
✔ upload bytes thô gửi CSRF, octet-stream, không Idempotency-Key (0.332042ms)
✔ 503 không phải JSON thành ApiFailure, GET thử lại tối đa 3 lần (0.46025ms)
✔ AbortError khi mutation đang gửi → ambiguous, không đổi key, không tự gửi lại (0.267833ms)
✔ hai lần thử lại sau lỗi transport/503 giữ cùng key và cùng body (0.322292ms)
✔ lỗi transport hết lượt → Chưa xác nhận, operation vẫn ambiguous với cùng key (0.2065ms)
✔ 401 khi gửi → phiên expired, khóa write, operation suspended giữ nguyên key/body (0.26775ms)
✔ IDEMPOTENCY_CONFLICT giữ operation; lỗi 400 là từ chối cuối cho phép key mới (0.907458ms)
✔ GET cũ bị hủy khi GET mới bắt đầu, kết quả trễ bị bỏ qua (0.127417ms)
✔ decoder từ chối thiếu field, sai primitive và field lạ chưa review (0.1465ms)
✔ 403 CSRF_INVALID trên operation ambiguous không nhả key; làm mới CSRF rồi replay đúng key/body (0.297708ms)
✔ 403 CSRF_INVALID mà làm mới phiên nhận 401 → expired, operation suspended giữ key (0.175ms)
✔ 403 ORIGIN_INVALID lặp lại sau một lần làm mới → dừng, operation suspended giữ key (0.194458ms)
✔ 4xx phụ thuộc trạng thái sau lần gửi chưa chắc chắn không nhả key; 400 theo body vẫn là terminal (0.303834ms)
✔ payload nhập lại cho tombstone bị 400/413/404 → trở về tombstone, không nhả key cũ (0.321334ms)
✔ hai lượt mutate song song trên cùng operation: lượt sau bị chặn, không gửi request (2.571542ms)
✔ caller abort trước khi làm mới CSRF hoặc trong lúc làm mới → không replay, giữ key (0.420167ms)
ℹ tests 19
ℹ suites 0
ℹ pass 19
ℹ fail 0
ℹ cancelled 0
ℹ skipped 0
ℹ todo 0
ℹ duration_ms 98.089959

[watchdog] pid=99220 exit=0 timeout=False wall=0.13s
