✔ đóng dialog giữ vùng đang xem (1.3815ms)
✔ mở dialog chọn và focus node, không đổi viewport/expanded; di chuyển chỉ đổi viewport (0.131625ms)
✔ mở/thu gọn: toggle giữ thứ tự ổn định, “Mở tất cả” khôi phục tất cả, không trùng (18.185084ms)
✔ trạng thái sơ đồ lưu theo root trong tab storage; dữ liệu hỏng bị bỏ (0.5005ms)
✔ search của route sơ đồ: UUID về chữ thường, UUID sai bị bỏ (không gây request hay mutation) (0.872458ms)
✖ đóng dialog chỉ lùi history khi mục hiện tại do chính sơ đồ của root này push (0.449625ms)
✔ sơ đồ: root và bước hiện mặc định, task ẩn có badge; nhãn truy cập có cấp, trạng thái chữ và phiên bản (151.910709ms)
✖ mở/thu gọn: bố cục lại cả cây, task liền bước cha, node neo đứng yên trên màn hình (bước vừa bấm; focus hoặc root khi “tất cả”) (267.636125ms)
An update to MapView inside a test was not wrapped in act(...).

When testing, code that causes React state updates should be wrapped into act(...):

act(() => {
  /* fire events that update state */
});
/* assert on the output */

This ensures that you're testing the behavior the user would see in the browser. Learn more at https://react.dev/link/wrap-tests-with-act
✔ mở node bằng click mở TicketDetail chung; đóng giữ viewport, expanded và trả focus về node (88.465208ms)
✔ realtime: refetch cả graph (GET cũ bị hủy), node mới hiện mà viewport và vị trí cũ không đổi (19.114792ms)
An update to MapView inside a test was not wrapped in act(...).

When testing, code that causes React state updates should be wrapped into act(...):

act(() => {
  /* fire events that update state */
});
/* assert on the output */

This ensures that you're testing the behavior the user would see in the browser. Learn more at https://react.dev/link/wrap-tests-with-act
✔ node biến mất khi dialog đang mở: đóng trả focus về khung sơ đồ (42.685791ms)
An update to MapView inside a test was not wrapped in act(...).

When testing, code that causes React state updates should be wrapped into act(...):

act(() => {
  /* fire events that update state */
});
/* assert on the output */

This ensures that you're testing the behavior the user would see in the browser. Learn more at https://react.dev/link/wrap-tests-with-act
✔ bàn phím: mũi tên di chuyển focus giữa node theo cây; bảng quan hệ liệt kê đủ ID (22.053792ms)
✔ dữ liệu graph hỏng: báo chẩn đoán, có “Tải lại” và danh sách thay thế giữ mọi node (14.883125ms)
✔ mở bằng URL (reload) với ticket đã chọn: dialog hiện, đóng gọi onSelectTicket(null) (32.12825ms)
✖ khung sơ đồ đo lại chiều cao khi nội dung phía trên đổi cỡ (ResizeObserver), không chỉ khi resize cửa sổ (12.495ms)
✔ root→hai bước song song→join: mọi cặp dependency giữ nguyên, không có chuỗi tự suy, task thu gọn vào hiddenEdges (1.318625ms)
✔ mở một bước chỉ hiện đúng task của bước đó; cạnh liên bước vẫn ẩn tới khi mở đủ hai đầu; mở tất cả không còn cạnh ẩn (0.322333ms)
✔ badge đếm quan hệ dependency/repair tới công việc đang thu gọn theo bước chứa nó (0.315041ms)
✔ repair check→fix chu kỳ 1–5: cạnh repair riêng, cùng đầu mút với parent vẫn giữ cả hai, vòng repair/dependency không làm layout lặp (0.342958ms)
✔ graph đọc từ ticket con vẫn chiếu cả root: rootId thừa kế từ node (0.101542ms)
✔ kết quả không phụ thuộc thứ tự input: node, cạnh và vị trí giống nhau (0.234916ms)
✔ layout trái→phải: cột theo độ sâu (320+100), anh em theo ID, cha nằm giữa cây con, hàng cách 24 (0.132166ms)
✔ dữ liệu hỏng có diagnostic, không bỏ node mồ côi, không lặp vô hạn (0.207333ms)
✔ thiếu root: diagnostic ROOT_MISSING, mọi node vẫn được chiếu và có vị trí (0.113042ms)
✔ chuỗi cha rất sâu (20 000) không tràn stack ở chiếu và layout (71.450708ms)
✔ 200 bước / 600 task: giữ mọi cặp dependency, layout xác định và trong ngân sách thời gian (8.712625ms)
✔ giữ vị trí cũ khi có node mới; node mới đặt cạnh cha; chỉ “Sắp xếp lại” mới layout lại (0.396541ms)
✔ node mới không đè thẻ đang hiện của bước khác (task realtime dưới bước trên khi bước dưới cũng mở) (0.1925ms)
✔ mở bước không bố cục lại: thẻ đã hiện giữ nguyên chỗ, task mới cạnh bước, không chồng nhau (0.188167ms)
✔ mở tất cả 200 bước / 600 task bằng placeNewNodes: không chồng thẻ, trong ngân sách thời gian (7.970083ms)
✖ mở tất cả: bố cục lại cả cây, task nằm liền bước cha, node neo (root) đứng yên trên màn hình (0.904958ms)
✖ mở/thu gọn một bước: bước vừa bấm đứng yên trên màn hình, task của nó liền kề (0.245875ms)
✔ quan hệ của node liệt kê đủ cha, predecessor, successor và repair ID (0.143375ms)
✔ điều hướng bàn phím: trái về cha, phải tới con đầu, lên/xuống theo cột (0.132625ms)
ℹ tests 34
ℹ suites 0
ℹ pass 29
ℹ fail 5
ℹ cancelled 0
ℹ skipped 0
ℹ todo 0
ℹ duration_ms 1584.141125

✖ failing tests:

test at test/graph-state.test.ts:118:1
✖ đóng dialog chỉ lùi history khi mục hiện tại do chính sơ đồ của root này push (0.449625ms)
  AssertionError [ERR_ASSERTION]: root khác
  
  'back' !== 'replace'
  
      at TestContext.<anonymous> (file:///Volumes/CORSAIR/Projects/my-crew-v2/v2/web/test/graph-state.test.ts:120:10)
      at Test.runInAsyncScope (node:async_hooks:227:14)
      at Test.run (node:internal/test_runner/test:1402:25)
      at Test.processPendingSubtests (node:internal/test_runner/test:974:18)
      at Test.postRun (node:internal/test_runner/test:1542:19)
      at Test.run (node:internal/test_runner/test:1467:12)
      at async Test.processPendingSubtests (node:internal/test_runner/test:974:7) {
    generatedMessage: false,
    code: 'ERR_ASSERTION',
    actual: 'back',
    expected: 'replace',
    operator: 'strictEqual',
    diff: 'simple'
  }

test at test/graph-state.test.ts:432:1
✖ mở/thu gọn: bố cục lại cả cây, task liền bước cha, node neo đứng yên trên màn hình (bước vừa bấm; focus hoặc root khi “tất cả”) (267.636125ms)
  AssertionError [ERR_ASSERTION]: 0d0d0d0d-0000-4000-8000-000000000101 liền bước A
      at TestContext.<anonymous> (file:///Volumes/CORSAIR/Projects/my-crew-v2/v2/web/test/graph-state.test.ts:446:12)
      at async Test.run (node:internal/test_runner/test:1409:7)
      at async Test.processPendingSubtests (node:internal/test_runner/test:974:7) {
    generatedMessage: false,
    code: 'ERR_ASSERTION',
    actual: false,
    expected: true,
    operator: '==',
    diff: 'simple'
  }

test at test/graph-state.test.ts:600:1
✖ khung sơ đồ đo lại chiều cao khi nội dung phía trên đổi cỡ (ResizeObserver), không chỉ khi resize cửa sổ (12.495ms)
  AssertionError [ERR_ASSERTION]: trước: 752px
  
  '752px' !== '452px'
  
      at TestContext.<anonymous> (file:///Volumes/CORSAIR/Projects/my-crew-v2/v2/web/test/graph-state.test.ts:610:10)
      at async Test.run (node:internal/test_runner/test:1409:7)
      at async Test.processPendingSubtests (node:internal/test_runner/test:974:7) {
    generatedMessage: false,
    code: 'ERR_ASSERTION',
    actual: '752px',
    expected: '452px',
    operator: 'strictEqual',
    diff: 'simple'
  }

test at test/graph.test.ts:473:1
✖ mở tất cả: bố cục lại cả cây, task nằm liền bước cha, node neo (root) đứng yên trên màn hình (0.904958ms)
  AssertionError [ERR_ASSERTION]: bố cục toàn bộ như Sắp xếp lại
  + actual - expected
  
    {
      '00000000-0000-4000-8000-000000000001': {
        x: 0,
  +     y: 68
  -     y: 510
      },
      '00000000-0000-4000-8000-000000000020': {
        x: 420,
  +     y: 0
  -     y: 272
      },
      '00000000-0000-4000-8000-000000000021': {
        x: 420,
  +     y: 136
  -     y: 748
      },
      '00000000-0000-4000-8000-000000000201': {
        x: 840,
        y: 0
      },
  
      at TestContext.<anonymous> (file:///Volumes/CORSAIR/Projects/my-crew-v2/v2/web/test/graph.test.ts:480:10)
      at Test.runInAsyncScope (node:async_hooks:227:14)
      at Test.run (node:internal/test_runner/test:1402:25)
      at Test.processPendingSubtests (node:internal/test_runner/test:974:18)
      at Test.postRun (node:internal/test_runner/test:1542:19)
      at Test.run (node:internal/test_runner/test:1467:12)
      at async Test.processPendingSubtests (node:internal/test_runner/test:974:7) {
    generatedMessage: false,
    code: 'ERR_ASSERTION',
    actual: { '00000000-0000-4000-8000-000000000001': { x: 0, y: 68 }, '00000000-0000-4000-8000-000000000020': { x: 420, y: 0 }, '00000000-0000-4000-8000-000000000021': { x: 420, y: 136 }, '00000000-0000-4000-8000-000000000201': { x: 840, y: 0 }, '00000000-0000-4000-8000-000000000202': { x: 840, y: 136 }, '00000000-0000-4000-8000-000000000203': { x: 840, y: 272 }, '00000000-0000-4000-8000-000000000204': { x: 840, y: 408 }, '00000000-0000-4000-8000-000000000205': { x: 840, y: 544 }, '00000000-0000-4000-8000-000000000210': { x: 840, y: 680 }, '00000000-0000-4000-8000-000000000211': { x: 840, y: 816 } },
    expected: { '00000000-0000-4000-8000-000000000201': { x: 840, y: 0 }, '00000000-0000-4000-8000-000000000202': { x: 840, y: 136 }, '00000000-0000-4000-8000-000000000203': { x: 840, y: 272 }, '00000000-0000-4000-8000-000000000204': { x: 840, y: 408 }, '00000000-0000-4000-8000-000000000205': { x: 840, y: 544 }, '00000000-0000-4000-8000-000000000020': { x: 420, y: 272 }, '00000000-0000-4000-8000-000000000210': { x: 840, y: 680 }, '00000000-0000-4000-8000-000000000211': { x: 840, y: 816 }, '00000000-0000-4000-8000-000000000021': { x: 420, y: 748 }, '00000000-0000-4000-8000-000000000001': { x: 0, y: 510 } },
    operator: 'deepStrictEqual',
    diff: 'simple'
  }

test at test/graph.test.ts:489:1
✖ mở/thu gọn một bước: bước vừa bấm đứng yên trên màn hình, task của nó liền kề (0.245875ms)
  AssertionError [ERR_ASSERTION]: Expected values to be strictly deep-equal:
  + actual - expected
  
  + [
  +   '00000000-0000-4000-8000-000000000101 cách 00000000-0000-4000-8000-000000000010 136'
  + ]
  - []
  
      at TestContext.<anonymous> (file:///Volumes/CORSAIR/Projects/my-crew-v2/v2/web/test/graph.test.ts:495:10)
      at Test.runInAsyncScope (node:async_hooks:227:14)
      at Test.run (node:internal/test_runner/test:1402:25)
      at Test.processPendingSubtests (node:internal/test_runner/test:974:18)
      at Test.postRun (node:internal/test_runner/test:1542:19)
      at Test.run (node:internal/test_runner/test:1467:12)
      at async Test.processPendingSubtests (node:internal/test_runner/test:974:7) {
    generatedMessage: true,
    code: 'ERR_ASSERTION',
    actual: [ '00000000-0000-4000-8000-000000000101 cách 00000000-0000-4000-8000-000000000010 136' ],
    expected: [],
    operator: 'deepStrictEqual',
    diff: 'simple'
  }
exit=1
