
Running 4 tests using 1 worker

[1/4] [chromium] › e2e/ticket-map.spec.ts:284:1 › A4: sơ đồ root/fork/join/repair, mở node bằng dialog chung, đóng giữ viewport, realtime không tự fit, URL Back/Forward/reload
[chromium] › e2e/ticket-map.spec.ts:284:1 › A4: sơ đồ root/fork/join/repair, mở node bằng dialog chung, đóng giữ viewport, realtime không tự fit, URL Back/Forward/reload
{"level":30,"time":1791109674319,"pid":42071,"hostname":"Phans-Mac-mini.local","msg":"Server listening at http://127.0.0.1:51884"}

  1) [chromium] › e2e/ticket-map.spec.ts:284:1 › A4: sơ đồ root/fork/join/repair, mở node bằng dialog chung, đóng giữ viewport, realtime không tự fit, URL Back/Forward/reload 

    Error: expect(received).toBeLessThanOrEqual(expected)

    Expected: <= 0
    Received:    107.96875

      252 |   });
      253 |   expect(result.frame).toBe(true);
    > 254 |   expect(result.bottom).toBeLessThanOrEqual(0);
          |                         ^
      255 |   expect(result.outside).toEqual([]);
      256 | }
      257 |
        at expectFittedInWindow (/Volumes/CORSAIR/Projects/my-crew-v2/v2/web/e2e/ticket-map.spec.ts:254:25)
        at /Volumes/CORSAIR/Projects/my-crew-v2/v2/web/e2e/ticket-map.spec.ts:332:3

    Error Context: test-results/ticket-map-A4-sơ-đồ-root-f-940f4-fit-URL-Back-Forward-reload-chromium/error-context.md


[2/4] [chromium] › e2e/ticket-map.spec.ts:465:1 › G1 race: tạo con và dependency đồng thời khi sơ đồ mở — không cạnh treo, bảng/danh sách/sơ đồ cùng revision cuối
[3/4] [chromium] › e2e/ticket-map.spec.ts:535:1 › 390px và 640px (tương đương zoom 200%): danh sách tương đương, không tràn ngang, mở dialog chung
[4/4] [chromium] › e2e/ticket-map.spec.ts:562:1 › hiệu năng: 200 bước / 600 task — sơ đồ dùng được lần đầu ≤ 2s trên máy fixture
  1 failed
    [chromium] › e2e/ticket-map.spec.ts:284:1 › A4: sơ đồ root/fork/join/repair, mở node bằng dialog chung, đóng giữ viewport, realtime không tự fit, URL Back/Forward/reload 
  3 did not run
exit=1
