✔ đóng dialog giữ vùng đang xem (1.441041ms)
✔ mở dialog chọn và focus node, không đổi viewport/expanded; di chuyển chỉ đổi viewport (0.135208ms)
✔ mở/thu gọn: toggle giữ thứ tự ổn định, “Mở tất cả” khôi phục tất cả, không trùng (18.589542ms)
✔ trạng thái sơ đồ lưu theo root trong tab storage; dữ liệu hỏng bị bỏ (0.410958ms)
✔ search của route sơ đồ: UUID về chữ thường, UUID sai bị bỏ (không gây request hay mutation) (0.635583ms)
✔ đóng dialog chỉ lùi history khi mục hiện tại do chính sơ đồ của root này push (24.966875ms)
✔ sơ đồ: root và bước hiện mặc định, task ẩn có badge; nhãn truy cập có cấp, trạng thái chữ và phiên bản (181.785417ms)
✔ mở/thu gọn: bố cục lại cả cây, task liền bước cha, node neo đứng yên trên màn hình (bước vừa bấm; focus hoặc root khi “tất cả”) (1071.042291ms)
An update to MapView inside a test was not wrapped in act(...).

When testing, code that causes React state updates should be wrapped into act(...):

act(() => {
  /* fire events that update state */
});
/* assert on the output */

This ensures that you're testing the behavior the user would see in the browser. Learn more at https://react.dev/link/wrap-tests-with-act
✔ mở node bằng click mở TicketDetail chung; đóng giữ viewport, expanded và trả focus về node (83.703834ms)
✔ realtime: refetch cả graph (GET cũ bị hủy), cây tự căn lại (cha giữa các con), root làm neo đứng yên, không fit (258.68525ms)
✔ realtime với thẻ đang focus: thẻ đó làm neo, đứng yên trên màn hình (263.126208ms)
✔ thẻ và khung theo mockup: tiêu đề + chấm trạng thái, dòng phụ “cấp · trạng thái”, viền focus, header kiểu modal, chú giải (27.075709ms)
An update to MapView inside a test was not wrapped in act(...).

When testing, code that causes React state updates should be wrapped into act(...):

act(() => {
  /* fire events that update state */
});
/* assert on the output */

This ensures that you're testing the behavior the user would see in the browser. Learn more at https://react.dev/link/wrap-tests-with-act
✔ node biến mất khi dialog đang mở: đóng trả focus về khung sơ đồ (48.1225ms)
An update to MapView inside a test was not wrapped in act(...).

When testing, code that causes React state updates should be wrapped into act(...):

act(() => {
  /* fire events that update state */
});
/* assert on the output */

This ensures that you're testing the behavior the user would see in the browser. Learn more at https://react.dev/link/wrap-tests-with-act
✔ bàn phím: mũi tên di chuyển focus giữa node theo cây; bảng quan hệ liệt kê đủ ID (30.534292ms)
✔ dữ liệu graph hỏng: báo chẩn đoán, có “Tải lại” và danh sách thay thế giữ mọi node (13.447458ms)
✔ mở bằng URL (reload) với ticket đã chọn: dialog hiện, đóng gọi onSelectTicket(null) (33.8645ms)
✔ khung sơ đồ đo lại chiều cao khi nội dung phía trên đổi cỡ (ResizeObserver), không chỉ khi resize cửa sổ (14.787875ms)
✔ root mới (chưa có trạng thái): mở ở 1:1, root ở mép trái giữa khung, không dùng fitView; cuộn chuột là cuộn (16.246333ms)
✔ dialog mở từ sơ đồ theo màn 2: chấm trạng thái + tiêu đề, dòng phụ “loại · bước · gốc”, ô thông tin không bịa “Cập nhật” (52.4415ms)
✖ realtime: thêm việc phía trên vùng đang xem (root ngoài khung, không focus) thì vùng đó không trượt (483.7775ms)
✖ thân dialog theo màn 2: không lặp “Chưa có dữ liệu” của mục Thực thi hiện tại; ô Máy · model gộp phần còn thiếu (44.224584ms)
✔ root→hai bước song song→join: mọi cặp dependency giữ nguyên, không có chuỗi tự suy, task thu gọn vào hiddenEdges (1.443084ms)
✔ mở một bước chỉ hiện đúng task của bước đó; cạnh liên bước vẫn ẩn tới khi mở đủ hai đầu; mở tất cả không còn cạnh ẩn (0.279834ms)
✔ badge đếm quan hệ dependency/repair tới công việc đang thu gọn theo bước chứa nó (0.269084ms)
✔ repair check→fix chu kỳ 1–5: cạnh repair riêng, cùng đầu mút với parent vẫn giữ cả hai, vòng repair/dependency không làm layout lặp (0.292458ms)
✔ graph đọc từ ticket con vẫn chiếu cả root: rootId thừa kế từ node (0.094583ms)
✔ kết quả không phụ thuộc thứ tự input: node, cạnh và vị trí giống nhau (0.201166ms)
✔ layout trái→phải: cột theo độ sâu (320+100), anh em theo ID, cha nằm giữa cây con, hàng cách 24 (0.135291ms)
✔ dữ liệu hỏng có diagnostic, không bỏ node mồ côi, không lặp vô hạn (0.204ms)
✔ thiếu root: diagnostic ROOT_MISSING, mọi node vẫn được chiếu và có vị trí (0.076791ms)
✔ chuỗi cha rất sâu (20 000) không tràn stack ở chiếu và layout (72.261ms)
✔ 200 bước / 600 task: giữ mọi cặp dependency, layout xác định và trong ngân sách thời gian (8.156625ms)
✔ mở tất cả: bố cục lại cả cây, task nằm liền bước cha, node neo (root) đứng yên trên màn hình (0.4905ms)
✖ neo realtime: thẻ focus chỉ khi còn trong khung; không thì thẻ gần tâm khung; không có gì thì root (0.660542ms)
✖ cạnh phụ thuộc/sửa: đoạn vuông góc bám mép phải thẻ, thân dọc nằm trong khe cột, khoảng chồng tách làn (0.278959ms)
✖ nhãn cạnh không đè nhau và không đè thẻ, trừ nhãn của thẻ đang focus (0.206083ms)
✔ quan hệ của node liệt kê đủ cha, predecessor, successor và repair ID (0.175625ms)
✔ điều hướng bàn phím: trái về cha, phải tới con đầu, lên/xuống theo cột (0.160292ms)
✔ mật độ theo mockup owner duyệt: thẻ 280×48, hàng cách 10, cột cách 56, vẫn chạm được (0.079083ms)
✔ khung nhìn ban đầu 1:1: root ở mép trái, giữa chiều cao khung, không fit toàn cây (0.04625ms)
ℹ tests 40
ℹ suites 0
ℹ pass 35
ℹ fail 5
ℹ cancelled 0
ℹ skipped 0
ℹ todo 0
ℹ duration_ms 3761.151166

✖ failing tests:

test at test/graph-state.test.ts:720:1
✖ realtime: thêm việc phía trên vùng đang xem (root ngoài khung, không focus) thì vùng đó không trượt (483.7775ms)
  AssertionError [ERR_ASSERTION]: thẻ ở giữa vùng đang xem: (36,198) → (36,212.5)
      at assertStill (file:///Volumes/CORSAIR/Projects/my-crew-v2/v2/web/test/graph-state.test.ts:432:10)
      at TestContext.<anonymous> (file:///Volumes/CORSAIR/Projects/my-crew-v2/v2/web/test/graph-state.test.ts:751:3)
      at async Test.run (node:internal/test_runner/test:1409:7)
      at async Test.processPendingSubtests (node:internal/test_runner/test:974:7) {
    generatedMessage: false,
    code: 'ERR_ASSERTION',
    actual: false,
    expected: true,
    operator: '==',
    diff: 'simple'
  }

test at test/graph-state.test.ts:754:1
✖ thân dialog theo màn 2: không lặp “Chưa có dữ liệu” của mục Thực thi hiện tại; ô Máy · model gộp phần còn thiếu (44.224584ms)
  AssertionError [ERR_ASSERTION]: mục Thực thi hiện tại đã gộp vào ô Máy · model
      at TestContext.<anonymous> (file:///Volumes/CORSAIR/Projects/my-crew-v2/v2/web/test/graph-state.test.ts:760:10)
      at async Test.run (node:internal/test_runner/test:1409:7)
      at async Test.processPendingSubtests (node:internal/test_runner/test:974:7) {
    generatedMessage: false,
    code: 'ERR_ASSERTION',
    actual: false,
    expected: true,
    operator: '==',
    diff: 'simple'
  }

test at test/graph.test.ts:439:1
✖ neo realtime: thẻ focus chỉ khi còn trong khung; không thì thẻ gần tâm khung; không có gì thì root (0.660542ms)
  AssertionError [ERR_ASSERTION]: Expected values to be strictly equal:
  
  'r' !== 'a'
  
      at TestContext.<anonymous> (file:///Volumes/CORSAIR/Projects/my-crew-v2/v2/web/test/graph.test.ts:444:10)
      at Test.runInAsyncScope (node:async_hooks:227:14)
      at Test.run (node:internal/test_runner/test:1402:25)
      at Test.processPendingSubtests (node:internal/test_runner/test:974:18)
      at Test.postRun (node:internal/test_runner/test:1542:19)
      at Test.run (node:internal/test_runner/test:1467:12)
      at async Test.processPendingSubtests (node:internal/test_runner/test:974:7) {
    generatedMessage: true,
    code: 'ERR_ASSERTION',
    actual: 'r',
    expected: 'a',
    operator: 'strictEqual',
    diff: 'simple'
  }

test at test/graph.test.ts:462:1
✖ cạnh phụ thuộc/sửa: đoạn vuông góc bám mép phải thẻ, thân dọc nằm trong khe cột, khoảng chồng tách làn (0.278959ms)
  AssertionError [ERR_ASSERTION]: Expected values to be strictly equal:
  
  0 !== 5
  
      at TestContext.<anonymous> (file:///Volumes/CORSAIR/Projects/my-crew-v2/v2/web/test/graph.test.ts:468:10)
      at Test.runInAsyncScope (node:async_hooks:227:14)
      at Test.run (node:internal/test_runner/test:1402:25)
      at Test.processPendingSubtests (node:internal/test_runner/test:974:18)
      at Test.postRun (node:internal/test_runner/test:1542:19)
      at Test.run (node:internal/test_runner/test:1467:12)
      at async Test.processPendingSubtests (node:internal/test_runner/test:974:7) {
    generatedMessage: true,
    code: 'ERR_ASSERTION',
    actual: 0,
    expected: 5,
    operator: 'strictEqual',
    diff: 'simple'
  }

test at test/graph.test.ts:495:1
✖ nhãn cạnh không đè nhau và không đè thẻ, trừ nhãn của thẻ đang focus (0.206083ms)
  AssertionError [ERR_ASSERTION]: có ít nhất một nhãn hiện
      at TestContext.<anonymous> (file:///Volumes/CORSAIR/Projects/my-crew-v2/v2/web/test/graph.test.ts:511:12)
      at Test.runInAsyncScope (node:async_hooks:227:14)
      at Test.run (node:internal/test_runner/test:1402:25)
      at Test.processPendingSubtests (node:internal/test_runner/test:974:18)
      at Test.postRun (node:internal/test_runner/test:1542:19)
      at Test.run (node:internal/test_runner/test:1467:12)
      at async Test.processPendingSubtests (node:internal/test_runner/test:974:7) {
    generatedMessage: false,
    code: 'ERR_ASSERTION',
    actual: false,
    expected: true,
    operator: '==',
    diff: 'simple'
  }
exit=1
