✔ freezeSubmission ticket: đúng path/body, không gửi kind/target/draftKey, selection rỗng hợp lệ (1.248792ms)
✔ freezeSubmission comment và assistant_message: đúng route/body, giữ clientMessageId (0.144208ms)
✔ freezeSubmission chặn target sai, field sai giới hạn và text/file cùng rỗng (1.510458ms)
✔ PendingStore.begin cho cùng intent/path/body ra đúng bytes của freezeSubmission (0.336541ms)
✔ canSubmit: file lỗi chặn gửi dù có text; sending/accepted không gửi; ambiguous chỉ retry op cũ (0.13ms)
✔ mất phản hồi sau commit: khóa form, retry cùng key/body, một ticket; frozen body không đổi khi form đổi (10.032917ms)
✔ hết phiên rồi đăng nhập lại cùng owner: retry giữ key gốc và clientMessageId, một message (1.315833ms)
✔ reload tab: compose ID/revision và key gốc được giữ, không lưu text/File; gửi lại ra một comment (1.257417ms)
✔ logout: chỉ còn tombstone; không cấp key mới, nhập lại đúng nội dung gửi bằng key cũ (1.768209ms)
✔ comment chỉ có ảnh ready: selection đúng mọi upload active, receipt không nói “đã đọc” (2.930417ms)
✔ I1: 201 không giải mã được thì draft vẫn khóa; gửi lại đúng body cũ, không có entity thứ hai (0.447792ms)
✔ I1: lượt gửi đã submitted mà op cục bộ đã mất thì khóa, không mở lượt mới, không tạo bản trùng (0.553ms)
✔ I2: nhập lại sau logout với file và consent selected-inputs gửi được bằng key cũ (1.334333ms)
✔ I5: op được panel khôi phục replay thì composer gửi lại đúng body, nhận lại receipt cũ (0.415583ms)
✔ I5: SELECTION_CHANGED khi gửi thì đọc lại compose, upload lạ trở thành file chặn/đúng selection (2.262125ms)
✔ I5: takeReceipt trả receipt đúng một lần (0.256583ms)
✔ tên ảnh clipboard không tên/tên chung có giờ Asia/Ho_Chi_Minh và đuôi theo MIME (0.577541ms)
✔ một luồng nhận file: paste giữ cả text và ảnh; input/drop dùng FileList (0.490833ms)
✔ policy kiểm trước hash theo giá trị được công bố, không gắn cứng 25MiB (0.1455ms)
✔ digestFile: SHA-256 đúng, từ chối vượt ngân sách trước khi đọc (2.502458ms)
✔ worker hasher: mỗi lượt một file, abort dừng worker và bỏ listener, dispose dừng worker (5.712916ms)
✔ reserve tuần tự theo revision hiện hành rồi PUT cùng upload ID; hai ảnh paste đều ready (12.413584ms)
✔ file lỗi chặn gửi dù có text; bỏ file lỗi cục bộ thì gửi được (0.465334ms)
✔ file trùng hash+size bị đánh dấu để owner bỏ, không reserve thêm (1.828958ms)
✔ bỏ file: DELETE với revision hiện hành, 409 thì đọc lại compose và gửi lại theo revision mới (2.901417ms)
✔ mất phản hồi reserve sau commit: GET compose nhận lại upload, không tạo reservation thứ hai (2.151709ms)
✔ reserve chưa tới server: GET chưa chứng minh được thì retry gửi lại đúng key/body cũ (3.442417ms)
✔ PUT bận/receiving: chờ rồi gửi lại cùng bytes cùng ID, ready thắng (2.097708ms)
✔ lỗi transport thật khi PUT: file chưa sẵn sàng thì không gửi; retry dùng lại reservation (2.269959ms)
✔ đổi project: bỏ compose cũ rõ ràng rồi chuyển file sang compose mới (2.144375ms)
✔ reload mất bytes: chọn lại phải đúng size+SHA trước khi gửi bytes (3.696625ms)
✔ dispose dừng hasher và không còn listener (0.136041ms)
✔ preview chỉ nhận PNG/JPEG theo magic bytes, không SVG/HTML/PDF (0.047875ms)
✔ bytes preview phải khớp SHA/MIME của record, không tin tên tệp hay content-type (0.680375ms)
✔ trạng thái trích xuất nêu phần thiếu theo trang/sheet/ô và không nói “đã đọc” (0.197584ms)
✔ I3: đổi project khi reserve chưa xác nhận: op cũ được giải quyết, file lên compose mới (2.457417ms)
✔ I4: PUT còn receiving sau vòng chờ, Thử lại tiếp tục chờ rồi gửi cùng bytes tới khi ready (3.706167ms)
✔ I4: reload khi server receiving và không còn bytes: có Thử lại, không đứng ở Đang tải lên (2.202292ms)
✔ I5: PUT gặp 401 thì file unknown; đăng nhập lại rồi reconcile tải tiếp cùng upload (1.97875ms)
✔ I5: bỏ file khi DELETE chưa tới server: GET chứng minh chưa commit thì nhả key, DELETE lại theo revision mới (1.885125ms)
✔ I5: abandon gặp ATTACHMENT_SELECTION_STALE thì đọc lại revision rồi bỏ lượt gửi (1.857375ms)
✔ I5 composer: paste chỉ chặn khi có file, chèn chữ tại con trỏ; paste thường giữ nguyên (0.08425ms)
✔ I5 composer: nút Thử lại/Chọn lại/Bỏ theo trạng thái file (0.0585ms)
✔ I5 composer: khóa form, consent đóng băng và state báo cho form (0.062041ms)
ℹ tests 44
ℹ suites 0
ℹ pass 44
ℹ fail 0
ℹ cancelled 0
ℹ skipped 0
ℹ todo 0
ℹ duration_ms 159.075458
