TELEMETRY {"at": "2026-10-04T05:07:12.888991+00:00", "pageSize": 16384, "pages": {"Pages free": 15988, "Pages inactive": 307924, "Pages speculative": 1695}, "availableBytes": 5334745088, "availableGiB": 4.968, "pressure": 1, "cpuIdlePercent": 80.2, "cpu": "9.6% user, 10.73% sys, 80.20% idle", "diskFreeBytes": 806392725504, "diskFreeGiB": 751.012, "heavyEligible": true}
CMD bash -c node --test --test-timeout=240000 test/fixture-lifecycle.test.ts
{"level":30,"time":1791090434773,"pid":54417,"hostname":"Phans-Mac-mini.local","msg":"Server listening at http://127.0.0.1:56786"}
fixture-identities={"containerName":"crew-v2-web-3e2e52cd-555b-47ac-b3e5-cb175f7c8bd9","containerImageDigest":"sha256:4ef4dbc939d61acea57712655ddb4b4ab27419c913f94cca0cd57cb3ea3c2280","dbPort":56432,"dbName":"crew_v2_test_f14ec161f8d84da2b922b8a5874c18f4","apiOrigin":"http://127.0.0.1:56786","webOrigin":"http://127.0.0.1:56785","registryPath":"/var/folders/wr/3y_dzgm55m3fy0gtp5sznlnh0000gn/T/crew-v2-web-CO3vjx/registry.json","resources":[{"kind":"scratch","id":"/var/folders/wr/3y_dzgm55m3fy0gtp5sznlnh0000gn/T/crew-v2-web-CO3vjx","ownershipNonce":"3e2e52cd-555b-47ac-b3e5-cb175f7c8bd9","startIdentity":"16777231:220519065"},{"kind":"container","id":"db2b63cc2c73cc841506a13226b929393c8c9ea922d0332e5980f725ccbb8c1a","ownershipNonce":"3e2e52cd-555b-47ac-b3e5-cb175f7c8bd9","startIdentity":"db2b63cc2c73cc841506a13226b929393c8c9ea922d0332e5980f725ccbb8c1a:2026-10-04T05:07:13.24389692Z"},{"kind":"database","id":"crew_v2_test_f14ec161f8d84da2b922b8a5874c18f4","ownershipNonce":"3e2e52cd-555b-47ac-b3e5-cb175f7c8bd9","startIdentity":"db2b63cc2c73cc841506a13226b929393c8c9ea922d0332e5980f725ccbb8c1a:16385"},{"kind":"listener","id":"web:56785","ownershipNonce":"3e2e52cd-555b-47ac-b3e5-cb175f7c8bd9","startIdentity":"54417:Sun Oct  4 12:07:12 2026:web:56785:3e2e52cd-555b-47ac-b3e5-cb175f7c8bd9"},{"kind":"scratch","id":"/private/var/folders/wr/3y_dzgm55m3fy0gtp5sznlnh0000gn/T/crew-v2-web-attachments-rlGWZY","ownershipNonce":"3e2e52cd-555b-47ac-b3e5-cb175f7c8bd9","startIdentity":"16777231:220519081"},{"kind":"listener","id":"api:56786","ownershipNonce":"3e2e52cd-555b-47ac-b3e5-cb175f7c8bd9","startIdentity":"54417:Sun Oct  4 12:07:12 2026:api:56786:3e2e52cd-555b-47ac-b3e5-cb175f7c8bd9"}]}
fixture-cleanup=[{"resourceId":"api:56786","state":"stopped","reason":null},{"resourceId":"web:56785","state":"stopped","reason":null},{"resourceId":"crew_v2_test_f14ec161f8d84da2b922b8a5874c18f4","state":"removed","reason":null},{"resourceId":"db2b63cc2c73cc841506a13226b929393c8c9ea922d0332e5980f725ccbb8c1a","state":"removed","reason":null},{"resourceId":"/private/var/folders/wr/3y_dzgm55m3fy0gtp5sznlnh0000gn/T/crew-v2-web-attachments-rlGWZY","state":"removed","reason":null},{"resourceId":"/var/folders/wr/3y_dzgm55m3fy0gtp5sznlnh0000gn/T/crew-v2-web-CO3vjx","state":"removed","reason":null}]
✔ withFixture giữ API, web và DB riêng suốt callback rồi đóng đúng tài nguyên (2119.407708ms)
✔ unit: identity lạ giữ UNKNOWN và không gọi stop/remove (0.352708ms)
✔ unit: STOP chưa xác minh giữ UNKNOWN và không remove (0.106209ms)
scratch-timeout-ready={"scratchPath":"/var/folders/wr/3y_dzgm55m3fy0gtp5sznlnh0000gn/T/crew-v2-web-fix2-O5s38u","registryPath":"/var/folders/wr/3y_dzgm55m3fy0gtp5sznlnh0000gn/T/crew-v2-web-fix2-O5s38u/registry.json","startIdentity":"16777231:220519094"}
scratch-timeout-own-cleanup={"scratchPath":"/var/folders/wr/3y_dzgm55m3fy0gtp5sznlnh0000gn/T/crew-v2-web-fix2-O5s38u","absent":true}
✔ unit: scratch REMOVE hết hạn rồi stat trả trễ phải giữ registry (253.364166ms)
{"level":30,"time":1791090437101,"pid":54417,"hostname":"Phans-Mac-mini.local","msg":"Server listening at http://127.0.0.1:57168"}
active-request-ready={"registryPath":"/var/folders/wr/3y_dzgm55m3fy0gtp5sznlnh0000gn/T/crew-v2-web-ezT0Vy/registry.json","apiOrigin":"http://127.0.0.1:57168","resources":[{"kind":"scratch","id":"/var/folders/wr/3y_dzgm55m3fy0gtp5sznlnh0000gn/T/crew-v2-web-ezT0Vy","ownershipNonce":"3cf0ebf8-cd41-4fb3-9f8f-e68e8223d170","startIdentity":"16777231:220519098"},{"kind":"container","id":"1e6ef66b9f0ce47912e0479f1b95785314de4efaca0e90e63c2a391cc644476e","ownershipNonce":"3cf0ebf8-cd41-4fb3-9f8f-e68e8223d170","startIdentity":"1e6ef66b9f0ce47912e0479f1b95785314de4efaca0e90e63c2a391cc644476e:2026-10-04T05:07:15.595149129Z"},{"kind":"database","id":"crew_v2_test_0e319df03df843c698bcc065aed03f56","ownershipNonce":"3cf0ebf8-cd41-4fb3-9f8f-e68e8223d170","startIdentity":"1e6ef66b9f0ce47912e0479f1b95785314de4efaca0e90e63c2a391cc644476e:16385"},{"kind":"listener","id":"web:57165","ownershipNonce":"3cf0ebf8-cd41-4fb3-9f8f-e68e8223d170","startIdentity":"54417:Sun Oct  4 12:07:12 2026:web:57165:3cf0ebf8-cd41-4fb3-9f8f-e68e8223d170"},{"kind":"scratch","id":"/private/var/folders/wr/3y_dzgm55m3fy0gtp5sznlnh0000gn/T/crew-v2-web-attachments-7TeYkT","ownershipNonce":"3cf0ebf8-cd41-4fb3-9f8f-e68e8223d170","startIdentity":"16777231:220519112"},{"kind":"listener","id":"api:57168","ownershipNonce":"3cf0ebf8-cd41-4fb3-9f8f-e68e8223d170","startIdentity":"54417:Sun Oct  4 12:07:12 2026:api:57168:3cf0ebf8-cd41-4fb3-9f8f-e68e8223d170"}]}
active-request-cleanup=[{"resourceId":"api:57168","state":"stopped","reason":null},{"resourceId":"web:57165","state":"stopped","reason":null},{"resourceId":"crew_v2_test_0e319df03df843c698bcc065aed03f56","state":"removed","reason":null},{"resourceId":"1e6ef66b9f0ce47912e0479f1b95785314de4efaca0e90e63c2a391cc644476e","state":"removed","reason":null},{"resourceId":"/private/var/folders/wr/3y_dzgm55m3fy0gtp5sznlnh0000gn/T/crew-v2-web-attachments-7TeYkT","state":"removed","reason":null},{"resourceId":"/var/folders/wr/3y_dzgm55m3fy0gtp5sznlnh0000gn/T/crew-v2-web-ezT0Vy","state":"removed","reason":null}]
✔ request đang gửi dở không được giữ fixture close vô hạn hoặc xóa asset khi STOP chưa rõ (1935.708458ms)
interrupt-ready={"childPid":54794,"processRecord":"44013 Sun Oct  4 12:07:17 2026","registryPath":"/var/folders/wr/3y_dzgm55m3fy0gtp5sznlnh0000gn/T/crew-v2-web-at6Eiq/registry.json","resources":[{"kind":"scratch","id":"/var/folders/wr/3y_dzgm55m3fy0gtp5sznlnh0000gn/T/crew-v2-web-at6Eiq","ownershipNonce":"59f8f451-f41e-42e9-9298-ce1cef5cd78c","startIdentity":"16777231:220519129"},{"kind":"container","id":"6e75dd4afeb749d070f01967ef11abdecc16ac7978112c3a44556a33a54aaf69","ownershipNonce":"59f8f451-f41e-42e9-9298-ce1cef5cd78c","startIdentity":"6e75dd4afeb749d070f01967ef11abdecc16ac7978112c3a44556a33a54aaf69:2026-10-04T05:07:17.723875797Z"},{"kind":"database","id":"crew_v2_test_91fc6f4687794d01b0cd9bb7216a9361","ownershipNonce":"59f8f451-f41e-42e9-9298-ce1cef5cd78c","startIdentity":"6e75dd4afeb749d070f01967ef11abdecc16ac7978112c3a44556a33a54aaf69:16385"},{"kind":"listener","id":"web:57559","ownershipNonce":"59f8f451-f41e-42e9-9298-ce1cef5cd78c","startIdentity":"54794:Sun Oct  4 12:07:17 2026:web:57559:59f8f451-f41e-42e9-9298-ce1cef5cd78c"},{"kind":"scratch","id":"/private/var/folders/wr/3y_dzgm55m3fy0gtp5sznlnh0000gn/T/crew-v2-web-attachments-4mdIKH","ownershipNonce":"59f8f451-f41e-42e9-9298-ce1cef5cd78c","startIdentity":"16777231:220519143"},{"kind":"listener","id":"api:57561","ownershipNonce":"59f8f451-f41e-42e9-9298-ce1cef5cd78c","startIdentity":"54794:Sun Oct  4 12:07:17 2026:api:57561:59f8f451-f41e-42e9-9298-ce1cef5cd78c"}]}
interrupt-cleanup=[{"resourceId":"api:57561","state":"stopped","reason":null},{"resourceId":"web:57559","state":"stopped","reason":null},{"resourceId":"crew_v2_test_91fc6f4687794d01b0cd9bb7216a9361","state":"removed","reason":null},{"resourceId":"6e75dd4afeb749d070f01967ef11abdecc16ac7978112c3a44556a33a54aaf69","state":"removed","reason":null},{"resourceId":"/private/var/folders/wr/3y_dzgm55m3fy0gtp5sznlnh0000gn/T/crew-v2-web-attachments-4mdIKH","state":"removed","reason":null},{"resourceId":"/var/folders/wr/3y_dzgm55m3fy0gtp5sznlnh0000gn/T/crew-v2-web-at6Eiq","state":"removed","reason":null}]
✔ SIGTERM trên preview child đóng đúng run và xác minh STOP trước khi thoát (2255.398667ms)
ℹ tests 6
ℹ suites 0
ℹ pass 6
ℹ fail 0
ℹ cancelled 0
ℹ skipped 0
ℹ todo 0
ℹ duration_ms 6794.216
EXIT 0
