{"type":"task2-owned-resource","action":"create","root":"/private/var/folders/6r/7l8l6ytd2fgf91ccj55m73wm0000gn/T/crew-task2-credential-provisioning-PKTHOq","dev":16777229,"ino":63819739,"uid":501}
{"type":"task2-owned-resource","action":"removed","root":"/private/var/folders/6r/7l8l6ytd2fgf91ccj55m73wm0000gn/T/crew-task2-credential-provisioning-PKTHOq","dev":16777229,"ino":63819739,"uid":501}
✔ credential broker provisioning persists private key and exact ACK across lost reply; rejects stale/AAD/key loss (241.963708ms)
✔ credential broker expiry needs bounded server receipt clock and ignores host wall clock (0.12775ms)
{"type":"task2-owned-resource","action":"create","root":"/private/var/folders/6r/7l8l6ytd2fgf91ccj55m73wm0000gn/T/crew-task2-credential-provisioning-nRCdmr","dev":16777229,"ino":63819776,"uid":501}
{"type":"task2-owned-resource","action":"removed","root":"/private/var/folders/6r/7l8l6ytd2fgf91ccj55m73wm0000gn/T/crew-task2-credential-provisioning-nRCdmr","dev":16777229,"ino":63819776,"uid":501}
✔ credential broker reconnect gets own desired/serverTime before secret envelopes and rejects disabled source (48.536958ms)
✔ FIX1 R1 registration TTL upper bound uses estimated current server time without extending expired receipts (0.775041ms)
{"type":"task2-owned-resource","action":"create","root":"/private/var/folders/6r/7l8l6ytd2fgf91ccj55m73wm0000gn/T/crew-task2-fix1-ack-reconnect-S1Q7ga","dev":16777229,"ino":63819791,"uid":501}
{"type":"task2-owned-resource","action":"removed","root":"/private/var/folders/6r/7l8l6ytd2fgf91ccj55m73wm0000gn/T/crew-task2-fix1-ack-reconnect-S1Q7ga","dev":16777229,"ino":63819791,"uid":501}
✔ FIX1 R2 public reconnect replays committed lost ACK after expiry and revision change without rewriting secret (302.549917ms)
✔ model probe separates Responses and Chat Completions and rejects model/tool mismatches (0.787625ms)
✔ model probe mirrors server canonical endpoint/local HTTP policy (2.977834ms)
✔ model probe offline never grants capability; CLI missing and unauthorized live stay UNVERIFIED (1.680375ms)
✔ model probe authorized response maps auth/quota/network errors without leaking and bounds deadlines (17.517084ms)
✔ model probe text PASS does not infer files/vision/tools; tool execution requires exact correlation (0.492625ms)
✔ model probe inventory preserves owner API models, skips OFF/missing pair and invalidates context by bytes/pins (0.416417ms)
✔ model probe stream parser requires complete bounded framing and exact model (0.42925ms)
✔ model probe DNS guard rejects private/reserved/mapped addresses and request pins owner model (0.217209ms)
✔ model probe pinned transport uses one-use credential channel and bounded local HTTP response (6.259208ms)
✔ model probe IPv6 guard canonicalizes zero-padded special ranges (0.169583ms)
✔ model probe correlated tools and explicit measured vision grant only their recorded capabilities (0.2185ms)
✔ model probe Chat stream correlates fragments and requires done plus terminal reason (0.106667ms)
✔ model probe pinned DNS socket lookup honors Node all-address contract without new DNS (0.048709ms)
✔ FIX1 R4 SSE accepts LF CRLF CR mixed endings and BOM but retains raw bound and final blank frame (1.155625ms)
✔ FIX1 R5 Responses correlates multi-fragment tool and text with lifecycle metadata and terminal body (0.363584ms)
✔ FIX1 R5 Responses rejects orphan duplicate conflicting and terminal-failure sequences (1.309625ms)
✔ FIX1 R6 broker transport prober preserves closed protocol/size/SSRF outcomes and redacts unknown errors (12.798959ms)
{"type":"task2-owned-resource","action":"create","root":"/private/var/folders/6r/7l8l6ytd2fgf91ccj55m73wm0000gn/T/crew-task2-model-reporter-UXuqFT","dev":16777229,"ino":63819738,"uid":501}
{"type":"task2-owned-resource","action":"removed","root":"/private/var/folders/6r/7l8l6ytd2fgf91ccj55m73wm0000gn/T/crew-task2-model-reporter-UXuqFT","dev":16777229,"ino":63819738,"uid":501}
✔ model reporter gets current desired before reconnect and restart replays exact shared sequence (247.470167ms)
{"type":"task2-owned-resource","action":"create","root":"/private/var/folders/6r/7l8l6ytd2fgf91ccj55m73wm0000gn/T/crew-task2-fix1-reporter-race-M9088g","dev":16777229,"ino":63819780,"uid":501}
{"type":"task2-owned-resource","action":"removed","root":"/private/var/folders/6r/7l8l6ytd2fgf91ccj55m73wm0000gn/T/crew-task2-fix1-reporter-race-M9088g","dev":16777229,"ino":63819780,"uid":501}
✔ FIX1 R3 overlapping collections keep immutable config and boot instead of relabelling stale observations (240.032ms)
ℹ tests 24
ℹ suites 0
ℹ pass 24
ℹ fail 0
ℹ cancelled 0
ℹ skipped 0
ℹ todo 0
ℹ duration_ms 672.950083
